........................................................................ [ 10%]
...................FF..F................................................ [ 21%]
........................................................................ [ 32%]
........................................................................ [ 42%]
........................................................................ [ 53%]
......................FFF............................................... [ 64%]
........................................................................ [ 74%]
........................................................................ [ 85%]
........................................................................ [ 96%]
..........................                                               [100%]
=================================== FAILURES ===================================
___ test_saved_cfr_lists_keep_siblings_and_roman_children[baggage-expected0] ___

sample = 'baggage', expected = {1: None, 2: 1, 3: 1, 4: 1, ...}

    @pytest.mark.parametrize('sample,expected', [
        ('baggage', {1: None, 2: 1, 3: 1, 4: 1, 5: None, 6: 5, 7: 5, 8: 5,
                     9: None, 10: 9, 11: 9, 12: 11, 13: 11, 14: 11, 15: 11,
                     16: 9, 17: None}),
        ('leave', {1: None, 2: 1, 3: 1, 4: 1, 5: None, 6: 5, 7: 5,
                   8: 7, 9: 7, 10: 5, 11: 5}),
    ])
    def test_saved_cfr_lists_keep_siblings_and_roman_children(sample, expected):
        root = Path(__file__).resolve().parents[3]
        doc = json.loads((root / 'examples/document_understanding/composed-extraction-experiment' /
>                         (sample + '.json')).read_text())
                                              ^^^^^^^^^^^

tests/test_context.py:81: 
_ _ _ _ _ _ _ _ _ _ _ _ _ _ _ _ _ _ _ _ _ _ _ _ _ _ _ _ _ _ _ _ _ _ _ _ _ _ _ _ 
/Users/mikewolfd/.local/share/uv/python/cpython-3.12.13-macos-aarch64-none/lib/python3.12/pathlib.py:1027: in read_text
    with self.open(mode='r', encoding=encoding, errors=errors) as f:
         ^^^^^^^^^^^^^^^^^^^^^^^^^^^^^^^^^^^^^^^^^^^^^^^^^^^^^
_ _ _ _ _ _ _ _ _ _ _ _ _ _ _ _ _ _ _ _ _ _ _ _ _ _ _ _ _ _ _ _ _ _ _ _ _ _ _ _ 

self = PosixPath('/private/var/folders/g8/10vdwk2n07z85vqn_vlv2lfc0000gn/examples/document_understanding/composed-extraction-experiment/baggage.json')
mode = 'r', buffering = -1, encoding = 'locale', errors = None, newline = None

    def open(self, mode='r', buffering=-1, encoding=None,
             errors=None, newline=None):
        """
        Open the file pointed to by this path and return a file object, as
        the built-in open() function does.
        """
        if "b" not in mode:
            encoding = io.text_encoding(encoding)
>       return io.open(self, mode, buffering, encoding, errors, newline)
               ^^^^^^^^^^^^^^^^^^^^^^^^^^^^^^^^^^^^^^^^^^^^^^^^^^^^^^^^^
E       FileNotFoundError: [Errno 2] No such file or directory: '/private/var/folders/g8/10vdwk2n07z85vqn_vlv2lfc0000gn/examples/document_understanding/composed-extraction-experiment/baggage.json'

/Users/mikewolfd/.local/share/uv/python/cpython-3.12.13-macos-aarch64-none/lib/python3.12/pathlib.py:1013: FileNotFoundError
____ test_saved_cfr_lists_keep_siblings_and_roman_children[leave-expected1] ____

sample = 'leave', expected = {1: None, 2: 1, 3: 1, 4: 1, ...}

    @pytest.mark.parametrize('sample,expected', [
        ('baggage', {1: None, 2: 1, 3: 1, 4: 1, 5: None, 6: 5, 7: 5, 8: 5,
                     9: None, 10: 9, 11: 9, 12: 11, 13: 11, 14: 11, 15: 11,
                     16: 9, 17: None}),
        ('leave', {1: None, 2: 1, 3: 1, 4: 1, 5: None, 6: 5, 7: 5,
                   8: 7, 9: 7, 10: 5, 11: 5}),
    ])
    def test_saved_cfr_lists_keep_siblings_and_roman_children(sample, expected):
        root = Path(__file__).resolve().parents[3]
        doc = json.loads((root / 'examples/document_understanding/composed-extraction-experiment' /
>                         (sample + '.json')).read_text())
                                              ^^^^^^^^^^^

tests/test_context.py:81: 
_ _ _ _ _ _ _ _ _ _ _ _ _ _ _ _ _ _ _ _ _ _ _ _ _ _ _ _ _ _ _ _ _ _ _ _ _ _ _ _ 
/Users/mikewolfd/.local/share/uv/python/cpython-3.12.13-macos-aarch64-none/lib/python3.12/pathlib.py:1027: in read_text
    with self.open(mode='r', encoding=encoding, errors=errors) as f:
         ^^^^^^^^^^^^^^^^^^^^^^^^^^^^^^^^^^^^^^^^^^^^^^^^^^^^^
_ _ _ _ _ _ _ _ _ _ _ _ _ _ _ _ _ _ _ _ _ _ _ _ _ _ _ _ _ _ _ _ _ _ _ _ _ _ _ _ 

self = PosixPath('/private/var/folders/g8/10vdwk2n07z85vqn_vlv2lfc0000gn/examples/document_understanding/composed-extraction-experiment/leave.json')
mode = 'r', buffering = -1, encoding = 'locale', errors = None, newline = None

    def open(self, mode='r', buffering=-1, encoding=None,
             errors=None, newline=None):
        """
        Open the file pointed to by this path and return a file object, as
        the built-in open() function does.
        """
        if "b" not in mode:
            encoding = io.text_encoding(encoding)
>       return io.open(self, mode, buffering, encoding, errors, newline)
               ^^^^^^^^^^^^^^^^^^^^^^^^^^^^^^^^^^^^^^^^^^^^^^^^^^^^^^^^^
E       FileNotFoundError: [Errno 2] No such file or directory: '/private/var/folders/g8/10vdwk2n07z85vqn_vlv2lfc0000gn/examples/document_understanding/composed-extraction-experiment/leave.json'

/Users/mikewolfd/.local/share/uv/python/cpython-3.12.13-macos-aarch64-none/lib/python3.12/pathlib.py:1013: FileNotFoundError
______ test_fitting_cfr_group_moves_to_next_window_without_extra_requests ______

    def test_fitting_cfr_group_moves_to_next_window_without_extra_requests():
        root = Path(__file__).resolve().parents[3]
>       doc = json.loads((root / 'examples/document_understanding/composed-extraction-experiment/baggage.json').read_text())
                         ^^^^^^^^^^^^^^^^^^^^^^^^^^^^^^^^^^^^^^^^^^^^^^^^^^^^^^^^^^^^^^^^^^^^^^^^^^^^^^^^^^^^^^^^^^^^^^^^^^

tests/test_context.py:117: 
_ _ _ _ _ _ _ _ _ _ _ _ _ _ _ _ _ _ _ _ _ _ _ _ _ _ _ _ _ _ _ _ _ _ _ _ _ _ _ _ 
/Users/mikewolfd/.local/share/uv/python/cpython-3.12.13-macos-aarch64-none/lib/python3.12/pathlib.py:1027: in read_text
    with self.open(mode='r', encoding=encoding, errors=errors) as f:
         ^^^^^^^^^^^^^^^^^^^^^^^^^^^^^^^^^^^^^^^^^^^^^^^^^^^^^
_ _ _ _ _ _ _ _ _ _ _ _ _ _ _ _ _ _ _ _ _ _ _ _ _ _ _ _ _ _ _ _ _ _ _ _ _ _ _ _ 

self = PosixPath('/private/var/folders/g8/10vdwk2n07z85vqn_vlv2lfc0000gn/examples/document_understanding/composed-extraction-experiment/baggage.json')
mode = 'r', buffering = -1, encoding = 'locale', errors = None, newline = None

    def open(self, mode='r', buffering=-1, encoding=None,
             errors=None, newline=None):
        """
        Open the file pointed to by this path and return a file object, as
        the built-in open() function does.
        """
        if "b" not in mode:
            encoding = io.text_encoding(encoding)
>       return io.open(self, mode, buffering, encoding, errors, newline)
               ^^^^^^^^^^^^^^^^^^^^^^^^^^^^^^^^^^^^^^^^^^^^^^^^^^^^^^^^^
E       FileNotFoundError: [Errno 2] No such file or directory: '/private/var/folders/g8/10vdwk2n07z85vqn_vlv2lfc0000gn/examples/document_understanding/composed-extraction-experiment/baggage.json'

/Users/mikewolfd/.local/share/uv/python/cpython-3.12.13-macos-aarch64-none/lib/python3.12/pathlib.py:1013: FileNotFoundError
_____ test_saved_good_statements_survive_bad_optional_enrichment[names-7] ______

sample = 'names', index = 7

    @pytest.mark.parametrize('sample,index', [('names', 7), ('leave', 0), ('leave', 3)])
    def test_saved_good_statements_survive_bad_optional_enrichment(sample, index):
        # Diagnostic selection of the same model's meanings, not a legacy runtime adapter.
        saved = Path(__file__).resolve().parents[3] / 'examples/document_understanding/composed-extraction-experiment'
>       doc = e._load(saved / f'{sample}.json')
              ^^^^^^^^^^^^^^^^^^^^^^^^^^^^^^^^^

tests/test_meaning_first.py:59: 
_ _ _ _ _ _ _ _ _ _ _ _ _ _ _ _ _ _ _ _ _ _ _ _ _ _ _ _ _ _ _ _ _ _ _ _ _ _ _ _ 
/var/folders/g8/10vdwk2n07z85vqn_vlv2lfc0000gn/T/rulespec-context-wheel-ijis9lww/site/rulespec_extrapolator/extraction.py:199: in _load
    return json.loads(path.read_text(encoding="utf-8"))
                      ^^^^^^^^^^^^^^^^^^^^^^^^^^^^^^^^
/Users/mikewolfd/.local/share/uv/python/cpython-3.12.13-macos-aarch64-none/lib/python3.12/pathlib.py:1027: in read_text
    with self.open(mode='r', encoding=encoding, errors=errors) as f:
         ^^^^^^^^^^^^^^^^^^^^^^^^^^^^^^^^^^^^^^^^^^^^^^^^^^^^^
_ _ _ _ _ _ _ _ _ _ _ _ _ _ _ _ _ _ _ _ _ _ _ _ _ _ _ _ _ _ _ _ _ _ _ _ _ _ _ _ 

self = PosixPath('/private/var/folders/g8/10vdwk2n07z85vqn_vlv2lfc0000gn/examples/document_understanding/composed-extraction-experiment/names.json')
mode = 'r', buffering = -1, encoding = 'utf-8', errors = None, newline = None

    def open(self, mode='r', buffering=-1, encoding=None,
             errors=None, newline=None):
        """
        Open the file pointed to by this path and return a file object, as
        the built-in open() function does.
        """
        if "b" not in mode:
            encoding = io.text_encoding(encoding)
>       return io.open(self, mode, buffering, encoding, errors, newline)
               ^^^^^^^^^^^^^^^^^^^^^^^^^^^^^^^^^^^^^^^^^^^^^^^^^^^^^^^^^
E       FileNotFoundError: [Errno 2] No such file or directory: '/private/var/folders/g8/10vdwk2n07z85vqn_vlv2lfc0000gn/examples/document_understanding/composed-extraction-experiment/names.json'

/Users/mikewolfd/.local/share/uv/python/cpython-3.12.13-macos-aarch64-none/lib/python3.12/pathlib.py:1013: FileNotFoundError
_____ test_saved_good_statements_survive_bad_optional_enrichment[leave-0] ______

sample = 'leave', index = 0

    @pytest.mark.parametrize('sample,index', [('names', 7), ('leave', 0), ('leave', 3)])
    def test_saved_good_statements_survive_bad_optional_enrichment(sample, index):
        # Diagnostic selection of the same model's meanings, not a legacy runtime adapter.
        saved = Path(__file__).resolve().parents[3] / 'examples/document_understanding/composed-extraction-experiment'
>       doc = e._load(saved / f'{sample}.json')
              ^^^^^^^^^^^^^^^^^^^^^^^^^^^^^^^^^

tests/test_meaning_first.py:59: 
_ _ _ _ _ _ _ _ _ _ _ _ _ _ _ _ _ _ _ _ _ _ _ _ _ _ _ _ _ _ _ _ _ _ _ _ _ _ _ _ 
/var/folders/g8/10vdwk2n07z85vqn_vlv2lfc0000gn/T/rulespec-context-wheel-ijis9lww/site/rulespec_extrapolator/extraction.py:199: in _load
    return json.loads(path.read_text(encoding="utf-8"))
                      ^^^^^^^^^^^^^^^^^^^^^^^^^^^^^^^^
/Users/mikewolfd/.local/share/uv/python/cpython-3.12.13-macos-aarch64-none/lib/python3.12/pathlib.py:1027: in read_text
    with self.open(mode='r', encoding=encoding, errors=errors) as f:
         ^^^^^^^^^^^^^^^^^^^^^^^^^^^^^^^^^^^^^^^^^^^^^^^^^^^^^
_ _ _ _ _ _ _ _ _ _ _ _ _ _ _ _ _ _ _ _ _ _ _ _ _ _ _ _ _ _ _ _ _ _ _ _ _ _ _ _ 

self = PosixPath('/private/var/folders/g8/10vdwk2n07z85vqn_vlv2lfc0000gn/examples/document_understanding/composed-extraction-experiment/leave.json')
mode = 'r', buffering = -1, encoding = 'utf-8', errors = None, newline = None

    def open(self, mode='r', buffering=-1, encoding=None,
             errors=None, newline=None):
        """
        Open the file pointed to by this path and return a file object, as
        the built-in open() function does.
        """
        if "b" not in mode:
            encoding = io.text_encoding(encoding)
>       return io.open(self, mode, buffering, encoding, errors, newline)
               ^^^^^^^^^^^^^^^^^^^^^^^^^^^^^^^^^^^^^^^^^^^^^^^^^^^^^^^^^
E       FileNotFoundError: [Errno 2] No such file or directory: '/private/var/folders/g8/10vdwk2n07z85vqn_vlv2lfc0000gn/examples/document_understanding/composed-extraction-experiment/leave.json'

/Users/mikewolfd/.local/share/uv/python/cpython-3.12.13-macos-aarch64-none/lib/python3.12/pathlib.py:1013: FileNotFoundError
_____ test_saved_good_statements_survive_bad_optional_enrichment[leave-3] ______

sample = 'leave', index = 3

    @pytest.mark.parametrize('sample,index', [('names', 7), ('leave', 0), ('leave', 3)])
    def test_saved_good_statements_survive_bad_optional_enrichment(sample, index):
        # Diagnostic selection of the same model's meanings, not a legacy runtime adapter.
        saved = Path(__file__).resolve().parents[3] / 'examples/document_understanding/composed-extraction-experiment'
>       doc = e._load(saved / f'{sample}.json')
              ^^^^^^^^^^^^^^^^^^^^^^^^^^^^^^^^^

tests/test_meaning_first.py:59: 
_ _ _ _ _ _ _ _ _ _ _ _ _ _ _ _ _ _ _ _ _ _ _ _ _ _ _ _ _ _ _ _ _ _ _ _ _ _ _ _ 
/var/folders/g8/10vdwk2n07z85vqn_vlv2lfc0000gn/T/rulespec-context-wheel-ijis9lww/site/rulespec_extrapolator/extraction.py:199: in _load
    return json.loads(path.read_text(encoding="utf-8"))
                      ^^^^^^^^^^^^^^^^^^^^^^^^^^^^^^^^
/Users/mikewolfd/.local/share/uv/python/cpython-3.12.13-macos-aarch64-none/lib/python3.12/pathlib.py:1027: in read_text
    with self.open(mode='r', encoding=encoding, errors=errors) as f:
         ^^^^^^^^^^^^^^^^^^^^^^^^^^^^^^^^^^^^^^^^^^^^^^^^^^^^^
_ _ _ _ _ _ _ _ _ _ _ _ _ _ _ _ _ _ _ _ _ _ _ _ _ _ _ _ _ _ _ _ _ _ _ _ _ _ _ _ 

self = PosixPath('/private/var/folders/g8/10vdwk2n07z85vqn_vlv2lfc0000gn/examples/document_understanding/composed-extraction-experiment/leave.json')
mode = 'r', buffering = -1, encoding = 'utf-8', errors = None, newline = None

    def open(self, mode='r', buffering=-1, encoding=None,
             errors=None, newline=None):
        """
        Open the file pointed to by this path and return a file object, as
        the built-in open() function does.
        """
        if "b" not in mode:
            encoding = io.text_encoding(encoding)
>       return io.open(self, mode, buffering, encoding, errors, newline)
               ^^^^^^^^^^^^^^^^^^^^^^^^^^^^^^^^^^^^^^^^^^^^^^^^^^^^^^^^^
E       FileNotFoundError: [Errno 2] No such file or directory: '/private/var/folders/g8/10vdwk2n07z85vqn_vlv2lfc0000gn/examples/document_understanding/composed-extraction-experiment/leave.json'

/Users/mikewolfd/.local/share/uv/python/cpython-3.12.13-macos-aarch64-none/lib/python3.12/pathlib.py:1013: FileNotFoundError
=============================== warnings summary ===============================
tests/test_audit.py: 27 warnings
tests/test_compound_evidence.py: 8 warnings
tests/test_core.py: 10 warnings
tests/test_enrichment.py: 45 warnings
tests/test_exemption_links.py: 4 warnings
tests/test_extraction.py: 80 warnings
tests/test_meaning.py: 5 warnings
tests/test_reference_feedback.py: 1 warning
tests/test_reference_sources.py: 1 warning
tests/test_refinement.py: 42 warnings
tests/test_review_http.py: 2 warnings
tests/test_review_reprocessing.py: 6 warnings
tests/test_review_store.py: 2 warnings
tests/test_runtime_readers.py: 14 warnings
tests/test_terms.py: 4 warnings
tests/test_uslm.py: 1 warning
  /Users/mikewolfd/Work/rulespec/.tools/document-poc-venv/lib/python3.12/site-packages/rdflib/plugins/parsers/jsonld.py:159: DeprecationWarning: ConjunctiveGraph is deprecated, use Dataset instead.
    conj_sink = ConjunctiveGraph(store=sink.store, identifier=sink.identifier)

tests/test_audit.py::test_missing_alternative_is_visible_despite_complete_processing_and_exact_quote[settings0]
  /Users/mikewolfd/Work/rulespec/.tools/document-poc-venv/lib/python3.12/site-packages/rdflib/plugins/sparql/parser.py:173: PyparsingDeprecationWarning: 'setParseAction' deprecated - use 'set_parse_action'
    IRIREF.setParseAction(lambda x: rdflib.URIRef(x[0]))

tests/test_audit.py: 206 warnings
  /Users/mikewolfd/Work/rulespec/.tools/document-poc-venv/lib/python3.12/site-packages/rdflib/plugins/sparql/parserutils.py:129: PyparsingDeprecationWarning: 'setName' deprecated - use 'set_name'
    self.setName(name)

tests/test_audit.py: 206 warnings
  /Users/mikewolfd/Work/rulespec/.tools/document-poc-venv/lib/python3.12/site-packages/rdflib/plugins/sparql/parserutils.py:130: PyparsingDeprecationWarning: 'addParseAction' deprecated - use 'add_parse_action'
    self.addParseAction(self.postParse2)

tests/test_audit.py::test_missing_alternative_is_visible_despite_complete_processing_and_exact_quote[settings0]
  /Users/mikewolfd/Work/rulespec/.tools/document-poc-venv/lib/python3.12/site-packages/rdflib/plugins/sparql/parser.py:212: PyparsingDeprecationWarning: 'leaveWhitespace' deprecated - use 'leave_whitespace'
    PNAME_NS = Optional(Param("prefix", PN_PREFIX)) + Suppress(":").leaveWhitespace()

tests/test_audit.py::test_missing_alternative_is_visible_despite_complete_processing_and_exact_quote[settings0]
  /Users/mikewolfd/Work/rulespec/.tools/document-poc-venv/lib/python3.12/site-packages/rdflib/plugins/sparql/parser.py:245: PyparsingDeprecationWarning: 'leaveWhitespace' deprecated - use 'leave_whitespace'
    PNAME_LN = PNAME_NS + Param("localname", PN_LOCAL.leaveWhitespace())

tests/test_audit.py::test_missing_alternative_is_visible_despite_complete_processing_and_exact_quote[settings0]
  /Users/mikewolfd/Work/rulespec/.tools/document-poc-venv/lib/python3.12/site-packages/rdflib/plugins/sparql/parser.py:252: PyparsingDeprecationWarning: 'setParseAction' deprecated - use 'set_parse_action'
    BLANK_NODE_LABEL.setParseAction(lambda x: rdflib.BNode(x[0][2:]))

tests/test_audit.py::test_missing_alternative_is_visible_despite_complete_processing_and_exact_quote[settings0]
  /Users/mikewolfd/Work/rulespec/.tools/document-poc-venv/lib/python3.12/site-packages/rdflib/plugins/sparql/parser.py:273: PyparsingDeprecationWarning: 'setParseAction' deprecated - use 'set_parse_action'
    INTEGER.setParseAction(lambda x: rdflib.Literal(x[0], datatype=rdflib.XSD.integer))

tests/test_audit.py::test_missing_alternative_is_visible_despite_complete_processing_and_exact_quote[settings0]
  /Users/mikewolfd/Work/rulespec/.tools/document-poc-venv/lib/python3.12/site-packages/rdflib/plugins/sparql/parser.py:281: PyparsingDeprecationWarning: 'setParseAction' deprecated - use 'set_parse_action'
    DECIMAL.setParseAction(lambda x: rdflib.Literal(x[0], datatype=rdflib.XSD.decimal))

tests/test_audit.py::test_missing_alternative_is_visible_despite_complete_processing_and_exact_quote[settings0]
  /Users/mikewolfd/Work/rulespec/.tools/document-poc-venv/lib/python3.12/site-packages/rdflib/plugins/sparql/parser.py:286: PyparsingDeprecationWarning: 'setParseAction' deprecated - use 'set_parse_action'
    DOUBLE.setParseAction(lambda x: rdflib.Literal(x[0], datatype=rdflib.XSD.double))

tests/test_audit.py::test_missing_alternative_is_visible_despite_complete_processing_and_exact_quote[settings0]
  /Users/mikewolfd/Work/rulespec/.tools/document-poc-venv/lib/python3.12/site-packages/rdflib/plugins/sparql/parser.py:290: PyparsingDeprecationWarning: 'leaveWhitespace' deprecated - use 'leave_whitespace'
    INTEGER_POSITIVE = Suppress("+") + INTEGER.copy().leaveWhitespace()

tests/test_audit.py::test_missing_alternative_is_visible_despite_complete_processing_and_exact_quote[settings0]
  /Users/mikewolfd/Work/rulespec/.tools/document-poc-venv/lib/python3.12/site-packages/rdflib/plugins/sparql/parser.py:291: PyparsingDeprecationWarning: 'setParseAction' deprecated - use 'set_parse_action'
    INTEGER_POSITIVE.setParseAction(

tests/test_audit.py::test_missing_alternative_is_visible_despite_complete_processing_and_exact_quote[settings0]
  /Users/mikewolfd/Work/rulespec/.tools/document-poc-venv/lib/python3.12/site-packages/rdflib/plugins/sparql/parser.py:296: PyparsingDeprecationWarning: 'leaveWhitespace' deprecated - use 'leave_whitespace'
    DECIMAL_POSITIVE = Suppress("+") + DECIMAL.copy().leaveWhitespace()

tests/test_audit.py::test_missing_alternative_is_visible_despite_complete_processing_and_exact_quote[settings0]
  /Users/mikewolfd/Work/rulespec/.tools/document-poc-venv/lib/python3.12/site-packages/rdflib/plugins/sparql/parser.py:299: PyparsingDeprecationWarning: 'leaveWhitespace' deprecated - use 'leave_whitespace'
    DOUBLE_POSITIVE = Suppress("+") + DOUBLE.copy().leaveWhitespace()

tests/test_audit.py::test_missing_alternative_is_visible_despite_complete_processing_and_exact_quote[settings0]
  /Users/mikewolfd/Work/rulespec/.tools/document-poc-venv/lib/python3.12/site-packages/rdflib/plugins/sparql/parser.py:302: PyparsingDeprecationWarning: 'leaveWhitespace' deprecated - use 'leave_whitespace'
    INTEGER_NEGATIVE = Suppress("-") + INTEGER.copy().leaveWhitespace()

tests/test_audit.py::test_missing_alternative_is_visible_despite_complete_processing_and_exact_quote[settings0]
  /Users/mikewolfd/Work/rulespec/.tools/document-poc-venv/lib/python3.12/site-packages/rdflib/plugins/sparql/parser.py:303: PyparsingDeprecationWarning: 'setParseAction' deprecated - use 'set_parse_action'
    INTEGER_NEGATIVE.setParseAction(lambda x: neg(x[0]))

tests/test_audit.py::test_missing_alternative_is_visible_despite_complete_processing_and_exact_quote[settings0]
  /Users/mikewolfd/Work/rulespec/.tools/document-poc-venv/lib/python3.12/site-packages/rdflib/plugins/sparql/parser.py:306: PyparsingDeprecationWarning: 'leaveWhitespace' deprecated - use 'leave_whitespace'
    DECIMAL_NEGATIVE = Suppress("-") + DECIMAL.copy().leaveWhitespace()

tests/test_audit.py::test_missing_alternative_is_visible_despite_complete_processing_and_exact_quote[settings0]
  /Users/mikewolfd/Work/rulespec/.tools/document-poc-venv/lib/python3.12/site-packages/rdflib/plugins/sparql/parser.py:307: PyparsingDeprecationWarning: 'setParseAction' deprecated - use 'set_parse_action'
    DECIMAL_NEGATIVE.setParseAction(lambda x: neg(x[0]))

tests/test_audit.py::test_missing_alternative_is_visible_despite_complete_processing_and_exact_quote[settings0]
  /Users/mikewolfd/Work/rulespec/.tools/document-poc-venv/lib/python3.12/site-packages/rdflib/plugins/sparql/parser.py:310: PyparsingDeprecationWarning: 'leaveWhitespace' deprecated - use 'leave_whitespace'
    DOUBLE_NEGATIVE = Suppress("-") + DOUBLE.copy().leaveWhitespace()

tests/test_audit.py::test_missing_alternative_is_visible_despite_complete_processing_and_exact_quote[settings0]
  /Users/mikewolfd/Work/rulespec/.tools/document-poc-venv/lib/python3.12/site-packages/rdflib/plugins/sparql/parser.py:311: PyparsingDeprecationWarning: 'setParseAction' deprecated - use 'set_parse_action'
    DOUBLE_NEGATIVE.setParseAction(lambda x: neg(x[0]))

tests/test_audit.py::test_missing_alternative_is_visible_despite_complete_processing_and_exact_quote[settings0]
  /Users/mikewolfd/Work/rulespec/.tools/document-poc-venv/lib/python3.12/site-packages/rdflib/plugins/sparql/parser.py:321: PyparsingDeprecationWarning: 'setParseAction' deprecated - use 'set_parse_action'
    STRING_LITERAL_LONG1.setParseAction(

tests/test_audit.py::test_missing_alternative_is_visible_despite_complete_processing_and_exact_quote[settings0]
  /Users/mikewolfd/Work/rulespec/.tools/document-poc-venv/lib/python3.12/site-packages/rdflib/plugins/sparql/parser.py:329: PyparsingDeprecationWarning: 'setParseAction' deprecated - use 'set_parse_action'
    STRING_LITERAL_LONG2.setParseAction(

tests/test_audit.py::test_missing_alternative_is_visible_despite_complete_processing_and_exact_quote[settings0]
  /Users/mikewolfd/Work/rulespec/.tools/document-poc-venv/lib/python3.12/site-packages/rdflib/plugins/sparql/parser.py:338: PyparsingDeprecationWarning: 'setParseAction' deprecated - use 'set_parse_action'
    STRING_LITERAL1.setParseAction(

tests/test_audit.py::test_missing_alternative_is_visible_despite_complete_processing_and_exact_quote[settings0]
  /Users/mikewolfd/Work/rulespec/.tools/document-poc-venv/lib/python3.12/site-packages/rdflib/plugins/sparql/parser.py:347: PyparsingDeprecationWarning: 'setParseAction' deprecated - use 'set_parse_action'
    STRING_LITERAL2.setParseAction(

tests/test_audit.py::test_missing_alternative_is_visible_despite_complete_processing_and_exact_quote[settings0]
  /Users/mikewolfd/Work/rulespec/.tools/document-poc-venv/lib/python3.12/site-packages/rdflib/plugins/sparql/parser.py:353: PyparsingDeprecationWarning: 'setParseAction' deprecated - use 'set_parse_action'
    NIL.setParseAction(lambda x: rdflib.RDF.nil)

tests/test_audit.py::test_missing_alternative_is_visible_despite_complete_processing_and_exact_quote[settings0]
  /Users/mikewolfd/Work/rulespec/.tools/document-poc-venv/lib/python3.12/site-packages/rdflib/plugins/sparql/parser.py:360: PyparsingDeprecationWarning: 'setParseAction' deprecated - use 'set_parse_action'
    ANON.setParseAction(lambda x: rdflib.BNode())

tests/test_audit.py::test_missing_alternative_is_visible_despite_complete_processing_and_exact_quote[settings0]
  /Users/mikewolfd/Work/rulespec/.tools/document-poc-venv/lib/python3.12/site-packages/rdflib/plugins/sparql/parser.py:364: PyparsingDeprecationWarning: 'setParseAction' deprecated - use 'set_parse_action'
    A.setParseAction(lambda x: rdflib.RDF.type)

tests/test_audit.py: 126 warnings
  /Users/mikewolfd/Work/rulespec/.tools/document-poc-venv/lib/python3.12/site-packages/rdflib/plugins/sparql/parserutils.py:239: PyparsingDeprecationWarning: 'setName' deprecated - use 'set_name'
    self.setName(name)

tests/test_audit.py::test_missing_alternative_is_visible_despite_complete_processing_and_exact_quote[settings0]
  /Users/mikewolfd/Work/rulespec/.tools/document-poc-venv/lib/python3.12/site-packages/rdflib/plugins/sparql/parser.py:380: PyparsingDeprecationWarning: 'setParseAction' deprecated - use 'set_parse_action'
    Var.setParseAction(lambda x: rdflib.term.Variable(x[0]))

tests/test_audit.py::test_missing_alternative_is_visible_despite_complete_processing_and_exact_quote[settings0]
  /Users/mikewolfd/Work/rulespec/.tools/document-poc-venv/lib/python3.12/site-packages/rdflib/plugins/sparql/parser.py:397: PyparsingDeprecationWarning: 'leaveWhitespace' deprecated - use 'leave_whitespace'
    Param("lang", LANGTAG.leaveWhitespace())

tests/test_audit.py::test_missing_alternative_is_visible_despite_complete_processing_and_exact_quote[settings0]
tests/test_audit.py::test_missing_alternative_is_visible_despite_complete_processing_and_exact_quote[settings0]
  /Users/mikewolfd/Work/rulespec/.tools/document-poc-venv/lib/python3.12/site-packages/rdflib/plugins/sparql/parser.py:398: PyparsingDeprecationWarning: 'leaveWhitespace' deprecated - use 'leave_whitespace'
    | Literal("^^").leaveWhitespace() + Param("datatype", iri).leaveWhitespace()

tests/test_audit.py::test_missing_alternative_is_visible_despite_complete_processing_and_exact_quote[settings0]
  /Users/mikewolfd/Work/rulespec/.tools/document-poc-venv/lib/python3.12/site-packages/rdflib/plugins/sparql/parser.py:417: PyparsingDeprecationWarning: 'setParseAction' deprecated - use 'set_parse_action'
    BooleanLiteral = Keyword("true").setParseAction(lambda: rdflib.Literal(True)) | Keyword(

tests/test_audit.py::test_missing_alternative_is_visible_despite_complete_processing_and_exact_quote[settings0]
  /Users/mikewolfd/Work/rulespec/.tools/document-poc-venv/lib/python3.12/site-packages/rdflib/plugins/sparql/parser.py:419: PyparsingDeprecationWarning: 'setParseAction' deprecated - use 'set_parse_action'
    ).setParseAction(lambda: rdflib.Literal(False))

tests/test_audit.py::test_missing_alternative_is_visible_despite_complete_processing_and_exact_quote[settings0]
  /Users/mikewolfd/Work/rulespec/.tools/document-poc-venv/lib/python3.12/site-packages/rdflib/plugins/sparql/parser.py:505: PyparsingDeprecationWarning: 'leaveWhitespace' deprecated - use 'leave_whitespace'
    Param("part", PathPrimary) + Optional(Param("mod", PathMod.leaveWhitespace())),

tests/test_audit.py::test_missing_alternative_is_visible_despite_complete_processing_and_exact_quote[settings0]
  /Users/mikewolfd/Work/rulespec/.tools/document-poc-venv/lib/python3.12/site-packages/rdflib/plugins/sparql/parser.py:545: PyparsingDeprecationWarning: 'setParseAction' deprecated - use 'set_parse_action'
    Collection.setParseAction(expandCollection)

tests/test_audit.py::test_missing_alternative_is_visible_despite_complete_processing_and_exact_quote[settings0]
  /Users/mikewolfd/Work/rulespec/.tools/document-poc-venv/lib/python3.12/site-packages/rdflib/plugins/sparql/parser.py:549: PyparsingDeprecationWarning: 'setParseAction' deprecated - use 'set_parse_action'
    CollectionPath.setParseAction(expandCollection)

tests/test_audit.py::test_missing_alternative_is_visible_despite_complete_processing_and_exact_quote[settings0]
  /Users/mikewolfd/Work/rulespec/.tools/document-poc-venv/lib/python3.12/site-packages/rdflib/plugins/sparql/parser.py:576: PyparsingDeprecationWarning: 'setParseAction' deprecated - use 'set_parse_action'
    BlankNodePropertyList.setParseAction(expandBNodeTriples)

tests/test_audit.py::test_missing_alternative_is_visible_despite_complete_processing_and_exact_quote[settings0]
  /Users/mikewolfd/Work/rulespec/.tools/document-poc-venv/lib/python3.12/site-packages/rdflib/plugins/sparql/parser.py:582: PyparsingDeprecationWarning: 'setParseAction' deprecated - use 'set_parse_action'
    BlankNodePropertyListPath.setParseAction(expandBNodeTriples)

tests/test_audit.py::test_missing_alternative_is_visible_despite_complete_processing_and_exact_quote[settings0]
  /Users/mikewolfd/Work/rulespec/.tools/document-poc-venv/lib/python3.12/site-packages/rdflib/plugins/sparql/parser.py:592: PyparsingDeprecationWarning: 'setParseAction' deprecated - use 'set_parse_action'
    TriplesSameSubject.setParseAction(expandTriples)

tests/test_audit.py::test_missing_alternative_is_visible_despite_complete_processing_and_exact_quote[settings0]
  /Users/mikewolfd/Work/rulespec/.tools/document-poc-venv/lib/python3.12/site-packages/rdflib/plugins/sparql/parser.py:632: PyparsingDeprecationWarning: 'setParseAction' deprecated - use 'set_parse_action'
    TriplesSameSubjectPath.setParseAction(expandTriples)

tests/test_audit.py::test_missing_alternative_is_visible_despite_complete_processing_and_exact_quote[settings0]
  /Users/mikewolfd/Work/rulespec/.tools/document-poc-venv/lib/python3.12/site-packages/rdflib/plugins/sparql/parser.py:657: PyparsingDeprecationWarning: 'delimitedList' deprecated - use 'DelimitedList'
    ExpressionList = NIL | Group(Suppress("(") + delimitedList(Expression) + Suppress(")"))

tests/test_audit.py::test_missing_alternative_is_visible_despite_complete_processing_and_exact_quote[settings0]
  /Users/mikewolfd/Work/rulespec/.tools/document-poc-venv/lib/python3.12/site-packages/rdflib/plugins/sparql/parser.py:1018: PyparsingDeprecationWarning: 'delimitedList' deprecated - use 'DelimitedList'
    + delimitedList(ParamList("expr", Expression))

tests/test_audit.py: 364 warnings
tests/test_compound_evidence.py: 120 warnings
tests/test_core.py: 312 warnings
tests/test_enrichment.py: 735 warnings
tests/test_exemption_links.py: 56 warnings
tests/test_extraction.py: 936 warnings
tests/test_meaning.py: 342 warnings
tests/test_reference_sources.py: 6 warnings
tests/test_refinement.py: 450 warnings
tests/test_review_http.py: 28 warnings
tests/test_review_reprocessing.py: 143 warnings
tests/test_review_store.py: 230 warnings
tests/test_runtime_readers.py: 182 warnings
tests/test_terms.py: 77 warnings
tests/test_uslm.py: 76 warnings
  /Users/mikewolfd/Work/rulespec/.tools/document-poc-venv/lib/python3.12/site-packages/rdflib/plugins/sparql/parser.py:1553: PyparsingDeprecationWarning: 'parseString' deprecated - use 'parse_string'
    return Query.parseString(q, parseAll=True)

tests/test_audit.py: 364 warnings
tests/test_compound_evidence.py: 120 warnings
tests/test_core.py: 312 warnings
tests/test_enrichment.py: 735 warnings
tests/test_exemption_links.py: 56 warnings
tests/test_extraction.py: 936 warnings
tests/test_meaning.py: 342 warnings
tests/test_reference_sources.py: 6 warnings
tests/test_refinement.py: 450 warnings
tests/test_review_http.py: 28 warnings
tests/test_review_reprocessing.py: 143 warnings
tests/test_review_store.py: 230 warnings
tests/test_runtime_readers.py: 182 warnings
tests/test_terms.py: 77 warnings
tests/test_uslm.py: 76 warnings
  /Users/mikewolfd/Work/rulespec/.tools/document-poc-venv/lib/python3.12/site-packages/pyparsing/util.py:466: PyparsingDeprecationWarning: 'parseAll' argument is deprecated, use 'parse_all'
    return fn(self, *args, **kwargs)

tests/test_compound_evidence.py: 132 warnings
tests/test_enrichment.py: 970 warnings
  /Users/mikewolfd/Work/rulespec/.tools/document-poc-venv/lib/python3.12/site-packages/rdflib/graph.py:2205: DeprecationWarning: Dataset.default_context is deprecated, use Dataset.default_graph instead.
    c = self.default_context if default else None

tests/test_compound_evidence.py: 66 warnings
tests/test_enrichment.py: 485 warnings
  /Users/mikewolfd/Work/rulespec/.tools/document-poc-venv/lib/python3.12/site-packages/rdfcanon/main.py:170: DeprecationWarning: Dataset.default_context is deprecated, use Dataset.default_graph instead.
    if graph == self.dataset.default_context.identifier:

tests/test_compound_evidence.py: 66 warnings
tests/test_enrichment.py: 485 warnings
  /Users/mikewolfd/Work/rulespec/.tools/document-poc-venv/lib/python3.12/site-packages/rdflib/plugins/serializers/nquads.py:41: DeprecationWarning: Dataset.contexts is deprecated, use Dataset.graphs instead.
    for context in self.store.contexts():

-- Docs: https://docs.pytest.org/en/stable/how-to/capture-warnings.html
=========================== short test summary info ============================
FAILED tests/test_context.py::test_saved_cfr_lists_keep_siblings_and_roman_children[baggage-expected0]
FAILED tests/test_context.py::test_saved_cfr_lists_keep_siblings_and_roman_children[leave-expected1]
FAILED tests/test_context.py::test_fitting_cfr_group_moves_to_next_window_without_extra_requests
FAILED tests/test_meaning_first.py::test_saved_good_statements_survive_bad_optional_enrichment[names-7]
FAILED tests/test_meaning_first.py::test_saved_good_statements_survive_bad_optional_enrichment[leave-0]
FAILED tests/test_meaning_first.py::test_saved_good_statements_survive_bad_optional_enrichment[leave-3]
6 failed, 668 passed, 11147 warnings in 51.38s
