Using Python 3.12.13 environment at: /Users/mikewolfd/Work/rulespec/.tools/reference-feedback-20260911
Resolved 74 packages in 40ms
Prepared 1 package in 4ms
Uninstalled 1 package in 7ms
Installed 1 package in 2ms
 - rulespec-extrapolator==0.1.0.dev0 (from file:///Users/mikewolfd/Work/rulespec/dist/reference-feedback-20260911/rulespec_extrapolator-0.1.0.dev0-py3-none-any.whl)
 + rulespec-extrapolator==0.1.0.dev0 (from file:///Users/mikewolfd/Work/rulespec/dist/reference-feedback-20260911-delivery/rulespec_extrapolator-0.1.0.dev0-py3-none-any.whl)
Using Python 3.12.13 environment at: /Users/mikewolfd/Work/rulespec/.tools/reference-feedback-20260911
Checked 89 packages in 1ms
All installed packages are compatible
Using Python 3.12.13 environment at: /Users/mikewolfd/Work/rulespec/.tools/document-poc-venv
Resolved 74 packages in 19ms
Prepared 1 package in 0.09ms
Uninstalled 1 package in 6ms
Installed 1 package in 3ms
 - rulespec-extrapolator==0.1.0.dev0 (from file:///Users/mikewolfd/Work/rulespec/dist/reference-integration-20260911-ecfr/rulespec_extrapolator-0.1.0.dev0-py3-none-any.whl)
 + rulespec-extrapolator==0.1.0.dev0 (from file:///Users/mikewolfd/Work/rulespec/dist/reference-feedback-20260911-delivery/rulespec_extrapolator-0.1.0.dev0-py3-none-any.whl)
Using Python 3.12.13 environment at: /Users/mikewolfd/Work/rulespec/.tools/document-poc-venv
Checked 92 packages in 1ms
All installed packages are compatible
