{
  "mode": "isolated",
  "python": "/Users/mikewolfd/Work/rulespec/.tools/reference-integration-20260911-cfr-ranges/bin/python",
  "status": "passed",
  "verified_wheel_python_files": 406,
  "normal_cli_and_api_agree": true,
  "source_and_installed_agree": true,
  "inputs": [
    "/Users/mikewolfd/Work/rulespec/thoughts/experiments/2026-09-11-cfr-ranges/source-paragraphs.txt",
    "/Users/mikewolfd/Work/rulespec/thoughts/experiments/2026-09-11-compilation-occurrences/title-18-s798A.xml"
  ],
  "commands": [
    [
      "/Users/mikewolfd/Work/rulespec/.tools/reference-integration-20260911-cfr-ranges/bin/python",
      "-m",
      "rulespec_extrapolator.cli",
      "references",
      "/Users/mikewolfd/Work/rulespec/thoughts/experiments/2026-09-11-cfr-ranges/source-paragraphs.txt",
      "--output",
      "/Users/mikewolfd/Work/rulespec/thoughts/experiments/2026-09-11-cfr-ranges/delivery-isolated/source-paragraphs-references.json"
    ],
    [
      "/Users/mikewolfd/Work/rulespec/.tools/reference-integration-20260911-cfr-ranges/bin/python",
      "-m",
      "rulespec_extrapolator.cli",
      "references",
      "/Users/mikewolfd/Work/rulespec/thoughts/experiments/2026-09-11-compilation-occurrences/title-18-s798A.xml",
      "--output",
      "/Users/mikewolfd/Work/rulespec/thoughts/experiments/2026-09-11-cfr-ranges/delivery-isolated/title-18-s798A-references.json"
    ]
  ],
  "model_calls": 0
}
