sec. 103 of the 2020 PIPES Act
without_credits []
with_credits []
SECURE 2.0 Act of 2022, sec. 127
without_credits [('SECURE 2.0 Act of 2022 section 127', {'act_key': 'secure 2.0 act of 2022', 'table3_key': '117-328', 'usc_title': '31', 'usc_section': '5142 nt', 'unresolved_reason': 'usc_section_not_expressible', 'table3_reason': 'usc_section_not_expressible', 'source_credit_status': 'not_consulted'})]
with_credits [('SECURE 2.0 Act of 2022 section 127', {'act_key': 'secure 2.0 act of 2022', 'table3_key': '117-328', 'usc_title': '31', 'usc_section': '5142 nt', 'unresolved_reason': 'usc_section_not_expressible', 'table3_reason': 'usc_section_not_expressible', 'source_credit_status': 'multi_target'})]
SECURE 2.0 Act of 2022, sec. 303
without_credits [('SECURE 2.0 Act of 2022 section 303', {'act_key': 'secure 2.0 act of 2022', 'table3_key': '117-328', 'unresolved_reason': 'act_section_outside_act', 'table3_reason': 'act_section_outside_act', 'source_credit_status': 'not_consulted'})]
with_credits [('SECURE 2.0 Act of 2022 section 303', {'act_key': 'secure 2.0 act of 2022', 'table3_key': '117-328', 'usc_title': '29', 'usc_section': '1153', 'iri': 'urn:rkaf:us:usc:29:1153', 'answered_by': 'source_credits', 'table3_reason': 'act_section_outside_act', 'source_credit_status': 'resolved', 'statutes_at_large_volume': '136', 'statutes_at_large_page': '5339'})]
{
  "distinct_derived_pairs": 608,
  "examined": 608,
  "outcomes": {
    "act_section_not_classified": 205,
    "table3": 358,
    "act_section_ambiguous": 5,
    "usc_section_not_expressible": 28,
    "classification_not_current": 6,
    "act_alias_target_not_listed": 2,
    "source_credits": 2,
    "act_section_outside_act": 1,
    "act_not_in_index": 1
  }
}
Conflicts: 0
