FFFFFFFF............FFFFFFFFFFFFF                                        [100%]
=================================== FAILURES ===================================
____ test_real_sources_preserve_subparts_and_every_unrelated_reading[ohio] _____

case = {'id': 'ohio', 'raw': 'Rule 3745-52-15 | Satellite accumulation area requirements for small quantity generators and la...rative-code/rule-3745-52-15', 'source_sha256': '43f75aaf4a19870db19d481dd6883f99ef4c606c7cb4914012a118a12fbce149', ...}

    @pytest.mark.parametrize('case', CASES, ids=lambda c: c['id'])
    def test_real_sources_preserve_subparts_and_every_unrelated_reading(case):
        text = case['raw']
        assert parse_cfr_citations(text) == old_parse(text)
        rows = find_cfr_citations(text)
>       qualified = [r for r in rows if r.subpart]
                                        ^^^^^^^^^
E       AttributeError: 'CfrCitationOccurrence' object has no attribute 'subpart'

tests/test_cfr_subparts.py:28: AttributeError
__ test_real_sources_preserve_subparts_and_every_unrelated_reading[ecfr-21-1] __

case = {'id': 'ecfr-21-1', 'raw': '(a) As used in this section, ozone-depleting substance (ODS) means any class I substance a... or class II substance as defined in 40 CFR part 82, appendix B to subpart A.\n', 'title': 21, 'section': '2.125', ...}

    @pytest.mark.parametrize('case', CASES, ids=lambda c: c['id'])
    def test_real_sources_preserve_subparts_and_every_unrelated_reading(case):
        text = case['raw']
        assert parse_cfr_citations(text) == old_parse(text)
        rows = find_cfr_citations(text)
>       qualified = [r for r in rows if r.subpart]
                                        ^^^^^^^^^
E       AttributeError: 'CfrCitationOccurrence' object has no attribute 'subpart'

tests/test_cfr_subparts.py:28: AttributeError
__ test_real_sources_preserve_subparts_and_every_unrelated_reading[ecfr-21-2] __

case = {'id': 'ecfr-21-2', 'raw': "(5) Refer to FDA's guideline on electronic media coverage of its administrative proceedings (21 CFR part 10, subpart C).\n", 'title': 21, 'section': '16.22', ...}

    @pytest.mark.parametrize('case', CASES, ids=lambda c: c['id'])
    def test_real_sources_preserve_subparts_and_every_unrelated_reading(case):
        text = case['raw']
        assert parse_cfr_citations(text) == old_parse(text)
        rows = find_cfr_citations(text)
>       qualified = [r for r in rows if r.subpart]
                                        ^^^^^^^^^
E       AttributeError: 'CfrCitationOccurrence' object has no attribute 'subpart'

tests/test_cfr_subparts.py:28: AttributeError
__ test_real_sources_preserve_subparts_and_every_unrelated_reading[ecfr-40-1] __

case = {'id': 'ecfr-40-1', 'raw': '(j) Requests for or release of information subject to a confidentiality determination thro...aragraph (j) to 40 CFR part 1068 also include these related regulatory parts.\n', 'title': 40, 'section': '2.301', ...}

    @pytest.mark.parametrize('case', CASES, ids=lambda c: c['id'])
    def test_real_sources_preserve_subparts_and_every_unrelated_reading(case):
        text = case['raw']
        assert parse_cfr_citations(text) == old_parse(text)
        rows = find_cfr_citations(text)
>       qualified = [r for r in rows if r.subpart]
                                        ^^^^^^^^^
E       AttributeError: 'CfrCitationOccurrence' object has no attribute 'subpart'

tests/test_cfr_subparts.py:28: AttributeError
__ test_real_sources_preserve_subparts_and_every_unrelated_reading[ecfr-40-2] __

case = {'id': 'ecfr-40-2', 'raw': '(3) Where employees provide expert witness services as approved outside activities in acco...r own views and does not necessarily represent the official position of EPA);\n', 'title': 40, 'section': '2.401', ...}

    @pytest.mark.parametrize('case', CASES, ids=lambda c: c['id'])
    def test_real_sources_preserve_subparts_and_every_unrelated_reading(case):
        text = case['raw']
        assert parse_cfr_citations(text) == old_parse(text)
        rows = find_cfr_citations(text)
>       qualified = [r for r in rows if r.subpart]
                                        ^^^^^^^^^
E       AttributeError: 'CfrCitationOccurrence' object has no attribute 'subpart'

tests/test_cfr_subparts.py:28: AttributeError
__ test_real_sources_preserve_subparts_and_every_unrelated_reading[ecfr-49-1] __

case = {'id': 'ecfr-49-1', 'raw': '(b) Use of the exemption categories for research subject to the requirements of subparts B... to the requirements of 45 CFR part 46, subparts B, C, and D, is as follows:\n', 'title': 49, 'section': '11.104', ...}

    @pytest.mark.parametrize('case', CASES, ids=lambda c: c['id'])
    def test_real_sources_preserve_subparts_and_every_unrelated_reading(case):
        text = case['raw']
        assert parse_cfr_citations(text) == old_parse(text)
        rows = find_cfr_citations(text)
>       qualified = [r for r in rows if r.subpart]
                                        ^^^^^^^^^
E       AttributeError: 'CfrCitationOccurrence' object has no attribute 'subpart'

tests/test_cfr_subparts.py:28: AttributeError
__ test_real_sources_preserve_subparts_and_every_unrelated_reading[ecfr-49-2] __

case = {'id': 'ecfr-49-2', 'raw': "(iii) The research involves only information collection and analysis involving the investi...lic health activities and purposes” as described under 45 CFR 164.512(b); or\n", 'title': 49, 'section': '11.104', ...}

    @pytest.mark.parametrize('case', CASES, ids=lambda c: c['id'])
    def test_real_sources_preserve_subparts_and_every_unrelated_reading(case):
        text = case['raw']
        assert parse_cfr_citations(text) == old_parse(text)
        rows = find_cfr_citations(text)
>       qualified = [r for r in rows if r.subpart]
                                        ^^^^^^^^^
E       AttributeError: 'CfrCitationOccurrence' object has no attribute 'subpart'

tests/test_cfr_subparts.py:28: AttributeError
____ test_ohio_alternatives_keep_connector_descriptors_and_written_context _____

    def test_ohio_alternatives_keep_connector_descriptors_and_written_context():
        raw = '49 CFR Part 172 subpart E (labeling) or subpart F (placarding)'
>       a, b = find_cfr_citations(raw)
        ^^^^
E       ValueError: not enough values to unpack (expected 2, got 1)

tests/test_cfr_subparts.py:41: ValueError
_ test_a_singular_subpart_does_not_license_unanchored_list_members[. Subpart F] _

tail = '. Subpart F'

    @pytest.mark.parametrize('tail', [
        '. Subpart F', '\n\n or subpart F', '; or subpart F',
        ', F refers to another document', ' or 40 CFR part 59, subpart F',
    ])
    def test_a_singular_subpart_does_not_license_unanchored_list_members(tail):
        text = '49 CFR Part 172 subpart E' + tail
        rows = find_cfr_citations(text)
>       assert [(r.citation.cfr_title, r.subpart) for r in rows] == (
                                       ^^^^^^^^^
            [(49, 'E'), (40, 'F')] if '40 CFR' in tail else [(49, 'E')])
E       AttributeError: 'CfrCitationOccurrence' object has no attribute 'subpart'

tests/test_cfr_subparts.py:69: AttributeError
_ test_a_singular_subpart_does_not_license_unanchored_list_members[\n\n or subpart F] _

tail = '\n\n or subpart F'

    @pytest.mark.parametrize('tail', [
        '. Subpart F', '\n\n or subpart F', '; or subpart F',
        ', F refers to another document', ' or 40 CFR part 59, subpart F',
    ])
    def test_a_singular_subpart_does_not_license_unanchored_list_members(tail):
        text = '49 CFR Part 172 subpart E' + tail
        rows = find_cfr_citations(text)
>       assert [(r.citation.cfr_title, r.subpart) for r in rows] == (
                                       ^^^^^^^^^
            [(49, 'E'), (40, 'F')] if '40 CFR' in tail else [(49, 'E')])
E       AttributeError: 'CfrCitationOccurrence' object has no attribute 'subpart'

tests/test_cfr_subparts.py:69: AttributeError
_ test_a_singular_subpart_does_not_license_unanchored_list_members[; or subpart F] _

tail = '; or subpart F'

    @pytest.mark.parametrize('tail', [
        '. Subpart F', '\n\n or subpart F', '; or subpart F',
        ', F refers to another document', ' or 40 CFR part 59, subpart F',
    ])
    def test_a_singular_subpart_does_not_license_unanchored_list_members(tail):
        text = '49 CFR Part 172 subpart E' + tail
        rows = find_cfr_citations(text)
>       assert [(r.citation.cfr_title, r.subpart) for r in rows] == (
                                       ^^^^^^^^^
            [(49, 'E'), (40, 'F')] if '40 CFR' in tail else [(49, 'E')])
E       AttributeError: 'CfrCitationOccurrence' object has no attribute 'subpart'

tests/test_cfr_subparts.py:69: AttributeError
_ test_a_singular_subpart_does_not_license_unanchored_list_members[, F refers to another document] _

tail = ', F refers to another document'

    @pytest.mark.parametrize('tail', [
        '. Subpart F', '\n\n or subpart F', '; or subpart F',
        ', F refers to another document', ' or 40 CFR part 59, subpart F',
    ])
    def test_a_singular_subpart_does_not_license_unanchored_list_members(tail):
        text = '49 CFR Part 172 subpart E' + tail
        rows = find_cfr_citations(text)
>       assert [(r.citation.cfr_title, r.subpart) for r in rows] == (
                                       ^^^^^^^^^
            [(49, 'E'), (40, 'F')] if '40 CFR' in tail else [(49, 'E')])
E       AttributeError: 'CfrCitationOccurrence' object has no attribute 'subpart'

tests/test_cfr_subparts.py:69: AttributeError
_ test_a_singular_subpart_does_not_license_unanchored_list_members[ or 40 CFR part 59, subpart F] _

tail = ' or 40 CFR part 59, subpart F'

    @pytest.mark.parametrize('tail', [
        '. Subpart F', '\n\n or subpart F', '; or subpart F',
        ', F refers to another document', ' or 40 CFR part 59, subpart F',
    ])
    def test_a_singular_subpart_does_not_license_unanchored_list_members(tail):
        text = '49 CFR Part 172 subpart E' + tail
        rows = find_cfr_citations(text)
>       assert [(r.citation.cfr_title, r.subpart) for r in rows] == (
                                       ^^^^^^^^^
            [(49, 'E'), (40, 'F')] if '40 CFR' in tail else [(49, 'E')])
E       AttributeError: 'CfrCitationOccurrence' object has no attribute 'subpart'

tests/test_cfr_subparts.py:69: AttributeError
_______ test_ranges_keep_stated_endpoints_without_enumeration[ through ] _______

separator = ' through '

    @pytest.mark.parametrize('separator', [' through ', ' to ', '–', '-'])
    def test_ranges_keep_stated_endpoints_without_enumeration(separator):
        text = f'49 CFR part 172, subparts E{separator}G'
        row, = find_cfr_citations(text)
>       assert (row.subpart, row.subpart_end) == ('E', 'G')
                ^^^^^^^^^^^
E       AttributeError: 'CfrCitationOccurrence' object has no attribute 'subpart'

tests/test_cfr_subparts.py:77: AttributeError
_________ test_ranges_keep_stated_endpoints_without_enumeration[ to ] __________

separator = ' to '

    @pytest.mark.parametrize('separator', [' through ', ' to ', '–', '-'])
    def test_ranges_keep_stated_endpoints_without_enumeration(separator):
        text = f'49 CFR part 172, subparts E{separator}G'
        row, = find_cfr_citations(text)
>       assert (row.subpart, row.subpart_end) == ('E', 'G')
                ^^^^^^^^^^^
E       AttributeError: 'CfrCitationOccurrence' object has no attribute 'subpart'

tests/test_cfr_subparts.py:77: AttributeError
________ test_ranges_keep_stated_endpoints_without_enumeration[\u2013] _________

separator = '–'

    @pytest.mark.parametrize('separator', [' through ', ' to ', '–', '-'])
    def test_ranges_keep_stated_endpoints_without_enumeration(separator):
        text = f'49 CFR part 172, subparts E{separator}G'
        row, = find_cfr_citations(text)
>       assert (row.subpart, row.subpart_end) == ('E', 'G')
                ^^^^^^^^^^^
E       AttributeError: 'CfrCitationOccurrence' object has no attribute 'subpart'

tests/test_cfr_subparts.py:77: AttributeError
___________ test_ranges_keep_stated_endpoints_without_enumeration[-] ___________

separator = '-'

    @pytest.mark.parametrize('separator', [' through ', ' to ', '–', '-'])
    def test_ranges_keep_stated_endpoints_without_enumeration(separator):
        text = f'49 CFR part 172, subparts E{separator}G'
        row, = find_cfr_citations(text)
>       assert (row.subpart, row.subpart_end) == ('E', 'G')
                ^^^^^^^^^^^
E       AttributeError: 'CfrCitationOccurrence' object has no attribute 'subpart'

tests/test_cfr_subparts.py:77: AttributeError
____ test_plural_subparts_and_repeats_use_exact_unicode_source_coordinates _____

    def test_plural_subparts_and_repeats_use_exact_unicode_source_coordinates():
        source = '45 CFR part 46, subparts B, C, and D'
        text = f'😀 {source}; then {source}'
        rows = find_cfr_citations(text)
>       assert [r.subpart for r in rows] == list('BCDBCD')
                ^^^^^^^^^
E       AttributeError: 'CfrCitationOccurrence' object has no attribute 'subpart'

tests/test_cfr_subparts.py:85: AttributeError
______ test_parenthetical_qualification_is_source_text_not_a_subpart_name ______

    def test_parenthetical_qualification_is_source_text_not_a_subpart_name():
        text = '40 CFR part 3, subpart E (employees must state their own views)'
        row, = find_cfr_citations(text)
>       assert row.text == text and row.subpart == 'E'
E       AssertionError: assert ('40 CFR part 3' == '40 CFR part ...ir own views)'
E         
E         - 40 CFR part 3, subpart E (employees must state their own views)
E         + 40 CFR part 3)

tests/test_cfr_subparts.py:93: AssertionError
_______________ test_invalid_titles_keep_their_existing_verdict ________________

    def test_invalid_titles_keep_their_existing_verdict():
        row, = find_cfr_citations('99 CFR part 172, subpart E')
>       assert not row.citation.title_is_possible and row.subpart == 'E'
                                                      ^^^^^^^^^^^
E       AttributeError: 'CfrCitationOccurrence' object has no attribute 'subpart'

tests/test_cfr_subparts.py:99: AttributeError
______ test_unqualified_serialization_has_only_empty_new_optional_fields _______

    def test_unqualified_serialization_has_only_empty_new_optional_fields():
        row, = find_cfr_citations('40 CFR 82.154(a)')
>       assert {k: v for k, v in asdict(row).items() if k in
                ('subpart', 'subpart_end', 'appendix', 'qualifier_status')} == {
                    'subpart': None, 'subpart_end': None, 'appendix': None, 'qualifier_status': None}
E       AssertionError: assert {} == {'subpart': N...status': None}
E         
E         Right contains 4 more items:
E         {'appendix': None,
E          'qualifier_status': None,
E          'subpart': None,
E          'subpart_end': None}
E         Use -v to get more diff

tests/test_cfr_subparts.py:104: AssertionError
=========================== short test summary info ============================
FAILED tests/test_cfr_subparts.py::test_real_sources_preserve_subparts_and_every_unrelated_reading[ohio]
FAILED tests/test_cfr_subparts.py::test_real_sources_preserve_subparts_and_every_unrelated_reading[ecfr-21-1]
FAILED tests/test_cfr_subparts.py::test_real_sources_preserve_subparts_and_every_unrelated_reading[ecfr-21-2]
FAILED tests/test_cfr_subparts.py::test_real_sources_preserve_subparts_and_every_unrelated_reading[ecfr-40-1]
FAILED tests/test_cfr_subparts.py::test_real_sources_preserve_subparts_and_every_unrelated_reading[ecfr-40-2]
FAILED tests/test_cfr_subparts.py::test_real_sources_preserve_subparts_and_every_unrelated_reading[ecfr-49-1]
FAILED tests/test_cfr_subparts.py::test_real_sources_preserve_subparts_and_every_unrelated_reading[ecfr-49-2]
FAILED tests/test_cfr_subparts.py::test_ohio_alternatives_keep_connector_descriptors_and_written_context
FAILED tests/test_cfr_subparts.py::test_a_singular_subpart_does_not_license_unanchored_list_members[. Subpart F]
FAILED tests/test_cfr_subparts.py::test_a_singular_subpart_does_not_license_unanchored_list_members[\n\n or subpart F]
FAILED tests/test_cfr_subparts.py::test_a_singular_subpart_does_not_license_unanchored_list_members[; or subpart F]
FAILED tests/test_cfr_subparts.py::test_a_singular_subpart_does_not_license_unanchored_list_members[, F refers to another document]
FAILED tests/test_cfr_subparts.py::test_a_singular_subpart_does_not_license_unanchored_list_members[ or 40 CFR part 59, subpart F]
FAILED tests/test_cfr_subparts.py::test_ranges_keep_stated_endpoints_without_enumeration[ through ]
FAILED tests/test_cfr_subparts.py::test_ranges_keep_stated_endpoints_without_enumeration[ to ]
FAILED tests/test_cfr_subparts.py::test_ranges_keep_stated_endpoints_without_enumeration[\u2013]
FAILED tests/test_cfr_subparts.py::test_ranges_keep_stated_endpoints_without_enumeration[-]
FAILED tests/test_cfr_subparts.py::test_plural_subparts_and_repeats_use_exact_unicode_source_coordinates
FAILED tests/test_cfr_subparts.py::test_parenthetical_qualification_is_source_text_not_a_subpart_name
FAILED tests/test_cfr_subparts.py::test_invalid_titles_keep_their_existing_verdict
FAILED tests/test_cfr_subparts.py::test_unqualified_serialization_has_only_empty_new_optional_fields
21 failed, 12 passed in 0.08s
