[
  {
    "capture": "title-05-s423.xml",
    "publisher_links": 30,
    "contexts": {
      "operative": 6,
      "sourceCredit": 2,
      "note": 22
    },
    "resolutions": {
      "not_in_selected_source": 29,
      "located": 1
    },
    "shared_targets": 1,
    "merged_text_readings": 16,
    "merged_dispositions": {
      "candidates": 16
    },
    "remaining_text_candidates": 2,
    "remaining_rejected": 0,
    "residual_overlaps": [
      {
        "text": "Pub. L. 95\u2013452",
        "text_value": "Public Law 95-452",
        "publisher_value": "/us/pl/95/452/s3",
        "text_span": [
          3573,
          3587
        ],
        "publisher_span": [
          3560,
          3587
        ]
      },
      {
        "text": "Pub. L. 95\u2013452",
        "text_value": "Public Law 95-452",
        "publisher_value": "/us/pl/95/452/s3",
        "text_span": [
          3769,
          3783
        ],
        "publisher_span": [
          3756,
          3783
        ]
      }
    ],
    "all_source_characters_preserved": true,
    "shacl_conforms": true
  },
  {
    "capture": "title-42-s242c.xml",
    "publisher_links": 40,
    "contexts": {
      "operative": 1,
      "sourceCredit": 3,
      "note": 36
    },
    "resolutions": {
      "not_in_selected_source": 39,
      "located": 1
    },
    "shared_targets": 1,
    "merged_text_readings": 33,
    "merged_dispositions": {
      "candidates": 33
    },
    "remaining_text_candidates": 1,
    "remaining_rejected": 0,
    "residual_overlaps": [
      {
        "text": "Pub. L. 96\u2013510",
        "text_value": "Public Law 96-510",
        "publisher_value": "/us/pl/96/510/s104/i",
        "text_span": [
          8406,
          8420
        ],
        "publisher_span": [
          8388,
          8420
        ]
      }
    ],
    "all_source_characters_preserved": true,
    "shacl_conforms": true
  },
  {
    "capture": "fresh-title-05-pair.xml",
    "publisher_links": 37,
    "contexts": {
      "operative": 3,
      "sourceCredit": 14,
      "note": 20
    },
    "resolutions": {
      "located": 1,
      "not_in_selected_source": 36
    },
    "shared_targets": 1,
    "merged_text_readings": 24,
    "merged_dispositions": {
      "candidates": 24
    },
    "remaining_text_candidates": 2,
    "remaining_rejected": 0,
    "residual_overlaps": [
      {
        "text": "Pub. L. 113\u2013235",
        "text_value": "Public Law 113-235",
        "publisher_value": "/us/pl/113/235/s1301/b",
        "text_span": [
          5049,
          5064
        ],
        "publisher_span": [
          5030,
          5064
        ]
      }
    ],
    "all_source_characters_preserved": true,
    "shacl_conforms": true
  }
]
