F...F......                                                              [100%]
=================================== FAILURES ===================================
_______________ test_fresh_definition_target_and_core_fragments ________________

self = Resource(contents={'$schema': 'https://json-schema.org/draft/2020-12/schema', '$id': 'https://rulespec.org/jsonschema/...elector', 'rkaf:selectorKind']}}, '$ref': '#/$defs/XPathSelector'}, _specification=<Specification name='draft2020-12'>)
pointer = '/$defs/XPathSelector'
resolver = Resolver(_base_uri='https://rulespec.org/jsonschema/source-fragment.json', _registry=<Registry (21 resources, 1 uncrawled)>)

    def pointer(self, pointer: str, resolver: Resolver[D]) -> Resolved[D]:
        """
        Resolve the given JSON pointer.
    
        Raises:
    
            `exceptions.PointerToNowhere`
    
                if the pointer points to a location not present in the document
    
        """
        if not pointer:
            return Resolved(contents=self.contents, resolver=resolver)
    
        contents = self.contents
        segments: list[int | str] = []
        for segment in unquote(pointer[1:]).split("/"):
            if isinstance(contents, Sequence):
                segment = int(segment)
            else:
                segment = segment.replace("~1", "/").replace("~0", "~")
            try:
>               contents = contents[segment]  # type: ignore[reportUnknownArgumentType]
                           ^^^^^^^^^^^^^^^^^
E               KeyError: 'XPathSelector'

.tools/document-poc-venv/lib/python3.12/site-packages/referencing/_core.py:276: KeyError

The above exception was the direct cause of the following exception:

self = Draft202012Validator(schema={'$defs': {'CoordinateSystem': {'enum': ['rkaf:unicode-codepoint', 'rkaf:utf8-byte', 'rkaf....fragment.json', '$ref': '#/$defs/XPathSelector', '$schema': 'https://json...020-12/schema', ...}, format_checker=None)
ref = '#/$defs/XPathSelector'
instance = {'@type': 'oa:XPathSelector', 'rdf:value': '/*[1]/*[1]/*[3]/*[2]/*[1]'}

    def _validate_reference(self, ref, instance):
        if self._ref_resolver is None:
            try:
>               resolved = self._resolver.lookup(ref)
                           ^^^^^^^^^^^^^^^^^^^^^^^^^^

.tools/document-poc-venv/lib/python3.12/site-packages/jsonschema/validators.py:462: 
_ _ _ _ _ _ _ _ _ _ _ _ _ _ _ _ _ _ _ _ _ _ _ _ _ _ _ _ _ _ _ _ _ _ _ _ _ _ _ _ 
.tools/document-poc-venv/lib/python3.12/site-packages/referencing/_core.py:690: in lookup
    return retrieved.value.pointer(pointer=fragment, resolver=resolver)
           ^^^^^^^^^^^^^^^^^^^^^^^^^^^^^^^^^^^^^^^^^^^^^^^^^^^^^^^^^^^^
_ _ _ _ _ _ _ _ _ _ _ _ _ _ _ _ _ _ _ _ _ _ _ _ _ _ _ _ _ _ _ _ _ _ _ _ _ _ _ _ 

self = Resource(contents={'$schema': 'https://json-schema.org/draft/2020-12/schema', '$id': 'https://rulespec.org/jsonschema/...elector', 'rkaf:selectorKind']}}, '$ref': '#/$defs/XPathSelector'}, _specification=<Specification name='draft2020-12'>)
pointer = '/$defs/XPathSelector'
resolver = Resolver(_base_uri='https://rulespec.org/jsonschema/source-fragment.json', _registry=<Registry (21 resources, 1 uncrawled)>)

    def pointer(self, pointer: str, resolver: Resolver[D]) -> Resolved[D]:
        """
        Resolve the given JSON pointer.
    
        Raises:
    
            `exceptions.PointerToNowhere`
    
                if the pointer points to a location not present in the document
    
        """
        if not pointer:
            return Resolved(contents=self.contents, resolver=resolver)
    
        contents = self.contents
        segments: list[int | str] = []
        for segment in unquote(pointer[1:]).split("/"):
            if isinstance(contents, Sequence):
                segment = int(segment)
            else:
                segment = segment.replace("~1", "/").replace("~0", "~")
            try:
                contents = contents[segment]  # type: ignore[reportUnknownArgumentType]
            except LookupError as lookup_error:
                error = exceptions.PointerToNowhere(ref=pointer, resource=self)
>               raise error from lookup_error
E               referencing.exceptions.PointerToNowhere: '/$defs/XPathSelector' does not exist within {'$schema': 'https://json-schema.org/draft/2020-12/schema', '$id': 'https://rulespec.org/jsonschema/source-fragment.json', 'title': 'source-fragment', '$defs': {'SelectorKind': {'type': 'string', 'enum': ['oa:FragmentSelector', 'oa:TextQuoteSelector', 'oa:TextPositionSelector', 'oa:RangeSelector', 'oa:XPathSelector', 'oa:CssSelector', 'rkaf:aknt-eId', 'rkaf:uslm-section', 'rkaf:eli-fragment', 'rkaf:jsonpath', 'rkaf:doi-fragment', 'rkaf:partner-defined']}, 'CoordinateSystem': {'type': 'string', 'enum': ['rkaf:unicode-codepoint', 'rkaf:utf8-byte', 'rkaf:utf16-code-unit', 'rkaf:xml-node-path', 'rkaf:page-region', 'rkaf:partner-defined']}, 'FragmentIdentityScheme': {'type': 'string', 'enum': ['rkaf:published-fragment', 'rkaf:carrier-local-fragment']}, 'TextQuoteSelector': {'type': 'object', 'properties': {'@type': {'const': 'oa:TextQuoteSelector'}, 'oa:exact': {'type': 'string'}, 'oa:prefix': {'type': 'string'}, 'oa:suffix': {'type': 'string'}}, 'required': ['@type', 'oa:exact']}, 'TextPositionSelector': {'type': 'object', 'properties': {'@type': {'const': 'oa:TextPositionSelector'}, 'oa:start': {'type': 'integer', 'minimum': 0}, 'oa:end': {'type': 'integer', 'minimum': 0}, 'rkaf:coordinateSystem': {'$ref': '#/$defs/CoordinateSystem'}}, 'required': ['@type', 'oa:start', 'oa:end', 'rkaf:coordinateSystem'], 'x-rkaf-order': [{'lower': 'oa:start', 'upper': 'oa:end'}]}, 'SourceFragment': {'type': 'object', 'properties': {'@type': {'const': 'rkaf:SourceFragment'}, 'oa:hasSource': {'type': 'string', 'pattern': '^[A-Za-z][A-Za-z0-9+.-]*:[^\\s]+$'}, 'oa:hasSelector': {'anyOf': [{}, {'type': 'array', 'items': {}, 'minItems': 1}]}, 'rkaf:selectorKind': {'anyOf': [{'$ref': '#/$defs/SelectorKind'}, {'type': 'array', 'items': {'$ref': '#/$defs/SelectorKind'}, 'minItems': 1}]}, 'rkaf:fragmentIdentityScheme': {'$ref': '#/$defs/FragmentIdentityScheme'}, 'rkaf:sourceArtifactDigest': {'type': 'string', 'pattern': '^sha256:[0-9a-f]{64}$'}, 'rkaf:fragmentContentDigest': {'type': 'string', 'pattern': '^sha256:[0-9a-f]{64}$'}, 'rkaf:hasAccessScope': {'type': 'string', 'pattern': '^[A-Za-z][A-Za-z0-9+.-]*:[^\\s]+$'}, 'rkaf:hasRetentionPolicy': {'type': 'string', 'pattern': '^[A-Za-z][A-Za-z0-9+.-]*:[^\\s]+$'}, 'rkaf:lastVerifiedAt': {'type': 'string'}, 'rkaf:verifiedBy': {'type': 'string'}}, 'required': ['@type', 'oa:hasSource', 'oa:hasSelector', 'rkaf:selectorKind']}}, '$ref': '#/$defs/XPathSelector'}

.tools/document-poc-venv/lib/python3.12/site-packages/referencing/_core.py:279: PointerToNowhere

The above exception was the direct cause of the following exception:

    def test_fresh_definition_target_and_core_fragments():
        doc = load_document(FIXTURE)
        scan = scan_references(doc)
        rows = [r for r in scan['candidates'] if r['kind']=='publisher_reference']
        assert len(rows)==37
        row, = [r for r in rows if r['value']=='/us/usc/t5/s5721']
        assert row['reading']['context']=='operative'
        assert row['resolution']['status']=='located'
        assert row['record_ids']
        target, = [scan['targets'][key] for key in row['resolution']['target_ids']]
        target_text=doc['text'][target['start']:target['end']]
        assert '“agency” means—' in target_text
        assert 'but does not include a Government controlled corporation;' in target_text
        assert all(doc['text'][e['start']:e['end']]==e['quote'] for e in target['evidence'])
        graph = build_graph(doc, [], {})
        graph['@graph'].extend([scan['publisher_source'], *scan['xml_fragments'].values()])
>       assert validate_graph(graph)['shacl_conforms']
               ^^^^^^^^^^^^^^^^^^^^^

packages/rulespec-extrapolator/tests/test_uslm.py:39: 
_ _ _ _ _ _ _ _ _ _ _ _ _ _ _ _ _ _ _ _ _ _ _ _ _ _ _ _ _ _ _ _ _ _ _ _ _ _ _ _ 
packages/rulespec-extrapolator/src/rulespec_extrapolator/core.py:521: in validate_graph
    Draft202012Validator({**schema, "$ref": f"#/$defs/{cls}"}).validate(selector)
.tools/document-poc-venv/lib/python3.12/site-packages/jsonschema/validators.py:449: in validate
    for error in self.iter_errors(*args, **kwargs):
                 ^^^^^^^^^^^^^^^^^^^^^^^^^^^^^^^^^
.tools/document-poc-venv/lib/python3.12/site-packages/jsonschema/validators.py:383: in iter_errors
    for error in errors:
                 ^^^^^^
.tools/document-poc-venv/lib/python3.12/site-packages/jsonschema/_keywords.py:275: in ref
    yield from validator._validate_reference(ref=ref, instance=instance)
               ^^^^^^^^^^^^^^^^^^^^^^^^^^^^^^^^^^^^^^^^^^^^^^^^^^^^^^^^^
_ _ _ _ _ _ _ _ _ _ _ _ _ _ _ _ _ _ _ _ _ _ _ _ _ _ _ _ _ _ _ _ _ _ _ _ _ _ _ _ 

self = Draft202012Validator(schema={'$defs': {'CoordinateSystem': {'enum': ['rkaf:unicode-codepoint', 'rkaf:utf8-byte', 'rkaf....fragment.json', '$ref': '#/$defs/XPathSelector', '$schema': 'https://json...020-12/schema', ...}, format_checker=None)
ref = '#/$defs/XPathSelector'
instance = {'@type': 'oa:XPathSelector', 'rdf:value': '/*[1]/*[1]/*[3]/*[2]/*[1]'}

    def _validate_reference(self, ref, instance):
        if self._ref_resolver is None:
            try:
                resolved = self._resolver.lookup(ref)
            except referencing.exceptions.Unresolvable as err:
>               raise exceptions._WrappedReferencingError(err) from err
E               jsonschema.exceptions._WrappedReferencingError: PointerToNowhere: '/$defs/XPathSelector' does not exist within {'$schema': 'https://json-schema.org/draft/2020-12/schema', '$id': 'https://rulespec.org/jsonschema/source-fragment.json', 'title': 'source-fragment', '$defs': {'SelectorKind': {'type': 'string', 'enum': ['oa:FragmentSelector', 'oa:TextQuoteSelector', 'oa:TextPositionSelector', 'oa:RangeSelector', 'oa:XPathSelector', 'oa:CssSelector', 'rkaf:aknt-eId', 'rkaf:uslm-section', 'rkaf:eli-fragment', 'rkaf:jsonpath', 'rkaf:doi-fragment', 'rkaf:partner-defined']}, 'CoordinateSystem': {'type': 'string', 'enum': ['rkaf:unicode-codepoint', 'rkaf:utf8-byte', 'rkaf:utf16-code-unit', 'rkaf:xml-node-path', 'rkaf:page-region', 'rkaf:partner-defined']}, 'FragmentIdentityScheme': {'type': 'string', 'enum': ['rkaf:published-fragment', 'rkaf:carrier-local-fragment']}, 'TextQuoteSelector': {'type': 'object', 'properties': {'@type': {'const': 'oa:TextQuoteSelector'}, 'oa:exact': {'type': 'string'}, 'oa:prefix': {'type': 'string'}, 'oa:suffix': {'type': 'string'}}, 'required': ['@type', 'oa:exact']}, 'TextPositionSelector': {'type': 'object', 'properties': {'@type': {'const': 'oa:TextPositionSelector'}, 'oa:start': {'type': 'integer', 'minimum': 0}, 'oa:end': {'type': 'integer', 'minimum': 0}, 'rkaf:coordinateSystem': {'$ref': '#/$defs/CoordinateSystem'}}, 'required': ['@type', 'oa:start', 'oa:end', 'rkaf:coordinateSystem'], 'x-rkaf-order': [{'lower': 'oa:start', 'upper': 'oa:end'}]}, 'SourceFragment': {'type': 'object', 'properties': {'@type': {'const': 'rkaf:SourceFragment'}, 'oa:hasSource': {'type': 'string', 'pattern': '^[A-Za-z][A-Za-z0-9+.-]*:[^\\s]+$'}, 'oa:hasSelector': {'anyOf': [{}, {'type': 'array', 'items': {}, 'minItems': 1}]}, 'rkaf:selectorKind': {'anyOf': [{'$ref': '#/$defs/SelectorKind'}, {'type': 'array', 'items': {'$ref': '#/$defs/SelectorKind'}, 'minItems': 1}]}, 'rkaf:fragmentIdentityScheme': {'$ref': '#/$defs/FragmentIdentityScheme'}, 'rkaf:sourceArtifactDigest': {'type': 'string', 'pattern': '^sha256:[0-9a-f]{64}$'}, 'rkaf:fragmentContentDigest': {'type': 'string', 'pattern': '^sha256:[0-9a-f]{64}$'}, 'rkaf:hasAccessScope': {'type': 'string', 'pattern': '^[A-Za-z][A-Za-z0-9+.-]*:[^\\s]+$'}, 'rkaf:hasRetentionPolicy': {'type': 'string', 'pattern': '^[A-Za-z][A-Za-z0-9+.-]*:[^\\s]+$'}, 'rkaf:lastVerifiedAt': {'type': 'string'}, 'rkaf:verifiedBy': {'type': 'string'}}, 'required': ['@type', 'oa:hasSource', 'oa:hasSelector', 'rkaf:selectorKind']}}, '$ref': '#/$defs/XPathSelector'}

.tools/document-poc-venv/lib/python3.12/site-packages/jsonschema/validators.py:464: _WrappedReferencingError
________ test_text_reading_prefix_merges_without_losing_a_disagreement _________

    def test_text_reading_prefix_merges_without_losing_a_disagreement():
        doc=document('<p><ref href="/us/pl/89/554/s2">Pub. L. 94–183, § 2(1)</ref></p>')
        row, = scan_references(doc)['candidates']
        assert row['value']=='/us/pl/89/554/s2'
        reading, = row['text_readings']
>       assert reading['kind']=='public_law' and reading['value']=='94-183'
E       AssertionError: assert ('public_law' == 'public_law'
E         
E           public_law and 'Public Law 94-183' == '94-183'
E         
E         - 94-183
E         + Public Law 94-183)

packages/rulespec-extrapolator/tests/test_uslm.py:78: AssertionError
=========================== short test summary info ============================
FAILED packages/rulespec-extrapolator/tests/test_uslm.py::test_fresh_definition_target_and_core_fragments
FAILED packages/rulespec-extrapolator/tests/test_uslm.py::test_text_reading_prefix_merges_without_losing_a_disagreement
2 failed, 9 passed in 0.20s
