/Users/mikewolfd/Work/rulespec/.tools/document-poc-venv/lib/python3.12/site-packages/rdflib/plugins/sparql/parser.py:173: PyparsingDeprecationWarning: 'setParseAction' deprecated - use 'set_parse_action'
  IRIREF.setParseAction(lambda x: rdflib.URIRef(x[0]))
/Users/mikewolfd/Work/rulespec/.tools/document-poc-venv/lib/python3.12/site-packages/rdflib/plugins/sparql/parserutils.py:129: PyparsingDeprecationWarning: 'setName' deprecated - use 'set_name'
  self.setName(name)
/Users/mikewolfd/Work/rulespec/.tools/document-poc-venv/lib/python3.12/site-packages/rdflib/plugins/sparql/parserutils.py:130: PyparsingDeprecationWarning: 'addParseAction' deprecated - use 'add_parse_action'
  self.addParseAction(self.postParse2)
/Users/mikewolfd/Work/rulespec/.tools/document-poc-venv/lib/python3.12/site-packages/rdflib/plugins/sparql/parser.py:212: PyparsingDeprecationWarning: 'leaveWhitespace' deprecated - use 'leave_whitespace'
  PNAME_NS = Optional(Param("prefix", PN_PREFIX)) + Suppress(":").leaveWhitespace()
/Users/mikewolfd/Work/rulespec/.tools/document-poc-venv/lib/python3.12/site-packages/rdflib/plugins/sparql/parser.py:245: PyparsingDeprecationWarning: 'leaveWhitespace' deprecated - use 'leave_whitespace'
  PNAME_LN = PNAME_NS + Param("localname", PN_LOCAL.leaveWhitespace())
/Users/mikewolfd/Work/rulespec/.tools/document-poc-venv/lib/python3.12/site-packages/rdflib/plugins/sparql/parser.py:252: PyparsingDeprecationWarning: 'setParseAction' deprecated - use 'set_parse_action'
  BLANK_NODE_LABEL.setParseAction(lambda x: rdflib.BNode(x[0][2:]))
/Users/mikewolfd/Work/rulespec/.tools/document-poc-venv/lib/python3.12/site-packages/rdflib/plugins/sparql/parser.py:273: PyparsingDeprecationWarning: 'setParseAction' deprecated - use 'set_parse_action'
  INTEGER.setParseAction(lambda x: rdflib.Literal(x[0], datatype=rdflib.XSD.integer))
/Users/mikewolfd/Work/rulespec/.tools/document-poc-venv/lib/python3.12/site-packages/rdflib/plugins/sparql/parser.py:281: PyparsingDeprecationWarning: 'setParseAction' deprecated - use 'set_parse_action'
  DECIMAL.setParseAction(lambda x: rdflib.Literal(x[0], datatype=rdflib.XSD.decimal))
/Users/mikewolfd/Work/rulespec/.tools/document-poc-venv/lib/python3.12/site-packages/rdflib/plugins/sparql/parser.py:286: PyparsingDeprecationWarning: 'setParseAction' deprecated - use 'set_parse_action'
  DOUBLE.setParseAction(lambda x: rdflib.Literal(x[0], datatype=rdflib.XSD.double))
/Users/mikewolfd/Work/rulespec/.tools/document-poc-venv/lib/python3.12/site-packages/rdflib/plugins/sparql/parser.py:290: PyparsingDeprecationWarning: 'leaveWhitespace' deprecated - use 'leave_whitespace'
  INTEGER_POSITIVE = Suppress("+") + INTEGER.copy().leaveWhitespace()
/Users/mikewolfd/Work/rulespec/.tools/document-poc-venv/lib/python3.12/site-packages/rdflib/plugins/sparql/parser.py:291: PyparsingDeprecationWarning: 'setParseAction' deprecated - use 'set_parse_action'
  INTEGER_POSITIVE.setParseAction(
/Users/mikewolfd/Work/rulespec/.tools/document-poc-venv/lib/python3.12/site-packages/rdflib/plugins/sparql/parser.py:296: PyparsingDeprecationWarning: 'leaveWhitespace' deprecated - use 'leave_whitespace'
  DECIMAL_POSITIVE = Suppress("+") + DECIMAL.copy().leaveWhitespace()
/Users/mikewolfd/Work/rulespec/.tools/document-poc-venv/lib/python3.12/site-packages/rdflib/plugins/sparql/parser.py:299: PyparsingDeprecationWarning: 'leaveWhitespace' deprecated - use 'leave_whitespace'
  DOUBLE_POSITIVE = Suppress("+") + DOUBLE.copy().leaveWhitespace()
/Users/mikewolfd/Work/rulespec/.tools/document-poc-venv/lib/python3.12/site-packages/rdflib/plugins/sparql/parser.py:302: PyparsingDeprecationWarning: 'leaveWhitespace' deprecated - use 'leave_whitespace'
  INTEGER_NEGATIVE = Suppress("-") + INTEGER.copy().leaveWhitespace()
/Users/mikewolfd/Work/rulespec/.tools/document-poc-venv/lib/python3.12/site-packages/rdflib/plugins/sparql/parser.py:303: PyparsingDeprecationWarning: 'setParseAction' deprecated - use 'set_parse_action'
  INTEGER_NEGATIVE.setParseAction(lambda x: neg(x[0]))
/Users/mikewolfd/Work/rulespec/.tools/document-poc-venv/lib/python3.12/site-packages/rdflib/plugins/sparql/parser.py:306: PyparsingDeprecationWarning: 'leaveWhitespace' deprecated - use 'leave_whitespace'
  DECIMAL_NEGATIVE = Suppress("-") + DECIMAL.copy().leaveWhitespace()
/Users/mikewolfd/Work/rulespec/.tools/document-poc-venv/lib/python3.12/site-packages/rdflib/plugins/sparql/parser.py:307: PyparsingDeprecationWarning: 'setParseAction' deprecated - use 'set_parse_action'
  DECIMAL_NEGATIVE.setParseAction(lambda x: neg(x[0]))
/Users/mikewolfd/Work/rulespec/.tools/document-poc-venv/lib/python3.12/site-packages/rdflib/plugins/sparql/parser.py:310: PyparsingDeprecationWarning: 'leaveWhitespace' deprecated - use 'leave_whitespace'
  DOUBLE_NEGATIVE = Suppress("-") + DOUBLE.copy().leaveWhitespace()
/Users/mikewolfd/Work/rulespec/.tools/document-poc-venv/lib/python3.12/site-packages/rdflib/plugins/sparql/parser.py:311: PyparsingDeprecationWarning: 'setParseAction' deprecated - use 'set_parse_action'
  DOUBLE_NEGATIVE.setParseAction(lambda x: neg(x[0]))
/Users/mikewolfd/Work/rulespec/.tools/document-poc-venv/lib/python3.12/site-packages/rdflib/plugins/sparql/parser.py:321: PyparsingDeprecationWarning: 'setParseAction' deprecated - use 'set_parse_action'
  STRING_LITERAL_LONG1.setParseAction(
/Users/mikewolfd/Work/rulespec/.tools/document-poc-venv/lib/python3.12/site-packages/rdflib/plugins/sparql/parser.py:329: PyparsingDeprecationWarning: 'setParseAction' deprecated - use 'set_parse_action'
  STRING_LITERAL_LONG2.setParseAction(
/Users/mikewolfd/Work/rulespec/.tools/document-poc-venv/lib/python3.12/site-packages/rdflib/plugins/sparql/parser.py:338: PyparsingDeprecationWarning: 'setParseAction' deprecated - use 'set_parse_action'
  STRING_LITERAL1.setParseAction(
/Users/mikewolfd/Work/rulespec/.tools/document-poc-venv/lib/python3.12/site-packages/rdflib/plugins/sparql/parser.py:347: PyparsingDeprecationWarning: 'setParseAction' deprecated - use 'set_parse_action'
  STRING_LITERAL2.setParseAction(
/Users/mikewolfd/Work/rulespec/.tools/document-poc-venv/lib/python3.12/site-packages/rdflib/plugins/sparql/parser.py:353: PyparsingDeprecationWarning: 'setParseAction' deprecated - use 'set_parse_action'
  NIL.setParseAction(lambda x: rdflib.RDF.nil)
/Users/mikewolfd/Work/rulespec/.tools/document-poc-venv/lib/python3.12/site-packages/rdflib/plugins/sparql/parser.py:360: PyparsingDeprecationWarning: 'setParseAction' deprecated - use 'set_parse_action'
  ANON.setParseAction(lambda x: rdflib.BNode())
/Users/mikewolfd/Work/rulespec/.tools/document-poc-venv/lib/python3.12/site-packages/rdflib/plugins/sparql/parser.py:364: PyparsingDeprecationWarning: 'setParseAction' deprecated - use 'set_parse_action'
  A.setParseAction(lambda x: rdflib.RDF.type)
/Users/mikewolfd/Work/rulespec/.tools/document-poc-venv/lib/python3.12/site-packages/rdflib/plugins/sparql/parserutils.py:239: PyparsingDeprecationWarning: 'setName' deprecated - use 'set_name'
  self.setName(name)
/Users/mikewolfd/Work/rulespec/.tools/document-poc-venv/lib/python3.12/site-packages/rdflib/plugins/sparql/parser.py:380: PyparsingDeprecationWarning: 'setParseAction' deprecated - use 'set_parse_action'
  Var.setParseAction(lambda x: rdflib.term.Variable(x[0]))
/Users/mikewolfd/Work/rulespec/.tools/document-poc-venv/lib/python3.12/site-packages/rdflib/plugins/sparql/parser.py:397: PyparsingDeprecationWarning: 'leaveWhitespace' deprecated - use 'leave_whitespace'
  Param("lang", LANGTAG.leaveWhitespace())
/Users/mikewolfd/Work/rulespec/.tools/document-poc-venv/lib/python3.12/site-packages/rdflib/plugins/sparql/parser.py:398: PyparsingDeprecationWarning: 'leaveWhitespace' deprecated - use 'leave_whitespace'
  | Literal("^^").leaveWhitespace() + Param("datatype", iri).leaveWhitespace()
/Users/mikewolfd/Work/rulespec/.tools/document-poc-venv/lib/python3.12/site-packages/rdflib/plugins/sparql/parser.py:417: PyparsingDeprecationWarning: 'setParseAction' deprecated - use 'set_parse_action'
  BooleanLiteral = Keyword("true").setParseAction(lambda: rdflib.Literal(True)) | Keyword(
/Users/mikewolfd/Work/rulespec/.tools/document-poc-venv/lib/python3.12/site-packages/rdflib/plugins/sparql/parser.py:419: PyparsingDeprecationWarning: 'setParseAction' deprecated - use 'set_parse_action'
  ).setParseAction(lambda: rdflib.Literal(False))
/Users/mikewolfd/Work/rulespec/.tools/document-poc-venv/lib/python3.12/site-packages/rdflib/plugins/sparql/parser.py:505: PyparsingDeprecationWarning: 'leaveWhitespace' deprecated - use 'leave_whitespace'
  Param("part", PathPrimary) + Optional(Param("mod", PathMod.leaveWhitespace())),
/Users/mikewolfd/Work/rulespec/.tools/document-poc-venv/lib/python3.12/site-packages/rdflib/plugins/sparql/parser.py:545: PyparsingDeprecationWarning: 'setParseAction' deprecated - use 'set_parse_action'
  Collection.setParseAction(expandCollection)
/Users/mikewolfd/Work/rulespec/.tools/document-poc-venv/lib/python3.12/site-packages/rdflib/plugins/sparql/parser.py:549: PyparsingDeprecationWarning: 'setParseAction' deprecated - use 'set_parse_action'
  CollectionPath.setParseAction(expandCollection)
/Users/mikewolfd/Work/rulespec/.tools/document-poc-venv/lib/python3.12/site-packages/rdflib/plugins/sparql/parser.py:576: PyparsingDeprecationWarning: 'setParseAction' deprecated - use 'set_parse_action'
  BlankNodePropertyList.setParseAction(expandBNodeTriples)
/Users/mikewolfd/Work/rulespec/.tools/document-poc-venv/lib/python3.12/site-packages/rdflib/plugins/sparql/parser.py:582: PyparsingDeprecationWarning: 'setParseAction' deprecated - use 'set_parse_action'
  BlankNodePropertyListPath.setParseAction(expandBNodeTriples)
/Users/mikewolfd/Work/rulespec/.tools/document-poc-venv/lib/python3.12/site-packages/rdflib/plugins/sparql/parser.py:592: PyparsingDeprecationWarning: 'setParseAction' deprecated - use 'set_parse_action'
  TriplesSameSubject.setParseAction(expandTriples)
/Users/mikewolfd/Work/rulespec/.tools/document-poc-venv/lib/python3.12/site-packages/rdflib/plugins/sparql/parser.py:632: PyparsingDeprecationWarning: 'setParseAction' deprecated - use 'set_parse_action'
  TriplesSameSubjectPath.setParseAction(expandTriples)
/Users/mikewolfd/Work/rulespec/.tools/document-poc-venv/lib/python3.12/site-packages/rdflib/plugins/sparql/parser.py:657: PyparsingDeprecationWarning: 'delimitedList' deprecated - use 'DelimitedList'
  ExpressionList = NIL | Group(Suppress("(") + delimitedList(Expression) + Suppress(")"))
/Users/mikewolfd/Work/rulespec/.tools/document-poc-venv/lib/python3.12/site-packages/rdflib/plugins/sparql/parser.py:1018: PyparsingDeprecationWarning: 'delimitedList' deprecated - use 'DelimitedList'
  + delimitedList(ParamList("expr", Expression))
/Users/mikewolfd/Work/rulespec/.tools/document-poc-venv/lib/python3.12/site-packages/rdflib/plugins/sparql/parser.py:1553: PyparsingDeprecationWarning: 'parseString' deprecated - use 'parse_string'
  return Query.parseString(q, parseAll=True)
/Users/mikewolfd/Work/rulespec/.tools/document-poc-venv/lib/python3.12/site-packages/pyparsing/util.py:466: PyparsingDeprecationWarning: 'parseAll' argument is deprecated, use 'parse_all'
  return fn(self, *args, **kwargs)
/Users/mikewolfd/Work/rulespec/.tools/document-poc-venv/lib/python3.12/site-packages/rdflib/plugins/parsers/jsonld.py:159: DeprecationWarning: ConjunctiveGraph is deprecated, use Dataset instead.
  conj_sink = ConjunctiveGraph(store=sink.store, identifier=sink.identifier)
----------------------------------------------------------------------
Ran 146 tests in 3.200s

OK
