Running 299 fixture×constraint pairs across targets
======================================================================
CORE PARITY (release gate — all targets MUST agree)
----------------------------------------------------------------------
  [OK] artifact                            expected=PASS json-schema=PASS shacl=PASS rust-struct=OK   ts-struct=OK   artifact-eli-positive.jsonld
  [OK] artifact                            expected=PASS json-schema=PASS shacl=PASS rust-struct=OK   ts-struct=OK   artifact-doi-positive.jsonld
  [OK] artifact                            expected=PASS json-schema=PASS shacl=PASS rust-struct=OK   ts-struct=OK   artifact-cid-positive.jsonld
  [OK] artifact                            expected=PASS json-schema=PASS shacl=PASS rust-struct=OK   ts-struct=OK   artifact-primary-topic-positive.jsonld
  [OK] artifact                            expected=PASS json-schema=PASS shacl=PASS rust-struct=OK   ts-struct=OK   artifact-version-lineage-positive.jsonld
  [OK] artifact                            expected=PASS json-schema=PASS shacl=PASS rust-struct=OK   ts-struct=OK   artifact-content-digest-positive.jsonld
  [OK] artifact                            expected=PASS json-schema=PASS shacl=PASS rust-struct=OK   ts-struct=OK   artifact-formspec-need-positive.jsonld
  [OK] artifact                            expected=FAIL json-schema=FAIL shacl=FAIL rust-struct=OK   ts-struct=OK   artifact-formspec-need-without-scheme-negative.jsonld
  [OK] artifact                            expected=PASS json-schema=PASS shacl=PASS rust-struct=OK   ts-struct=OK   artifact-format-sibling-not-a-version-edge.jsonld
  [OK] artifact                            expected=FAIL json-schema=FAIL shacl=FAIL rust-struct=OK   ts-struct=OK   artifact-revision-without-lineage-evidence-negative.jsonld
  [OK] artifact                            expected=FAIL json-schema=FAIL shacl=FAIL rust-struct=OK   ts-struct=OK   artifact-is-version-of-without-lineage-evidence-negative.jsonld
  [OK] artifact                            expected=FAIL json-schema=FAIL shacl=FAIL rust-struct=OK   ts-struct=OK   artifact-lineage-evidence-without-content-digest-negative.jsonld
  [OK] artifact                            expected=FAIL json-schema=FAIL shacl=FAIL rust-struct=OK   ts-struct=OK   artifact-malformed-content-digest-negative.jsonld
  [OK] artifact                            expected=PASS json-schema=PASS shacl=PASS rust-struct=OK   ts-struct=OK   artifact-us-cfr-malformed-negative.jsonld
  [OK] artifact                            expected=PASS json-schema=PASS shacl=PASS rust-struct=OK   ts-struct=OK   artifact-us-cfr-uppercase-part-negative.jsonld
  [OK] artifact                            expected=PASS json-schema=PASS shacl=PASS rust-struct=OK   ts-struct=OK   artifact-us-cfr-multiletter-part-negative.jsonld
  [OK] artifact                            expected=PASS json-schema=PASS shacl=PASS rust-struct=OK   ts-struct=OK   artifact-us-frdoc-malformed-negative.jsonld
  [OK] artifact                            expected=PASS json-schema=PASS shacl=PASS rust-struct=OK   ts-struct=OK   artifact-us-frdoc-oversize-sequence-negative.jsonld
  [OK] artifact                            expected=PASS json-schema=PASS shacl=PASS rust-struct=OK   ts-struct=OK   artifact-us-frdoc-short-year-negative.jsonld
  [OK] artifact                            expected=PASS json-schema=PASS shacl=PASS rust-struct=OK   ts-struct=OK   artifact-us-frdoc-legacy-year-negative.jsonld
  [OK] artifact                            expected=PASS json-schema=PASS shacl=PASS rust-struct=OK   ts-struct=OK   artifact-us-frdoc-legacy-empty-tail-negative.jsonld
  [OK] artifact                            expected=PASS json-schema=PASS shacl=PASS rust-struct=OK   ts-struct=OK   artifact-us-frdoc-legacy-seven-digit-tail-negative.jsonld
  [OK] artifact                            expected=PASS json-schema=PASS shacl=PASS rust-struct=OK   ts-struct=OK   artifact-us-frdoc-legacy-one-digit-head-negative.jsonld
  [OK] artifact                            expected=PASS json-schema=PASS shacl=PASS rust-struct=OK   ts-struct=OK   artifact-us-frdoc-legacy-letter-prefix-negative.jsonld
  [OK] artifact                            expected=PASS json-schema=PASS shacl=PASS rust-struct=OK   ts-struct=OK   artifact-us-frdoc-legacy-three-digit-head-negative.jsonld
  [OK] artifact                            expected=PASS json-schema=PASS shacl=PASS rust-struct=OK   ts-struct=OK   artifact-us-frdoc-legacy-modern-form-negative.jsonld
  [OK] artifact                            expected=PASS json-schema=PASS shacl=PASS rust-struct=OK   ts-struct=OK   artifact-us-frdoc-legacy-missing-date-negative.jsonld
  [OK] artifact                            expected=PASS json-schema=PASS shacl=PASS rust-struct=OK   ts-struct=OK   artifact-us-frdoc-legacy-malformed-date-negative.jsonld
  [OK] artifact                            expected=PASS json-schema=PASS shacl=PASS rust-struct=OK   ts-struct=OK   artifact-us-frdoc-x-four-digit-tail-negative.jsonld
  [OK] artifact                            expected=PASS json-schema=PASS shacl=PASS rust-struct=OK   ts-struct=OK   artifact-us-frdoc-x-eight-digit-tail-negative.jsonld
  [OK] artifact                            expected=PASS json-schema=PASS shacl=PASS rust-struct=OK   ts-struct=OK   artifact-us-frdoc-x-one-digit-head-negative.jsonld
  [OK] artifact                            expected=PASS json-schema=PASS shacl=PASS rust-struct=OK   ts-struct=OK   artifact-us-frdoc-x-three-digit-head-negative.jsonld
  [OK] artifact                            expected=PASS json-schema=PASS shacl=PASS rust-struct=OK   ts-struct=OK   artifact-us-frdoc-x-missing-prefix-negative.jsonld
  [OK] artifact                            expected=PASS json-schema=PASS shacl=PASS rust-struct=OK   ts-struct=OK   artifact-us-frdoc-x-modern-form-negative.jsonld
  [OK] artifact                            expected=PASS json-schema=PASS shacl=PASS rust-struct=OK   ts-struct=OK   artifact-regulatory-scheme-unregistered-negative.jsonld
  [OK] us-regulatory-artifact              expected=PASS json-schema=PASS shacl=PASS rust-struct=OK   ts-struct=OK   artifact-eli-positive.jsonld
  [OK] us-regulatory-artifact              expected=PASS json-schema=PASS shacl=PASS rust-struct=OK   ts-struct=OK   artifact-us-cfr-positive.jsonld
  [OK] us-regulatory-artifact              expected=PASS json-schema=PASS shacl=PASS rust-struct=OK   ts-struct=OK   artifact-us-cfr-lettered-part-positive.jsonld
  [OK] us-regulatory-artifact              expected=PASS json-schema=PASS shacl=PASS rust-struct=OK   ts-struct=OK   artifact-us-cfr-hyphen-part-positive.jsonld
  [OK] us-regulatory-artifact              expected=PASS json-schema=PASS shacl=PASS rust-struct=OK   ts-struct=OK   artifact-us-usc-positive.jsonld
  [OK] us-regulatory-artifact              expected=PASS json-schema=PASS shacl=PASS rust-struct=OK   ts-struct=OK   artifact-us-frdoc-positive.jsonld
  [OK] us-regulatory-artifact              expected=PASS json-schema=PASS shacl=PASS rust-struct=OK   ts-struct=OK   artifact-us-frdoc-short-tail-positive.jsonld
  [OK] us-regulatory-artifact              expected=PASS json-schema=PASS shacl=PASS rust-struct=OK   ts-struct=OK   artifact-us-frdoc-legacy-tail-1-positive.jsonld
  [OK] us-regulatory-artifact              expected=PASS json-schema=PASS shacl=PASS rust-struct=OK   ts-struct=OK   artifact-us-frdoc-legacy-tail-2-positive.jsonld
  [OK] us-regulatory-artifact              expected=PASS json-schema=PASS shacl=PASS rust-struct=OK   ts-struct=OK   artifact-us-frdoc-legacy-tail-3-collision-rule-positive.jsonld
  [OK] us-regulatory-artifact              expected=PASS json-schema=PASS shacl=PASS rust-struct=OK   ts-struct=OK   artifact-us-frdoc-legacy-tail-4-positive.jsonld
  [OK] us-regulatory-artifact              expected=PASS json-schema=PASS shacl=PASS rust-struct=OK   ts-struct=OK   artifact-us-frdoc-legacy-tail-5-positive.jsonld
  [OK] us-regulatory-artifact              expected=PASS json-schema=PASS shacl=PASS rust-struct=OK   ts-struct=OK   artifact-us-frdoc-legacy-tail-6-positive.jsonld
  [OK] us-regulatory-artifact              expected=PASS json-schema=PASS shacl=PASS rust-struct=OK   ts-struct=OK   artifact-us-frdoc-legacy-collision-notice-positive.jsonld
  [OK] us-regulatory-artifact              expected=PASS json-schema=PASS shacl=PASS rust-struct=OK   ts-struct=OK   artifact-us-frdoc-x-tail-5-positive.jsonld
  [OK] us-regulatory-artifact              expected=PASS json-schema=PASS shacl=PASS rust-struct=OK   ts-struct=OK   artifact-us-frdoc-x-tail-6-positive.jsonld
  [OK] us-regulatory-artifact              expected=PASS json-schema=PASS shacl=PASS rust-struct=OK   ts-struct=OK   artifact-us-frdoc-x-capacity-positive.jsonld
  [OK] us-regulatory-artifact              expected=PASS json-schema=PASS shacl=PASS rust-struct=OK   ts-struct=OK   artifact-us-regsgov-positive.jsonld
  [OK] us-regulatory-artifact              expected=PASS json-schema=PASS shacl=PASS rust-struct=OK   ts-struct=OK   artifact-us-pl-positive.jsonld
  [OK] us-regulatory-artifact              expected=PASS json-schema=PASS shacl=PASS rust-struct=OK   ts-struct=OK   artifact-us-eo-positive.jsonld
  [OK] us-regulatory-artifact              expected=PASS json-schema=PASS shacl=PASS rust-struct=OK   ts-struct=OK   artifact-cross-posting-positive.jsonld
  [OK] us-regulatory-artifact              expected=PASS json-schema=PASS shacl=PASS rust-struct=OK   ts-struct=OK   artifact-published-in-docket-positive.jsonld
  [OK] us-regulatory-artifact              expected=FAIL json-schema=FAIL shacl=FAIL rust-struct=OK   ts-struct=OK   artifact-regulatory-identifier-missing-scheme-negative.jsonld
  [OK] us-regulatory-artifact              expected=FAIL json-schema=FAIL shacl=FAIL rust-struct=OK   ts-struct=OK   artifact-regulatory-scheme-missing-identifier-negative.jsonld
  [OK] us-regulatory-artifact              expected=FAIL json-schema=FAIL shacl=FAIL rust-struct=OK   ts-struct=OK   artifact-us-cfr-malformed-negative.jsonld
  [OK] us-regulatory-artifact              expected=FAIL json-schema=FAIL shacl=FAIL rust-struct=OK   ts-struct=OK   artifact-us-cfr-uppercase-part-negative.jsonld
  [OK] us-regulatory-artifact              expected=FAIL json-schema=FAIL shacl=FAIL rust-struct=OK   ts-struct=OK   artifact-us-cfr-multiletter-part-negative.jsonld
  [OK] us-regulatory-artifact              expected=FAIL json-schema=FAIL shacl=FAIL rust-struct=OK   ts-struct=OK   artifact-us-usc-malformed-negative.jsonld
  [OK] us-regulatory-artifact              expected=FAIL json-schema=FAIL shacl=FAIL rust-struct=OK   ts-struct=OK   artifact-us-frdoc-malformed-negative.jsonld
  [OK] us-regulatory-artifact              expected=FAIL json-schema=FAIL shacl=FAIL rust-struct=OK   ts-struct=OK   artifact-us-frdoc-oversize-sequence-negative.jsonld
  [OK] us-regulatory-artifact              expected=FAIL json-schema=FAIL shacl=FAIL rust-struct=OK   ts-struct=OK   artifact-us-frdoc-short-year-negative.jsonld
  [OK] us-regulatory-artifact              expected=FAIL json-schema=FAIL shacl=FAIL rust-struct=OK   ts-struct=OK   artifact-us-frdoc-legacy-year-negative.jsonld
  [OK] us-regulatory-artifact              expected=FAIL json-schema=FAIL shacl=FAIL rust-struct=OK   ts-struct=OK   artifact-us-frdoc-legacy-empty-tail-negative.jsonld
  [OK] us-regulatory-artifact              expected=FAIL json-schema=FAIL shacl=FAIL rust-struct=OK   ts-struct=OK   artifact-us-frdoc-legacy-seven-digit-tail-negative.jsonld
  [OK] us-regulatory-artifact              expected=FAIL json-schema=FAIL shacl=FAIL rust-struct=OK   ts-struct=OK   artifact-us-frdoc-legacy-one-digit-head-negative.jsonld
  [OK] us-regulatory-artifact              expected=FAIL json-schema=FAIL shacl=FAIL rust-struct=OK   ts-struct=OK   artifact-us-frdoc-legacy-letter-prefix-negative.jsonld
  [OK] us-regulatory-artifact              expected=FAIL json-schema=FAIL shacl=FAIL rust-struct=OK   ts-struct=OK   artifact-us-frdoc-legacy-three-digit-head-negative.jsonld
  [OK] us-regulatory-artifact              expected=FAIL json-schema=FAIL shacl=FAIL rust-struct=OK   ts-struct=OK   artifact-us-frdoc-legacy-modern-form-negative.jsonld
  [OK] us-regulatory-artifact              expected=FAIL json-schema=FAIL shacl=FAIL rust-struct=OK   ts-struct=OK   artifact-us-frdoc-legacy-missing-date-negative.jsonld
  [OK] us-regulatory-artifact              expected=FAIL json-schema=FAIL shacl=FAIL rust-struct=OK   ts-struct=OK   artifact-us-frdoc-legacy-malformed-date-negative.jsonld
  [OK] us-regulatory-artifact              expected=FAIL json-schema=FAIL shacl=FAIL rust-struct=OK   ts-struct=OK   artifact-us-frdoc-x-four-digit-tail-negative.jsonld
  [OK] us-regulatory-artifact              expected=FAIL json-schema=FAIL shacl=FAIL rust-struct=OK   ts-struct=OK   artifact-us-frdoc-x-eight-digit-tail-negative.jsonld
  [OK] us-regulatory-artifact              expected=FAIL json-schema=FAIL shacl=FAIL rust-struct=OK   ts-struct=OK   artifact-us-frdoc-x-one-digit-head-negative.jsonld
  [OK] us-regulatory-artifact              expected=FAIL json-schema=FAIL shacl=FAIL rust-struct=OK   ts-struct=OK   artifact-us-frdoc-x-three-digit-head-negative.jsonld
  [OK] us-regulatory-artifact              expected=FAIL json-schema=FAIL shacl=FAIL rust-struct=OK   ts-struct=OK   artifact-us-frdoc-x-missing-prefix-negative.jsonld
  [OK] us-regulatory-artifact              expected=FAIL json-schema=FAIL shacl=FAIL rust-struct=OK   ts-struct=OK   artifact-us-frdoc-x-modern-form-negative.jsonld
  [OK] us-regulatory-artifact              expected=FAIL json-schema=FAIL shacl=FAIL rust-struct=OK   ts-struct=OK   artifact-us-regsgov-malformed-negative.jsonld
  [OK] us-regulatory-artifact              expected=FAIL json-schema=FAIL shacl=FAIL rust-struct=OK   ts-struct=OK   artifact-us-pl-malformed-negative.jsonld
  [OK] us-regulatory-artifact              expected=FAIL json-schema=FAIL shacl=FAIL rust-struct=OK   ts-struct=OK   artifact-us-eo-malformed-negative.jsonld
  [OK] us-regulatory-artifact              expected=FAIL json-schema=FAIL shacl=FAIL rust-struct=OK   ts-struct=OK   artifact-regulatory-scheme-unregistered-negative.jsonld
  [OK] lifecycle-event                     expected=PASS json-schema=PASS shacl=PASS rust-struct=OK   ts-struct=OK   lifecycleevent-positive.jsonld
  [OK] lifecycle-event                     expected=PASS json-schema=PASS shacl=PASS rust-struct=OK   ts-struct=OK   concept-lifecycle-operations-positive.jsonld
  [OK] lifecycle-event                     expected=PASS json-schema=PASS shacl=PASS rust-struct=OK   ts-struct=OK   concept-lifecycle-distinct-releases-edge.jsonld
  [OK] lifecycle-event                     expected=PASS json-schema=PASS shacl=PASS rust-struct=OK   ts-struct=OK   lifecycleevent-composed-kind-positive.jsonld
  [OK] lifecycle-event                     expected=PASS json-schema=PASS shacl=PASS rust-struct=OK   ts-struct=OK   lifecycleevent-unregistered-kind-negative.jsonld
  [OK] us-lifecycle-event                  expected=PASS json-schema=PASS shacl=PASS rust-struct=OK   ts-struct=OK   lifecycleevent-positive.jsonld
  [OK] us-lifecycle-event                  expected=PASS json-schema=PASS shacl=PASS rust-struct=OK   ts-struct=OK   concept-lifecycle-operations-positive.jsonld
  [OK] us-lifecycle-event                  expected=PASS json-schema=PASS shacl=PASS rust-struct=OK   ts-struct=OK   concept-lifecycle-distinct-releases-edge.jsonld
  [OK] us-lifecycle-event                  expected=PASS json-schema=PASS shacl=PASS rust-struct=OK   ts-struct=OK   lifecycleevent-composed-kind-positive.jsonld
  [OK] us-lifecycle-event                  expected=PASS json-schema=PASS shacl=PASS rust-struct=OK   ts-struct=OK   lifecycleevent-proceeding-stages-positive.jsonld
  [OK] us-lifecycle-event                  expected=FAIL json-schema=FAIL shacl=FAIL rust-struct=OK   ts-struct=OK   lifecycleevent-unregistered-kind-negative.jsonld
  [OK] lifecycle-event                     expected=FAIL json-schema=FAIL shacl=FAIL rust-struct=OK   ts-struct=OK   concept-lifecycle-deprecation-successor-negative.jsonld
  [OK] lifecycle-event                     expected=FAIL json-schema=FAIL shacl=FAIL rust-struct=OK   ts-struct=OK   concept-lifecycle-withdrawal-successor-negative.jsonld
  [OK] lifecycle-event                     expected=FAIL json-schema=FAIL shacl=FAIL rust-struct=OK   ts-struct=OK   concept-lifecycle-replacement-cardinality-negative.jsonld
  [OK] lifecycle-event                     expected=FAIL json-schema=FAIL shacl=FAIL rust-struct=OK   ts-struct=OK   concept-lifecycle-split-cardinality-negative.jsonld
  [OK] lifecycle-event                     expected=FAIL json-schema=FAIL shacl=FAIL rust-struct=OK   ts-struct=OK   concept-lifecycle-merge-cardinality-negative.jsonld
  [OK] lifecycle-event                     expected=FAIL json-schema=FAIL shacl=FAIL rust-struct=OK   ts-struct=OK   concept-lifecycle-promotion-cardinality-negative.jsonld
  [OK] lifecycle-event                     expected=FAIL json-schema=FAIL shacl=FAIL rust-struct=OK   ts-struct=OK   concept-lifecycle-demotion-cardinality-negative.jsonld
  [OK] lifecycle-event                     expected=FAIL json-schema=FAIL shacl=FAIL rust-struct=OK   ts-struct=OK   concept-lifecycle-same-release-negative.jsonld
  [OK] us-lifecycle-event                  expected=FAIL json-schema=FAIL shacl=FAIL rust-struct=OK   ts-struct=OK   concept-lifecycle-same-release-negative.jsonld
  [OK] lifecycle-event                     expected=FAIL json-schema=FAIL shacl=FAIL rust-struct=OK   ts-struct=OK   lifecycle-event-concept-fields-on-nonconcept-negative.jsonld
  [OK] us-lifecycle-event                  expected=FAIL json-schema=FAIL shacl=FAIL rust-struct=OK   ts-struct=OK   concept-lifecycle-retired-standalone-negative.jsonld
  [OK] rulemaking                          expected=PASS json-schema=PASS shacl=PASS rust-struct=OK   ts-struct=OK   docket-us-regsgov-positive.jsonld
  [OK] rulemaking                          expected=FAIL json-schema=FAIL shacl=FAIL rust-struct=OK   ts-struct=OK   docket-missing-has-docket-identifier-negative.jsonld
  [OK] rulemaking                          expected=FAIL json-schema=FAIL shacl=FAIL rust-struct=OK   ts-struct=OK   docket-missing-docket-identifier-scheme-negative.jsonld
  [OK] rulemaking                          expected=FAIL json-schema=FAIL shacl=FAIL rust-struct=OK   ts-struct=OK   docket-us-regsgov-malformed-negative.jsonld
  [OK] rulemaking                          expected=PASS json-schema=PASS shacl=PASS rust-struct=OK   ts-struct=OK   agenda-item-ordinary-positive.jsonld
  [OK] rulemaking                          expected=PASS json-schema=PASS shacl=PASS rust-struct=OK   ts-struct=OK   agenda-item-coast-guard-recurring-positive.jsonld
  [OK] rulemaking                          expected=PASS json-schema=PASS shacl=PASS rust-struct=OK   ts-struct=OK   agenda-item-faa-recurring-positive.jsonld
  [OK] rulemaking                          expected=PASS json-schema=PASS shacl=PASS rust-struct=OK   ts-struct=OK   agenda-item-repeated-unresolved-positive.jsonld
  [OK] rulemaking                          expected=FAIL json-schema=FAIL shacl=FAIL rust-struct=OK   ts-struct=OK   regulatory-agenda-item-missing-required-fields-negative.jsonld
  [OK] rulemaking                          expected=PASS json-schema=PASS shacl=PASS rust-struct=OK   ts-struct=OK   agenda-observations-multiple-editions-positive.jsonld
  [OK] rulemaking                          expected=FAIL json-schema=FAIL shacl=FAIL rust-struct=OK   ts-struct=OK   regulatory-agenda-observation-missing-required-fields-negative.jsonld
  [OK] rulemaking                          expected=PASS json-schema=PASS shacl=PASS rust-struct=OK   ts-struct=OK   agenda-item-ordinary-positive.jsonld
  [OK] rulemaking                          expected=FAIL json-schema=FAIL shacl=FAIL rust-struct=OK   ts-struct=OK   agenda-proceeding-relationship-missing-required-fields-negative.jsonld
  [OK] rulemaking                          expected=PASS json-schema=PASS shacl=PASS rust-struct=OK   ts-struct=OK   proceeding-partner-positive.jsonld
  [OK] rulemaking                          expected=FAIL json-schema=FAIL shacl=FAIL rust-struct=OK   ts-struct=OK   proceeding-missing-has-proceeding-identifier-negative.jsonld
  [OK] rulemaking                          expected=FAIL json-schema=FAIL shacl=FAIL rust-struct=OK   ts-struct=OK   proceeding-missing-proceeding-identifier-scheme-negative.jsonld
  [OK] rulemaking                          expected=PASS json-schema=PASS shacl=PASS rust-struct=OK   ts-struct=OK   proceeding-multi-docket-edge.jsonld
  [OK] rulemaking                          expected=PASS json-schema=PASS shacl=PASS rust-struct=OK   ts-struct=OK   proceeding-unknown-authority-positive.jsonld
  [OK] rulemaking                          expected=FAIL json-schema=FAIL shacl=FAIL rust-struct=OK   ts-struct=OK   proceeding-rin-as-identity-negative.jsonld
  [OK] rulemaking                          expected=PASS json-schema=PASS shacl=PASS rust-struct=OK   ts-struct=OK   commentperiod-positive.jsonld
  [OK] rulemaking                          expected=FAIL json-schema=FAIL shacl=FAIL rust-struct=OK   ts-struct=OK   comment-period-missing-comment-period-for-negative.jsonld
  [OK] rulemaking                          expected=FAIL json-schema=FAIL shacl=FAIL rust-struct=OK   ts-struct=OK   comment-period-missing-comment-period-start-negative.jsonld
  [OK] rulemaking                          expected=FAIL json-schema=FAIL shacl=FAIL rust-struct=OK   ts-struct=OK   comment-period-missing-comment-period-end-negative.jsonld
  [OK] rulemaking                          expected=FAIL json-schema=FAIL shacl=FAIL rust-struct=OK   ts-struct=OK   comment-period-missing-provenance-negative.jsonld
  [OK] rulemaking                          expected=FAIL json-schema=FAIL shacl=FAIL rust-struct=OK   ts-struct=OK   comment-period-malformed-date-negative.jsonld
  [OK] rulemaking                          expected=FAIL json-schema=FAIL shacl=FAIL rust-struct=OK   ts-struct=OK   comment-period-end-before-start-negative.jsonld
  [OK] source-fragment                     expected=PASS json-schema=PASS shacl=PASS rust-struct=OK   ts-struct=OK   sourcefragment-oa-textquote-positive.jsonld
  [OK] source-fragment                     expected=PASS json-schema=PASS shacl=PASS rust-struct=OK   ts-struct=OK   sourcefragment-position-selector-positive.jsonld
  [OK] source-fragment                     expected=PASS json-schema=PASS shacl=PASS rust-struct=OK   ts-struct=OK   sourcefragment-position-selector-positive.jsonld
  [OK] source-fragment                     expected=PASS json-schema=PASS shacl=PASS rust-struct=OK   ts-struct=OK   text-position-selector-zero-length-edge.jsonld
  [OK] source-fragment                     expected=FAIL json-schema=FAIL shacl=FAIL rust-struct=OK   ts-struct=OK   text-position-selector-missing-coordinate-system-negative.jsonld
  [OK] source-fragment                     expected=FAIL json-schema=FAIL shacl=FAIL rust-struct=OK   ts-struct=OK   text-position-selector-inverted-offsets-negative.jsonld
  [OK] source-fragment                     expected=FAIL json-schema=FAIL shacl=FAIL rust-struct=OK   ts-struct=OK   source-fragment-malformed-source-artifact-digest-negative.jsonld
  [OK] source-fragment                     expected=PASS json-schema=PASS shacl=PASS rust-struct=OK   ts-struct=OK   sourcefragment-referenced-quote-selector-positive.jsonld
  [OK] source-fragment                     expected=PASS json-schema=PASS shacl=PASS rust-struct=OK   ts-struct=OK   sourcefragment-referenced-quote-selector-positive.jsonld
  [OK] source-fragment                     expected=PASS json-schema=PASS shacl=PASS rust-struct=OK   ts-struct=OK   text-quote-selector-no-context-anchors-edge.jsonld
  [OK] source-fragment                     expected=FAIL json-schema=FAIL shacl=FAIL rust-struct=OK   ts-struct=OK   text-quote-selector-missing-exact-negative.jsonld
  [OK] source-fragment                     expected=PASS json-schema=PASS shacl=PASS rust-struct=OK   ts-struct=OK   sourcefragment-referenced-xpath-selector-positive.jsonld
  [OK] source-fragment                     expected=FAIL json-schema=FAIL shacl=FAIL rust-struct=OK   ts-struct=OK   xpath-selector-missing-value-negative.jsonld
  [OK] source-fragment                     expected=FAIL json-schema=FAIL shacl=FAIL rust-struct=OK   ts-struct=OK   xpath-selector-nonstring-value-negative.jsonld
  [OK] source-fragment                     expected=FAIL json-schema=FAIL shacl=FAIL rust-struct=OK   ts-struct=OK   text-position-selector-missing-start-negative.jsonld
  [OK] source-fragment                     expected=FAIL json-schema=FAIL shacl=FAIL rust-struct=OK   ts-struct=OK   text-position-selector-missing-end-negative.jsonld
  [OK] warrant                             expected=PASS json-schema=PASS shacl=PASS rust-struct=OK   ts-struct=OK   warrant-legal-positive.jsonld
  [OK] warrant                             expected=PASS json-schema=PASS shacl=PASS rust-struct=OK   ts-struct=OK   warrant-scientific-positive.jsonld
  [OK] confidence-record                   expected=PASS json-schema=PASS shacl=PASS rust-struct=OK   ts-struct=OK   confidencerecord-uncalibrated-positive.jsonld
  [OK] confidence-record                   expected=PASS json-schema=PASS shacl=PASS rust-struct=OK   ts-struct=OK   confidencerecord-calibrated-positive.jsonld
  [OK] confidence-record                   expected=FAIL json-schema=FAIL shacl=FAIL rust-struct=OK   ts-struct=OK   confidencerecord-score-theater-negative.jsonld
  [OK] access-scope                        expected=PASS json-schema=PASS shacl=PASS rust-struct=OK   ts-struct=OK   accessscope-public-positive.jsonld
  [OK] access-scope                        expected=PASS json-schema=PASS shacl=PASS rust-struct=OK   ts-struct=OK   accessscope-organizationVisible-positive.jsonld
  [OK] access-scope                        expected=FAIL json-schema=FAIL shacl=FAIL rust-struct=OK   ts-struct=OK   accessscope-leak-negative.jsonld
  [OK] ai-lineage                          expected=PASS json-schema=PASS shacl=PASS rust-struct=OK   ts-struct=OK   ailineage-positive.jsonld
  [OK] ai-lineage                          expected=PASS json-schema=PASS shacl=PASS rust-struct=OK   ts-struct=OK   ailineage-unreviewed-candidate-edge.jsonld
  [OK] ai-lineage                          expected=FAIL json-schema=FAIL shacl=FAIL rust-struct=OK   ts-struct=OK   a-i-lineage-missing-human-approver-negative.jsonld
  [OK] ai-lineage                          expected=FAIL json-schema=FAIL shacl=FAIL rust-struct=OK   ts-struct=OK   ailineage-malformed-input-context-hash-negative.jsonld
  [OK] retention-policy                    expected=PASS json-schema=PASS shacl=PASS rust-struct=OK   ts-struct=OK   retentionpolicy-positive.jsonld
  [OK] workspace                           expected=PASS json-schema=PASS shacl=PASS rust-struct=OK   ts-struct=OK   workspace-positive.jsonld
  [OK] evidence-binding                    expected=PASS json-schema=PASS shacl=PASS rust-struct=OK   ts-struct=OK   evidencebinding-positive.jsonld
  [OK] evidence-binding                    expected=PASS json-schema=PASS shacl=PASS rust-struct=OK   ts-struct=OK   evidencebinding-no-evidence-reason-positive.jsonld
  [OK] evidence-binding                    expected=FAIL json-schema=FAIL shacl=FAIL rust-struct=OK   ts-struct=OK   evidencebinding-missing-negative.jsonld
  [OK] evidence-binding                    expected=PASS json-schema=PASS shacl=PASS rust-struct=OK   ts-struct=OK   evidencebinding-declared-hypothesis-positive.jsonld
  [OK] relationship-assertion              expected=PASS json-schema=PASS shacl=PASS rust-struct=OK   ts-struct=OK   relationshipassertion-denied-positive.jsonld
  [OK] relationship-assertion              expected=PASS json-schema=PASS shacl=PASS rust-struct=OK   ts-struct=OK   relationshipassertion-affirmed-positive.jsonld
  [OK] relationship-assertion              expected=FAIL json-schema=FAIL shacl=FAIL rust-struct=OK   ts-struct=OK   relationship-assertion-missing-subject-negative.jsonld
  [OK] relationship-assertion              expected=FAIL json-schema=FAIL shacl=FAIL rust-struct=OK   ts-struct=OK   relationship-assertion-missing-origin-negative.jsonld
  [OK] relationship-assertion              expected=FAIL json-schema=FAIL shacl=FAIL rust-struct=OK   ts-struct=OK   relationship-assertion-missing-predicate-negative.jsonld
  [OK] relationship-assertion              expected=FAIL json-schema=FAIL shacl=FAIL rust-struct=OK   ts-struct=OK   relationship-assertion-missing-object-negative.jsonld
  [OK] relationship-assertion              expected=FAIL json-schema=FAIL shacl=FAIL rust-struct=OK   ts-struct=OK   relationship-assertion-missing-polarity-negative.jsonld
  [OK] relationship-assertion              expected=FAIL json-schema=FAIL shacl=FAIL rust-struct=OK   ts-struct=OK   relationship-assertion-invalid-polarity-negative.jsonld
  [OK] relationship-assertion              expected=FAIL json-schema=FAIL shacl=FAIL rust-struct=OK   ts-struct=OK   relationship-assertion-ai-missing-lineage-negative.jsonld
  [OK] relationship-assertion              expected=PASS json-schema=PASS shacl=PASS rust-struct=OK   ts-struct=OK   relationshipassertion-deterministic-origin-positive.jsonld
  [OK] relationship-assertion              expected=FAIL json-schema=FAIL shacl=FAIL rust-struct=OK   ts-struct=OK   relationship-assertion-deterministic-origin-without-provenance-negative.jsonld
  [OK] value-assertion                     expected=PASS json-schema=PASS shacl=PASS rust-struct=OK   ts-struct=OK   valueassertion-date-positive.jsonld
  [OK] value-assertion                     expected=PASS json-schema=PASS shacl=PASS rust-struct=OK   ts-struct=OK   valueassertion-denied-integer-positive.jsonld
  [OK] value-assertion                     expected=PASS json-schema=PASS shacl=PASS rust-struct=OK   ts-struct=OK   valueassertion-ai-suggested-positive.jsonld
  [OK] value-assertion                     expected=PASS json-schema=PASS shacl=PASS rust-struct=OK   ts-struct=OK   value-assertion-boolean-edge.jsonld
  [OK] value-assertion                     expected=FAIL json-schema=FAIL shacl=FAIL rust-struct=OK   ts-struct=OK   value-assertion-unregistered-datatype-negative.jsonld
  [OK] value-assertion                     expected=PASS json-schema=PASS shacl=PASS rust-struct=OK   ts-struct=OK   valueassertion-language-tagged-positive.jsonld
  [OK] value-assertion                     expected=FAIL json-schema=FAIL shacl=FAIL rust-struct=OK   ts-struct=OK   value-assertion-missing-asserts-value-negative.jsonld
  [OK] value-assertion                     expected=FAIL json-schema=FAIL shacl=FAIL rust-struct=OK   ts-struct=OK   value-assertion-missing-asserts-subject-negative.jsonld
  [OK] value-assertion                     expected=FAIL json-schema=FAIL shacl=FAIL rust-struct=OK   ts-struct=OK   value-assertion-missing-asserts-predicate-negative.jsonld
  [OK] value-assertion                     expected=FAIL json-schema=FAIL shacl=FAIL rust-struct=OK   ts-struct=OK   value-assertion-missing-assertion-polarity-negative.jsonld
  [OK] value-assertion                     expected=FAIL json-schema=FAIL shacl=FAIL rust-struct=OK   ts-struct=OK   value-assertion-missing-assertion-origin-negative.jsonld
  [OK] value-assertion                     expected=FAIL json-schema=FAIL shacl=FAIL rust-struct=OK   ts-struct=OK   value-assertion-ai-missing-lineage-negative.jsonld
  [OK] open-label                          expected=PASS json-schema=PASS shacl=PASS rust-struct=OK   ts-struct=OK   refspec-open-label-default-language-positive.jsonld
  [OK] open-label                          expected=FAIL json-schema=FAIL shacl=FAIL rust-struct=OK   ts-struct=OK   refspec-open-label-missing-language-negative.jsonld
  [OK] open-label                          expected=FAIL json-schema=FAIL shacl=FAIL rust-struct=OK   ts-struct=OK   refspec-open-label-missing-facet-negative.jsonld
  [OK] open-label                          expected=FAIL json-schema=FAIL shacl=FAIL rust-struct=OK   ts-struct=OK   refspec-open-label-missing-role-negative.jsonld
  [OK] open-label                          expected=FAIL json-schema=FAIL shacl=FAIL rust-struct=OK   ts-struct=OK   refspec-open-label-missing-provenance-negative.jsonld
  [OK] source-claimant                     expected=PASS json-schema=PASS shacl=PASS rust-struct=OK   ts-struct=OK   sourceclaimant-named-positive.jsonld
  [OK] source-claimant                     expected=PASS json-schema=PASS shacl=PASS rust-struct=OK   ts-struct=OK   sourceclaimant-issuer-positive.jsonld
  [OK] source-claimant                     expected=PASS json-schema=PASS shacl=PASS rust-struct=OK   ts-struct=OK   source-claimant-not-stated-edge.jsonld
  [OK] source-claimant                     expected=FAIL json-schema=FAIL shacl=FAIL rust-struct=OK   ts-struct=OK   source-claimant-named-without-text-negative.jsonld
  [OK] source-claimant                     expected=FAIL json-schema=FAIL shacl=FAIL rust-struct=OK   ts-struct=OK   source-claimant-missing-claims-assertion-negative.jsonld
  [OK] source-claimant                     expected=FAIL json-schema=FAIL shacl=FAIL rust-struct=OK   ts-struct=OK   source-claimant-missing-claimant-attribution-negative.jsonld
  [OK] extraction-activity                 expected=PASS json-schema=PASS shacl=PASS rust-struct=OK   ts-struct=OK   extractionactivity-model-positive.jsonld
  [OK] extraction-activity                 expected=PASS json-schema=PASS shacl=PASS rust-struct=OK   ts-struct=OK   extractionactivity-deterministic-positive.jsonld
  [OK] extraction-activity                 expected=PASS json-schema=PASS shacl=PASS rust-struct=OK   ts-struct=OK   extractionactivity-deterministic-no-request-contract-positive.jsonld
  [OK] extraction-activity                 expected=PASS json-schema=PASS shacl=PASS rust-struct=OK   ts-struct=OK   extraction-activity-retry-edge.jsonld
  [OK] extraction-activity                 expected=FAIL json-schema=FAIL shacl=FAIL rust-struct=OK   ts-struct=OK   extraction-activity-model-without-model-ref-negative.jsonld
  [OK] extraction-activity                 expected=FAIL json-schema=FAIL shacl=FAIL rust-struct=OK   ts-struct=OK   extraction-activity-malformed-request-digest-negative.jsonld
  [OK] extraction-activity                 expected=FAIL json-schema=FAIL shacl=FAIL rust-struct=OK   ts-struct=OK   extraction-activity-missing-extraction-run-negative.jsonld
  [OK] extraction-activity                 expected=FAIL json-schema=FAIL shacl=FAIL rust-struct=OK   ts-struct=OK   extraction-activity-missing-extracted-by-negative.jsonld
  [OK] extraction-activity                 expected=FAIL json-schema=FAIL shacl=FAIL rust-struct=OK   ts-struct=OK   extraction-activity-missing-extractor-version-negative.jsonld
  [OK] extraction-activity                 expected=FAIL json-schema=FAIL shacl=FAIL rust-struct=OK   ts-struct=OK   extraction-activity-missing-request-contract-digest-negative.jsonld
  [OK] extraction-activity                 expected=FAIL json-schema=FAIL shacl=FAIL rust-struct=OK   ts-struct=OK   extraction-activity-missing-extraction-method-negative.jsonld
  [OK] concept                             expected=PASS json-schema=PASS shacl=PASS rust-struct=OK   ts-struct=OK   conceptscheme-registry-positive.jsonld
  [OK] concept                             expected=PASS json-schema=PASS shacl=PASS rust-struct=OK   ts-struct=OK   conceptscheme-local-positive.jsonld
  [OK] concept                             expected=FAIL json-schema=FAIL shacl=FAIL rust-struct=OK   ts-struct=OK   concept-scheme-missing-scheme-facet-negative.jsonld
  [OK] concept                             expected=FAIL json-schema=FAIL shacl=FAIL rust-struct=OK   ts-struct=OK   concept-scheme-missing-pref-label-negative.jsonld
  [OK] concept                             expected=PASS json-schema=PASS shacl=PASS rust-struct=OK   ts-struct=OK   concept-scheme-multiple-top-concepts-edge.jsonld
  [OK] concept                             expected=FAIL json-schema=FAIL shacl=FAIL rust-struct=OK   ts-struct=OK   concept-scheme-unowned-negative.jsonld
  [OK] concept                             expected=PASS json-schema=PASS shacl=PASS rust-struct=OK   ts-struct=OK   concept-registered-positive.jsonld
  [OK] concept                             expected=PASS json-schema=PASS shacl=PASS rust-struct=OK   ts-struct=OK   concept-vocabulary-text-multilingual-positive.jsonld
  [OK] concept                             expected=PASS json-schema=PASS shacl=PASS rust-struct=OK   ts-struct=OK   registered-concept-multiple-relations-edge.jsonld
  [OK] concept                             expected=PASS json-schema=PASS shacl=PASS rust-struct=OK   ts-struct=OK   concepts-identical-label-different-schemes-edge.jsonld
  [OK] concept                             expected=FAIL json-schema=FAIL shacl=FAIL rust-struct=OK   ts-struct=OK   registered-concept-missing-in-scheme-negative.jsonld
  [OK] concept                             expected=FAIL json-schema=FAIL shacl=FAIL rust-struct=OK   ts-struct=OK   registered-concept-missing-pref-label-negative.jsonld
  [OK] concept                             expected=FAIL json-schema=FAIL shacl=FAIL rust-struct=OK   ts-struct=OK   registered-concept-missing-registered-at-negative.jsonld
  [OK] concept                             expected=FAIL json-schema=FAIL shacl=FAIL rust-struct=OK   ts-struct=OK   concept-language-map-untagged-negative.jsonld
  [OK] concept                             expected=FAIL json-schema=FAIL shacl=FAIL rust-struct=OK   ts-struct=OK   concept-language-map-at-none-negative.jsonld
  [OK] concept                             expected=FAIL json-schema=FAIL shacl=FAIL rust-struct=OK   ts-struct=OK   concept-label-duplicate-pref-language-negative.jsonld
  [OK] concept                             expected=PASS json-schema=PASS shacl=PASS rust-struct=OK   ts-struct=OK   localconcept-positive.jsonld
  [OK] concept                             expected=PASS json-schema=PASS shacl=PASS rust-struct=OK   ts-struct=OK   local-concept-multiple-relations-edge.jsonld
  [OK] concept                             expected=FAIL json-schema=FAIL shacl=FAIL rust-struct=OK   ts-struct=OK   local-concept-missing-in-scheme-negative.jsonld
  [OK] concept-mapping                     expected=PASS json-schema=PASS shacl=PASS rust-struct=OK   ts-struct=OK   conceptmapping-positive.jsonld
  [OK] concept-mapping                     expected=PASS json-schema=PASS shacl=PASS rust-struct=OK   ts-struct=OK   concept-mapping-skos-broad-match-edge.jsonld
  [OK] concept-mapping                     expected=FAIL json-schema=FAIL shacl=FAIL rust-struct=OK   ts-struct=OK   concept-mapping-in-scheme-broader-negative.jsonld
  [OK] concept-mapping                     expected=FAIL json-schema=FAIL shacl=FAIL rust-struct=OK   ts-struct=OK   concept-mapping-missing-canonical-required-fields-negative.jsonld
  [OK] concept-assignment                  expected=PASS json-schema=PASS shacl=PASS rust-struct=OK   ts-struct=OK   conceptassignment-fragment-direct-positive.jsonld
  [OK] concept-assignment                  expected=PASS json-schema=PASS shacl=PASS rust-struct=OK   ts-struct=OK   conceptassignment-document-derived-positive.jsonld
  [OK] concept-assignment                  expected=PASS json-schema=PASS shacl=PASS rust-struct=OK   ts-struct=OK   concept-assignment-unreviewed-ai-candidate-edge.jsonld
  [OK] concept-assignment                  expected=FAIL json-schema=FAIL shacl=FAIL rust-struct=OK   ts-struct=OK   concept-assignment-missing-canonical-required-fields-negative.jsonld
  [OK] concept-assignment                  expected=PASS json-schema=PASS shacl=PASS rust-struct=OK   ts-struct=OK   conceptassignment-carrier-local-fragment-positive.jsonld
  [OK] concept-assignment                  expected=FAIL json-schema=FAIL shacl=FAIL rust-struct=OK   ts-struct=OK   concept-assignment-missing-assigned-release-negative.jsonld
  [OK] reference-resource-release          expected=PASS json-schema=PASS shacl=PASS rust-struct=OK   ts-struct=OK   reference-resource-release-digest-positive.jsonld
  [OK] reference-resource-release          expected=PASS json-schema=PASS shacl=PASS rust-struct=OK   ts-struct=OK   reference-resource-release-membership-modes-positive.jsonld
  [OK] reference-resource-release          expected=FAIL json-schema=FAIL shacl=FAIL rust-struct=OK   ts-struct=OK   reference-resource-release-missing-digest-negative.jsonld
  [OK] reference-resource-release          expected=FAIL json-schema=FAIL shacl=FAIL rust-struct=OK   ts-struct=OK   reference-resource-release-complete-without-member-negative.jsonld
  [OK] reference-resource-release          expected=FAIL json-schema=FAIL shacl=FAIL rust-struct=OK   ts-struct=OK   reference-resource-release-not-enumerated-with-member-negative.jsonld
  [OK] reference-resource-release          expected=FAIL json-schema=FAIL shacl=FAIL rust-struct=OK   ts-struct=OK   reference-resource-release-missing-canonical-required-fields-negative.jsonld
  [OK] concept-resolution-result           expected=PASS json-schema=PASS shacl=PASS rust-struct=OK   ts-struct=OK   conceptresolutionresult-positive.jsonld
  [OK] concept-resolution-result           expected=PASS json-schema=PASS shacl=PASS rust-struct=OK   ts-struct=OK   concept-resolution-result-unresolved-edge.jsonld
  [OK] concept-resolution-result           expected=FAIL json-schema=FAIL shacl=FAIL rust-struct=OK   ts-struct=OK   concept-resolution-result-missing-input-concept-negative.jsonld
  [OK] concept-resolution-result           expected=FAIL json-schema=FAIL shacl=FAIL rust-struct=OK   ts-struct=OK   concept-resolution-result-missing-resolution-status-negative.jsonld
  [OK] concept-resolution-result           expected=FAIL json-schema=FAIL shacl=FAIL rust-struct=OK   ts-struct=OK   concept-resolution-result-missing-resolution-method-negative.jsonld
  [OK] concept-resolution-result           expected=FAIL json-schema=FAIL shacl=FAIL rust-struct=OK   ts-struct=OK   concept-resolution-result-missing-cache-status-negative.jsonld
  [OK] concept-resolution-result           expected=FAIL json-schema=FAIL shacl=FAIL rust-struct=OK   ts-struct=OK   concept-resolution-result-missing-usage-ceiling-negative.jsonld
  [OK] concept-resolution-result           expected=FAIL json-schema=FAIL shacl=FAIL rust-struct=OK   ts-struct=OK   concept-resolution-result-missing-resolved-at-negative.jsonld
  [OK] concept-resolution-result           expected=FAIL json-schema=FAIL shacl=FAIL rust-struct=OK   ts-struct=OK   concept-resolution-result-mapping-without-assertion-negative.jsonld
  [OK] concept-resolution-result           expected=FAIL json-schema=FAIL shacl=FAIL rust-struct=OK   ts-struct=OK   concept-resolution-result-direct-with-mapping-negative.jsonld
  [OK] concept-resolution-result           expected=FAIL json-schema=FAIL shacl=FAIL rust-struct=OK   ts-struct=OK   concept-resolution-result-unresolved-with-concept-negative.jsonld
  [OK] concept-resolution-result           expected=FAIL json-schema=FAIL shacl=FAIL rust-struct=OK   ts-struct=OK   concept-resolution-result-broad-resolved-negative.jsonld
  [OK] concept-resolution-result           expected=FAIL json-schema=FAIL shacl=FAIL rust-struct=OK   ts-struct=OK   concept-resolution-result-broad-over-ceiling-negative.jsonld
  [OK] concept-resolution-result           expected=FAIL json-schema=FAIL shacl=FAIL rust-struct=OK   ts-struct=OK   concept-resolution-result-close-awaiting-over-ceiling-negative.jsonld
  [OK] concept-resolution-result           expected=FAIL json-schema=FAIL shacl=FAIL rust-struct=OK   ts-struct=OK   concept-resolution-result-close-local-over-ceiling-negative.jsonld
  [OK] concept-resolution-result           expected=FAIL json-schema=FAIL shacl=FAIL rust-struct=OK   ts-struct=OK   concept-resolution-result-cache-served-not-cached-negative.jsonld
  [OK] concept-resolution-result           expected=FAIL json-schema=FAIL shacl=FAIL rust-struct=OK   ts-struct=OK   concept-resolution-result-stale-cache-served-fresh-negative.jsonld
  [OK] concept-resolution-result           expected=FAIL json-schema=FAIL shacl=FAIL rust-struct=OK   ts-struct=OK   concept-resolution-result-conflicting-eligible-ceiling-negative.jsonld
  [OK] relation-change-event               expected=PASS json-schema=PASS shacl=PASS rust-struct=OK   ts-struct=OK   relationchangeevent-removal-positive.jsonld
  [OK] relation-change-event               expected=PASS json-schema=PASS shacl=PASS rust-struct=OK   ts-struct=OK   relationchangeevent-replacement-positive.jsonld
  [OK] relation-change-event               expected=PASS json-schema=PASS shacl=PASS rust-struct=OK   ts-struct=OK   relation-change-event-stage-unclear-edge.jsonld
  [OK] relation-change-event               expected=FAIL json-schema=FAIL shacl=FAIL rust-struct=OK   ts-struct=OK   relation-change-event-missing-required-negative.jsonld
  [OK] relation-change-event               expected=FAIL json-schema=FAIL shacl=FAIL rust-struct=OK   ts-struct=OK   relation-change-event-replacement-without-successor-negative.jsonld
  [OK] relation-change-event               expected=FAIL json-schema=FAIL shacl=FAIL rust-struct=OK   ts-struct=OK   relation-change-event-effective-without-time-negative.jsonld
  [OK] relation-comparison-context         expected=PASS json-schema=PASS shacl=PASS rust-struct=OK   ts-struct=OK   relationcomparisoncontext-satisfied-positive.jsonld
  [OK] relation-comparison-context         expected=PASS json-schema=PASS shacl=PASS rust-struct=OK   ts-struct=OK   relationfinding-discrepancy-positive.jsonld
  [OK] relation-comparison-context         expected=PASS json-schema=PASS shacl=PASS rust-struct=OK   ts-struct=OK   relation-comparison-unknown-no-proof-edge.jsonld
  [OK] relation-comparison-context         expected=PASS json-schema=PASS shacl=PASS rust-struct=OK   ts-struct=OK   resolver-proof-scope-relation-edge.jsonld
  [OK] relation-comparison-context         expected=FAIL json-schema=FAIL shacl=FAIL rust-struct=OK   ts-struct=OK   relation-comparison-context-missing-required-negative.jsonld
  [OK] relation-comparison-context         expected=FAIL json-schema=FAIL shacl=FAIL rust-struct=OK   ts-struct=OK   relation-comparison-satisfied-without-proof-negative.jsonld
  [OK] resolver-proof-record               expected=PASS json-schema=PASS shacl=PASS rust-struct=OK   ts-struct=OK   relationfinding-discrepancy-positive.jsonld
  [OK] resolver-proof-record               expected=FAIL json-schema=FAIL shacl=FAIL rust-struct=OK   ts-struct=OK   resolver-proof-issuer-missing-required-negative.jsonld
  [OK] resolver-proof-record               expected=PASS json-schema=PASS shacl=PASS rust-struct=OK   ts-struct=OK   relationfinding-discrepancy-positive.jsonld
  [OK] resolver-proof-record               expected=PASS json-schema=PASS shacl=PASS rust-struct=OK   ts-struct=OK   resolver-proof-scope-relation-edge.jsonld
  [OK] resolver-proof-record               expected=FAIL json-schema=FAIL shacl=FAIL rust-struct=OK   ts-struct=OK   resolver-proof-record-missing-required-negative.jsonld
  [OK] resolver-proof-record               expected=FAIL json-schema=FAIL shacl=FAIL rust-struct=OK   ts-struct=OK   resolver-proof-record-malformed-digest-negative.jsonld
  [OK] relation-finding                    expected=PASS json-schema=PASS shacl=PASS rust-struct=OK   ts-struct=OK   relationfinding-discrepancy-positive.jsonld
  [OK] relation-finding                    expected=PASS json-schema=PASS shacl=PASS rust-struct=OK   ts-struct=OK   relation-finding-repeat-occurrence-edge.jsonld
  [OK] relation-finding                    expected=FAIL json-schema=FAIL shacl=FAIL rust-struct=OK   ts-struct=OK   relation-finding-missing-required-negative.jsonld
  [OK] relation-finding                    expected=FAIL json-schema=FAIL shacl=FAIL rust-struct=OK   ts-struct=OK   relation-finding-single-compared-assertion-negative.jsonld
  [OK] closure-claim                       expected=PASS json-schema=PASS shacl=PASS rust-struct=OK   ts-struct=OK   closureclaim-disabled-positive.jsonld
  [OK] closure-claim                       expected=PASS json-schema=PASS shacl=PASS rust-struct=OK   ts-struct=OK   closure-claim-unreviewed-edge.jsonld
  [OK] closure-claim                       expected=FAIL json-schema=FAIL shacl=FAIL rust-struct=OK   ts-struct=OK   closure-claim-missing-required-negative.jsonld
  [OK] closure-claim                       expected=FAIL json-schema=FAIL shacl=FAIL rust-struct=OK   ts-struct=OK   closure-claim-enabled-status-negative.jsonld
  [FAIL] conditional-silent-pass             expected=PASS json-schema=FAIL shacl=FAIL rust-struct=OK   ts-struct=OK   conditional-silent-pass-positive.jsonld
  [OK] conditional-silent-pass             expected=FAIL json-schema=FAIL shacl=FAIL rust-struct=OK   ts-struct=OK   conditional-silent-pass-negative.jsonld
  [OK] enum-drift                          expected=FAIL json-schema=FAIL shacl=FAIL rust-struct=OK   ts-struct=OK   enum-drift-negative.jsonld
  [OK] cross-property-coupling             expected=FAIL json-schema=FAIL shacl=FAIL rust-struct=OK   ts-struct=OK   cross-property-coupling-negative.jsonld
  [FAIL] nested-noevidencereason             expected=PASS json-schema=FAIL shacl=FAIL rust-struct=OK   ts-struct=OK   nested-noevidencereason-positive.jsonld
  [OK] warrant-family-confusion            expected=FAIL json-schema=FAIL shacl=PASS rust-struct=OK   ts-struct=OK   warrant-family-confusion-negative.jsonld (sh-divergence — expected for adversarial)
  [OK] consent-vs-warrant                  expected=FAIL json-schema=FAIL shacl=FAIL rust-struct=OK   ts-struct=OK   consent-vs-warrant-negative.jsonld
  [OK] confidence-score-without-method     expected=FAIL json-schema=FAIL shacl=FAIL rust-struct=OK   ts-struct=OK   confidence-score-without-method-negative.jsonld
======================================================================
CORE divergences (release blockers): 0
ADVERSARIAL findings (documentation): 2
