   Compiling memchr v2.8.0
   Compiling syn v2.0.117
   Compiling serde_json v1.0.149
   Compiling regress v0.11.1
   Compiling serde_derive_internals v0.29.1
   Compiling serde_derive v1.0.228
   Compiling thiserror-impl v2.0.18
   Compiling schemars_derive v0.8.22
   Compiling thiserror v2.0.18
   Compiling serde v1.0.228
   Compiling schemars v0.8.22
   Compiling serde_tokenstream v0.2.3
   Compiling typify-impl v0.6.2
   Compiling typify-macro v0.6.2
   Compiling typify v0.6.2
   Compiling rkaf-core v0.2.0-pre.18 (/Users/mikewolfd/Work/rulespec/crates/rkaf-core)
    Finished `test` profile [unoptimized + debuginfo] target(s) in 7.91s
     Running unittests src/lib.rs (crates/target/debug/deps/rkaf_core-831a370ba6700890)

running 0 tests

test result: ok. 0 passed; 0 failed; 0 ignored; 0 measured; 0 filtered out; finished in 0.00s

     Running tests/fixture_round_trip.rs (crates/target/debug/deps/fixture_round_trip-cd090bae4f8535e1)

running 45 tests
test round_trip_bridgevalidationresult_with_freshness_fixture ... ok
test round_trip_authority_fixture ... ok
test round_trip_ai_lineage_fixture ... ok
test round_trip_access_scope_fixtures ... ok
test round_trip_attestation_revoked_within_period_fixture ... ok
test round_trip_attestation_fixture ... ok
test round_trip_applicability_scope_fixture ... ok
test round_trip_bridge_consumer_registration_fixture ... ok
test round_trip_attestation_waiving_finding_fixture ... ok
test round_trip_bridge_validation_result_fixture ... ok
test round_trip_attestation_with_effective_period_fixture ... ok
test round_trip_attestation_revoked_fixture ... ok
test round_trip_closure_claim_fixture ... ok
test round_trip_concept_resolution_result_fixture ... ok
test round_trip_concept_mapping_fixture ... ok
test round_trip_concept_assignment_fixtures ... ok
test round_trip_concept_flavor_fixtures ... ok
test round_trip_confidence_record_fixtures ... ok
test round_trip_evidencebinding_with_freshness_fixture ... ok
test round_trip_effective_period_fixture ... ok
test round_trip_evidence_binding_fixtures ... ok
test round_trip_finding_fixture ... ok
test round_trip_concept_scheme_fixtures ... ok
test round_trip_extraction_activity_fixtures ... ok
test round_trip_justification_fixture ... ok
test round_trip_local_adoption_fixture ... ok
test round_trip_registry_conflict_fixture ... ok
test round_trip_mapping_state_carrier ... ok
test round_trip_profile_overlay_shares_the_kernel_type ... ok
test round_trip_lifecycle_event_fixture ... ok
test round_trip_relation_comparison_context_fixture ... ok
test round_trip_retention_policy_fixture ... ok
test round_trip_relationship_assertion_fixtures ... ok
test round_trip_relation_finding_fixture ... ok
test round_trip_artifact_fixtures ... ok
test round_trip_relation_change_event_fixtures ... ok
test round_trip_source_claimant_fixtures ... ok
test round_trip_sourcefragment_with_freshness_fixture ... ok
test typed_literal_rejects_members_outside_value_and_type ... ok
test round_trip_resolver_proof_fixtures ... ok
test round_trip_warrant_fixtures ... ok
test round_trip_source_fragment_identity_fixtures ... ok
test round_trip_source_fragment_fixtures ... ok
test round_trip_rulemaking_fixtures ... ok
test round_trip_value_assertion_fixtures ... ok

test result: ok. 45 passed; 0 failed; 0 ignored; 0 measured; 0 filtered out; finished in 0.00s

     Running tests/platform_artifact.rs (crates/target/debug/deps/platform_artifact-890c60cf1e71b5cf)

running 2 tests
test artifact_rejects_unknown_root_members ... ok
test product_neutral_artifact_round_trips_with_an_opaque_spec ... ok

test result: ok. 2 passed; 0 failed; 0 ignored; 0 measured; 0 filtered out; finished in 0.00s

   Doc-tests rkaf_core

running 0 tests

test result: ok. 0 passed; 0 failed; 0 ignored; 0 measured; 0 filtered out; finished in 0.00s

