Using Python 3.12.13 environment at: .tools/document-poc-venv
Resolved 85 packages in 42ms
Uninstalled 10 packages in 160ms
Installed 10 packages in 25ms
 - docspec==0.2.11
 + docspec==0.2.11 (from file:///Users/mikewolfd/Work/DocSpec/dist/docspec-0.2.11-py3-none-any.whl)
 - google-auth==2.57.1
 + google-auth==2.58.0
 - google-cloud-storage==3.13.1
 + google-cloud-storage==3.14.1
 - google-genai==2.22.0
 + google-genai==2.23.0
 - multidict==6.7.1
 + multidict==6.8.0
 - refspec==0.1.0.dev0 (from file:///Users/mikewolfd/Work/rulespec/dist/reference-tools-20260911-uslm/refspec-0.1.0.dev0-py3-none-any.whl)
 + refspec==0.1.0.dev0 (from file:///Users/mikewolfd/Work/rulespec/dist/reference-tools-20260911-uslm-text/refspec-0.1.0.dev0-py3-none-any.whl)
 - regex==2026.9.3
 + regex==2026.9.10
 - rulespec-conformance==0.2.0rc18 (from file:///Users/mikewolfd/Work/rulespec/dist/production-20260910/rulespec_conformance-0.2.0rc18-py3-none-any.whl)
 + rulespec-conformance==0.2.0rc18 (from file:///Users/mikewolfd/Work/rulespec/dist/reference-integration-20260911-uslm-text/rulespec_conformance-0.2.0rc18-py3-none-any.whl)
 - rulespec-extrapolator==0.1.0.dev0 (from file:///Users/mikewolfd/Work/rulespec/dist/reference-integration-20260911-names/rulespec_extrapolator-0.1.0.dev0-py3-none-any.whl)
 + rulespec-extrapolator==0.1.0.dev0 (from file:///Users/mikewolfd/Work/rulespec/dist/reference-integration-20260911-uslm-text/rulespec_extrapolator-0.1.0.dev0-py3-none-any.whl)
 - tqdm==4.70.0
 + tqdm==4.70.1
