Using CPython 3.12.13 interpreter at: .tools/document-poc-venv/bin/python
Creating virtual environment at: .tools/reference-integration-20260911-reverse-title
Activate with: source .tools/reference-integration-20260911-reverse-title/bin/activate
Using Python 3.12.13 environment at: .tools/reference-integration-20260911-reverse-title
Resolved 85 packages in 80ms
Prepared 1 package in 16ms
Installed 85 packages in 360ms
 + absl-py==2.5.0
 + aiohappyeyeballs==2.7.1
 + aiohttp==3.14.3
 + aiosignal==1.4.0
 + annotated-types==0.8.0
 + anyio==4.15.1
 + async-timeout==5.0.1
 + attrs==26.1.0
 + backports-zstd==1.6.0
 + certifi==2026.7.22
 + cffi==2.1.1
 + charset-normalizer==3.5.1
 + cryptography==50.0.1
 + distro==1.9.0
 + docspec==0.2.11 (from file:///Users/mikewolfd/Work/DocSpec/dist/docspec-0.2.11-py3-none-any.whl)
 + duckdb==1.5.5
 + et-xmlfile==2.0.0
 + exceptiongroup==1.3.1
 + frozenlist==1.8.0
 + google-api-core==2.36.0
 + google-auth==2.58.0
 + google-cloud-core==2.7.0
 + google-cloud-storage==3.14.1
 + google-crc32c==1.8.0
 + google-genai==2.23.0
 + google-resumable-media==2.10.2
 + googleapis-common-protos==1.75.3
 + h11==0.16.0
 + html5rdf==1.2.1
 + httpcore==1.0.9
 + httpx==0.28.1
 + idna==3.19
 + jsonschema==4.26.0
 + jsonschema-rs==0.56.0
 + jsonschema-specifications==2025.9.1
 + langextract==1.6.0
 + ml-collections==1.1.0
 + more-itertools==11.1.0
 + multidict==6.8.0
 + numpy==2.5.3
 + openpyxl==3.1.5
 + opentelemetry-api==1.44.0
 + owlrl==7.1.4
 + packaging==26.3
 + pandas==3.0.5
 + prettytable==3.18.0
 + propcache==0.5.2
 + proto-plus==1.28.4
 + protobuf==7.36.1
 + pyarrow==23.0.0
 + pyasn1==0.6.4
 + pyasn1-modules==0.4.2
 + pycparser==3.0
 + pydantic==2.13.5
 + pydantic-core==2.46.5
 + pymarc==5.4.0
 + pyparsing==3.3.2
 + pypdf==6.18.0
 + pyshacl==0.31.0
 + python-dateutil==2.9.0.post0
 + python-dotenv==1.2.3
 + pyyaml==6.0.3
 + rdfcanon==1.0.0
 + rdflib==7.5.0
 + referencing==0.37.0
 + refspec==0.1.0.dev0 (from file:///Users/mikewolfd/Work/rulespec/dist/reference-integration-20260911-reverse-title/refspec-0.1.0.dev0-py3-none-any.whl)
 + regex==2026.9.10
 + requests==2.34.2
 + rpds-py==2026.6.3
 + rulespec-artifacts==1.0.11 (from file:///Users/mikewolfd/Work/rulespec/dist/production-20260910/rulespec_artifacts-1.0.11-py3-none-any.whl)
 + rulespec-conformance==0.2.0rc18 (from file:///Users/mikewolfd/Work/rulespec/dist/reference-integration-20260911-uslm-text/rulespec_conformance-0.2.0rc18-py3-none-any.whl)
 + rulespec-extrapolator==0.1.0.dev0 (from file:///Users/mikewolfd/Work/rulespec/dist/reference-integration-20260911-ecfr/rulespec_extrapolator-0.1.0.dev0-py3-none-any.whl)
 + rulespec-projection==0.1.0 (from file:///Users/mikewolfd/Work/rulespec/dist/citation-ownership-20260911/rulespec_projection-0.1.0-py3-none-any.whl)
 + six==1.17.0
 + sniffio==1.3.1
 + sortedcontainers==2.4.0
 + spicysearch==0.1.4 (from file:///Users/mikewolfd/Work/rulespec/dist/reference-tools-20260910-parenthetical/spicysearch-0.1.4-py3-none-any.whl)
 + tenacity==9.1.4
 + tqdm==4.70.1
 + typing-extensions==4.16.0
 + typing-inspection==0.4.4
 + urllib3==2.7.0
 + wcwidth==0.8.3
 + websockets==16.1.1
 + yarl==1.24.5
Using Python 3.12.13 environment at: .tools/reference-integration-20260911-reverse-title
Resolved 5 packages in 3ms
Installed 4 packages in 15ms
 + iniconfig==2.3.0
 + pluggy==1.6.0
 + pygments==2.21.0
 + pytest==9.1.1
Using Python 3.12.13 environment at: .tools/reference-integration-20260911-reverse-title
Checked 89 packages in 1ms
All installed packages are compatible
