{
  "source_cases": 8,
  "source_variants": 32,
  "constructed_controls": 12,
  "index_keys": 8424,
  "index_path": "/Users/mikewolfd/Work/RefSpec/research/evidence/cfr-subject-index-2026-08-20/part-subjects.csv",
  "index_sha256": "8b536dd6bee83eca902bba52bff7b42c9aae65cefeb2a540ecfc1f900abb440b",
  "shape_results": {
    "baseline": {
      "correct_complete_part": 8235,
      "implausible_parts": 0,
      "minted": 8415,
      "wrong_or_missing_part": 189
    },
    "whole_token_title_rule": {
      "correct_complete_part": 8424,
      "implausible_parts": 5,
      "minted": 8226
    },
    "spicy_strict": {
      "correct_complete_part": 8414,
      "wrong_or_missing_part": 10
    }
  },
  "xml_parts": 2210,
  "xml_plural_headings": 167,
  "model_calls": 0,
  "production_changes": false
}

