Call 1/18 started: cases/alcohol/extraction
WARNING:google_genai.models:Direct use of automatic function calling (AFC) in Models.generate_content is not recommended. Instead, we recommend to use AFC in Chat.send_message. Similarly, direct use of AFC in Models.generate_content_stream is not recommended. Instead, we recommend to use AFC in Chat.send_message_stream.
Call 1/18: response_received
Call 2/18 started: cases/alcohol/refinement/initial-audit/inventory
Call 2/18: response_received
Call 3/18 started: cases/alcohol/refinement/initial-audit/comparison
Call 3/18: response_received
Call 4/18 started: cases/alcohol/refinement/recovery/window-0000/proposal
Call 4/18: response_received
Call 5/18 started: cases/alcohol/refinement/relationships/window-0000/proposal
Call 5/18: response_received
Call 6/18 started: cases/alcohol/refinement/relationships/window-0000/challenge
Call 6/18: response_received
Call 7/18 started: cases/alcohol/refinement/final-audit/inventory
Call 7/18: response_received
Call 8/18 started: cases/alcohol/refinement/final-audit/comparison
Call 8/18: response_received
alcohol complete applied 2
Call 9/18 started: cases/rail-crossings/extraction
Call 9/18: response_received
Call 10/18 started: cases/rail-crossings/refinement/initial-audit/inventory
Call 10/18: response_received
Call 11/18 started: cases/rail-crossings/refinement/initial-audit/comparison
Call 11/18: response_received
Call 12/18 started: cases/rail-crossings/refinement/recovery/window-0000/proposal
Call 12/18: response_received
Call 13/18 started: cases/rail-crossings/refinement/relationships/window-0000/proposal
Call 13/18: response_received
Call 14/18 started: cases/rail-crossings/refinement/relationships/window-0000/challenge
Call 14/18: response_received
Call 15/18 started: cases/rail-crossings/refinement/final-audit/inventory
Call 15/18: response_received
Call 16/18 started: cases/rail-crossings/refinement/final-audit/comparison
Call 16/18: response_received
rail-crossings complete applied 5
