........................................................................ [ 12%]
........................................................................ [ 24%]
........................................................................ [ 36%]
........................................................................ [ 49%]
........................................................................ [ 61%]
........................................................................ [ 73%]
........................................................................ [ 86%]
........................................................................ [ 98%]
.........                                                                [100%]
=============================== warnings summary ===============================
tests/test_audit.py: 27 warnings
tests/test_compound_evidence.py: 8 warnings
tests/test_core.py: 10 warnings
tests/test_enrichment.py: 45 warnings
tests/test_exemption_links.py: 4 warnings
tests/test_extraction.py: 80 warnings
tests/test_meaning.py: 5 warnings
tests/test_refinement.py: 42 warnings
tests/test_review_http.py: 2 warnings
tests/test_review_reprocessing.py: 6 warnings
tests/test_review_store.py: 2 warnings
tests/test_runtime_readers.py: 8 warnings
tests/test_terms.py: 4 warnings
tests/test_uslm.py: 1 warning
  /Users/mikewolfd/Work/rulespec/.tools/reference-integration-20260911-compilations/lib/python3.12/site-packages/rdflib/plugins/parsers/jsonld.py:159: DeprecationWarning: ConjunctiveGraph is deprecated, use Dataset instead.
    conj_sink = ConjunctiveGraph(store=sink.store, identifier=sink.identifier)

tests/test_audit.py::test_missing_alternative_is_visible_despite_complete_processing_and_exact_quote[settings0]
  /Users/mikewolfd/Work/rulespec/.tools/reference-integration-20260911-compilations/lib/python3.12/site-packages/rdflib/plugins/sparql/parser.py:173: PyparsingDeprecationWarning: 'setParseAction' deprecated - use 'set_parse_action'
    IRIREF.setParseAction(lambda x: rdflib.URIRef(x[0]))

tests/test_audit.py: 206 warnings
  /Users/mikewolfd/Work/rulespec/.tools/reference-integration-20260911-compilations/lib/python3.12/site-packages/rdflib/plugins/sparql/parserutils.py:129: PyparsingDeprecationWarning: 'setName' deprecated - use 'set_name'
    self.setName(name)

tests/test_audit.py: 206 warnings
  /Users/mikewolfd/Work/rulespec/.tools/reference-integration-20260911-compilations/lib/python3.12/site-packages/rdflib/plugins/sparql/parserutils.py:130: PyparsingDeprecationWarning: 'addParseAction' deprecated - use 'add_parse_action'
    self.addParseAction(self.postParse2)

tests/test_audit.py::test_missing_alternative_is_visible_despite_complete_processing_and_exact_quote[settings0]
  /Users/mikewolfd/Work/rulespec/.tools/reference-integration-20260911-compilations/lib/python3.12/site-packages/rdflib/plugins/sparql/parser.py:212: PyparsingDeprecationWarning: 'leaveWhitespace' deprecated - use 'leave_whitespace'
    PNAME_NS = Optional(Param("prefix", PN_PREFIX)) + Suppress(":").leaveWhitespace()

tests/test_audit.py::test_missing_alternative_is_visible_despite_complete_processing_and_exact_quote[settings0]
  /Users/mikewolfd/Work/rulespec/.tools/reference-integration-20260911-compilations/lib/python3.12/site-packages/rdflib/plugins/sparql/parser.py:245: PyparsingDeprecationWarning: 'leaveWhitespace' deprecated - use 'leave_whitespace'
    PNAME_LN = PNAME_NS + Param("localname", PN_LOCAL.leaveWhitespace())

tests/test_audit.py::test_missing_alternative_is_visible_despite_complete_processing_and_exact_quote[settings0]
  /Users/mikewolfd/Work/rulespec/.tools/reference-integration-20260911-compilations/lib/python3.12/site-packages/rdflib/plugins/sparql/parser.py:252: PyparsingDeprecationWarning: 'setParseAction' deprecated - use 'set_parse_action'
    BLANK_NODE_LABEL.setParseAction(lambda x: rdflib.BNode(x[0][2:]))

tests/test_audit.py::test_missing_alternative_is_visible_despite_complete_processing_and_exact_quote[settings0]
  /Users/mikewolfd/Work/rulespec/.tools/reference-integration-20260911-compilations/lib/python3.12/site-packages/rdflib/plugins/sparql/parser.py:273: PyparsingDeprecationWarning: 'setParseAction' deprecated - use 'set_parse_action'
    INTEGER.setParseAction(lambda x: rdflib.Literal(x[0], datatype=rdflib.XSD.integer))

tests/test_audit.py::test_missing_alternative_is_visible_despite_complete_processing_and_exact_quote[settings0]
  /Users/mikewolfd/Work/rulespec/.tools/reference-integration-20260911-compilations/lib/python3.12/site-packages/rdflib/plugins/sparql/parser.py:281: PyparsingDeprecationWarning: 'setParseAction' deprecated - use 'set_parse_action'
    DECIMAL.setParseAction(lambda x: rdflib.Literal(x[0], datatype=rdflib.XSD.decimal))

tests/test_audit.py::test_missing_alternative_is_visible_despite_complete_processing_and_exact_quote[settings0]
  /Users/mikewolfd/Work/rulespec/.tools/reference-integration-20260911-compilations/lib/python3.12/site-packages/rdflib/plugins/sparql/parser.py:286: PyparsingDeprecationWarning: 'setParseAction' deprecated - use 'set_parse_action'
    DOUBLE.setParseAction(lambda x: rdflib.Literal(x[0], datatype=rdflib.XSD.double))

tests/test_audit.py::test_missing_alternative_is_visible_despite_complete_processing_and_exact_quote[settings0]
  /Users/mikewolfd/Work/rulespec/.tools/reference-integration-20260911-compilations/lib/python3.12/site-packages/rdflib/plugins/sparql/parser.py:290: PyparsingDeprecationWarning: 'leaveWhitespace' deprecated - use 'leave_whitespace'
    INTEGER_POSITIVE = Suppress("+") + INTEGER.copy().leaveWhitespace()

tests/test_audit.py::test_missing_alternative_is_visible_despite_complete_processing_and_exact_quote[settings0]
  /Users/mikewolfd/Work/rulespec/.tools/reference-integration-20260911-compilations/lib/python3.12/site-packages/rdflib/plugins/sparql/parser.py:291: PyparsingDeprecationWarning: 'setParseAction' deprecated - use 'set_parse_action'
    INTEGER_POSITIVE.setParseAction(

tests/test_audit.py::test_missing_alternative_is_visible_despite_complete_processing_and_exact_quote[settings0]
  /Users/mikewolfd/Work/rulespec/.tools/reference-integration-20260911-compilations/lib/python3.12/site-packages/rdflib/plugins/sparql/parser.py:296: PyparsingDeprecationWarning: 'leaveWhitespace' deprecated - use 'leave_whitespace'
    DECIMAL_POSITIVE = Suppress("+") + DECIMAL.copy().leaveWhitespace()

tests/test_audit.py::test_missing_alternative_is_visible_despite_complete_processing_and_exact_quote[settings0]
  /Users/mikewolfd/Work/rulespec/.tools/reference-integration-20260911-compilations/lib/python3.12/site-packages/rdflib/plugins/sparql/parser.py:299: PyparsingDeprecationWarning: 'leaveWhitespace' deprecated - use 'leave_whitespace'
    DOUBLE_POSITIVE = Suppress("+") + DOUBLE.copy().leaveWhitespace()

tests/test_audit.py::test_missing_alternative_is_visible_despite_complete_processing_and_exact_quote[settings0]
  /Users/mikewolfd/Work/rulespec/.tools/reference-integration-20260911-compilations/lib/python3.12/site-packages/rdflib/plugins/sparql/parser.py:302: PyparsingDeprecationWarning: 'leaveWhitespace' deprecated - use 'leave_whitespace'
    INTEGER_NEGATIVE = Suppress("-") + INTEGER.copy().leaveWhitespace()

tests/test_audit.py::test_missing_alternative_is_visible_despite_complete_processing_and_exact_quote[settings0]
  /Users/mikewolfd/Work/rulespec/.tools/reference-integration-20260911-compilations/lib/python3.12/site-packages/rdflib/plugins/sparql/parser.py:303: PyparsingDeprecationWarning: 'setParseAction' deprecated - use 'set_parse_action'
    INTEGER_NEGATIVE.setParseAction(lambda x: neg(x[0]))

tests/test_audit.py::test_missing_alternative_is_visible_despite_complete_processing_and_exact_quote[settings0]
  /Users/mikewolfd/Work/rulespec/.tools/reference-integration-20260911-compilations/lib/python3.12/site-packages/rdflib/plugins/sparql/parser.py:306: PyparsingDeprecationWarning: 'leaveWhitespace' deprecated - use 'leave_whitespace'
    DECIMAL_NEGATIVE = Suppress("-") + DECIMAL.copy().leaveWhitespace()

tests/test_audit.py::test_missing_alternative_is_visible_despite_complete_processing_and_exact_quote[settings0]
  /Users/mikewolfd/Work/rulespec/.tools/reference-integration-20260911-compilations/lib/python3.12/site-packages/rdflib/plugins/sparql/parser.py:307: PyparsingDeprecationWarning: 'setParseAction' deprecated - use 'set_parse_action'
    DECIMAL_NEGATIVE.setParseAction(lambda x: neg(x[0]))

tests/test_audit.py::test_missing_alternative_is_visible_despite_complete_processing_and_exact_quote[settings0]
  /Users/mikewolfd/Work/rulespec/.tools/reference-integration-20260911-compilations/lib/python3.12/site-packages/rdflib/plugins/sparql/parser.py:310: PyparsingDeprecationWarning: 'leaveWhitespace' deprecated - use 'leave_whitespace'
    DOUBLE_NEGATIVE = Suppress("-") + DOUBLE.copy().leaveWhitespace()

tests/test_audit.py::test_missing_alternative_is_visible_despite_complete_processing_and_exact_quote[settings0]
  /Users/mikewolfd/Work/rulespec/.tools/reference-integration-20260911-compilations/lib/python3.12/site-packages/rdflib/plugins/sparql/parser.py:311: PyparsingDeprecationWarning: 'setParseAction' deprecated - use 'set_parse_action'
    DOUBLE_NEGATIVE.setParseAction(lambda x: neg(x[0]))

tests/test_audit.py::test_missing_alternative_is_visible_despite_complete_processing_and_exact_quote[settings0]
  /Users/mikewolfd/Work/rulespec/.tools/reference-integration-20260911-compilations/lib/python3.12/site-packages/rdflib/plugins/sparql/parser.py:321: PyparsingDeprecationWarning: 'setParseAction' deprecated - use 'set_parse_action'
    STRING_LITERAL_LONG1.setParseAction(

tests/test_audit.py::test_missing_alternative_is_visible_despite_complete_processing_and_exact_quote[settings0]
  /Users/mikewolfd/Work/rulespec/.tools/reference-integration-20260911-compilations/lib/python3.12/site-packages/rdflib/plugins/sparql/parser.py:329: PyparsingDeprecationWarning: 'setParseAction' deprecated - use 'set_parse_action'
    STRING_LITERAL_LONG2.setParseAction(

tests/test_audit.py::test_missing_alternative_is_visible_despite_complete_processing_and_exact_quote[settings0]
  /Users/mikewolfd/Work/rulespec/.tools/reference-integration-20260911-compilations/lib/python3.12/site-packages/rdflib/plugins/sparql/parser.py:338: PyparsingDeprecationWarning: 'setParseAction' deprecated - use 'set_parse_action'
    STRING_LITERAL1.setParseAction(

tests/test_audit.py::test_missing_alternative_is_visible_despite_complete_processing_and_exact_quote[settings0]
  /Users/mikewolfd/Work/rulespec/.tools/reference-integration-20260911-compilations/lib/python3.12/site-packages/rdflib/plugins/sparql/parser.py:347: PyparsingDeprecationWarning: 'setParseAction' deprecated - use 'set_parse_action'
    STRING_LITERAL2.setParseAction(

tests/test_audit.py::test_missing_alternative_is_visible_despite_complete_processing_and_exact_quote[settings0]
  /Users/mikewolfd/Work/rulespec/.tools/reference-integration-20260911-compilations/lib/python3.12/site-packages/rdflib/plugins/sparql/parser.py:353: PyparsingDeprecationWarning: 'setParseAction' deprecated - use 'set_parse_action'
    NIL.setParseAction(lambda x: rdflib.RDF.nil)

tests/test_audit.py::test_missing_alternative_is_visible_despite_complete_processing_and_exact_quote[settings0]
  /Users/mikewolfd/Work/rulespec/.tools/reference-integration-20260911-compilations/lib/python3.12/site-packages/rdflib/plugins/sparql/parser.py:360: PyparsingDeprecationWarning: 'setParseAction' deprecated - use 'set_parse_action'
    ANON.setParseAction(lambda x: rdflib.BNode())

tests/test_audit.py::test_missing_alternative_is_visible_despite_complete_processing_and_exact_quote[settings0]
  /Users/mikewolfd/Work/rulespec/.tools/reference-integration-20260911-compilations/lib/python3.12/site-packages/rdflib/plugins/sparql/parser.py:364: PyparsingDeprecationWarning: 'setParseAction' deprecated - use 'set_parse_action'
    A.setParseAction(lambda x: rdflib.RDF.type)

tests/test_audit.py: 126 warnings
  /Users/mikewolfd/Work/rulespec/.tools/reference-integration-20260911-compilations/lib/python3.12/site-packages/rdflib/plugins/sparql/parserutils.py:239: PyparsingDeprecationWarning: 'setName' deprecated - use 'set_name'
    self.setName(name)

tests/test_audit.py::test_missing_alternative_is_visible_despite_complete_processing_and_exact_quote[settings0]
  /Users/mikewolfd/Work/rulespec/.tools/reference-integration-20260911-compilations/lib/python3.12/site-packages/rdflib/plugins/sparql/parser.py:380: PyparsingDeprecationWarning: 'setParseAction' deprecated - use 'set_parse_action'
    Var.setParseAction(lambda x: rdflib.term.Variable(x[0]))

tests/test_audit.py::test_missing_alternative_is_visible_despite_complete_processing_and_exact_quote[settings0]
  /Users/mikewolfd/Work/rulespec/.tools/reference-integration-20260911-compilations/lib/python3.12/site-packages/rdflib/plugins/sparql/parser.py:397: PyparsingDeprecationWarning: 'leaveWhitespace' deprecated - use 'leave_whitespace'
    Param("lang", LANGTAG.leaveWhitespace())

tests/test_audit.py::test_missing_alternative_is_visible_despite_complete_processing_and_exact_quote[settings0]
tests/test_audit.py::test_missing_alternative_is_visible_despite_complete_processing_and_exact_quote[settings0]
  /Users/mikewolfd/Work/rulespec/.tools/reference-integration-20260911-compilations/lib/python3.12/site-packages/rdflib/plugins/sparql/parser.py:398: PyparsingDeprecationWarning: 'leaveWhitespace' deprecated - use 'leave_whitespace'
    | Literal("^^").leaveWhitespace() + Param("datatype", iri).leaveWhitespace()

tests/test_audit.py::test_missing_alternative_is_visible_despite_complete_processing_and_exact_quote[settings0]
  /Users/mikewolfd/Work/rulespec/.tools/reference-integration-20260911-compilations/lib/python3.12/site-packages/rdflib/plugins/sparql/parser.py:417: PyparsingDeprecationWarning: 'setParseAction' deprecated - use 'set_parse_action'
    BooleanLiteral = Keyword("true").setParseAction(lambda: rdflib.Literal(True)) | Keyword(

tests/test_audit.py::test_missing_alternative_is_visible_despite_complete_processing_and_exact_quote[settings0]
  /Users/mikewolfd/Work/rulespec/.tools/reference-integration-20260911-compilations/lib/python3.12/site-packages/rdflib/plugins/sparql/parser.py:419: PyparsingDeprecationWarning: 'setParseAction' deprecated - use 'set_parse_action'
    ).setParseAction(lambda: rdflib.Literal(False))

tests/test_audit.py::test_missing_alternative_is_visible_despite_complete_processing_and_exact_quote[settings0]
  /Users/mikewolfd/Work/rulespec/.tools/reference-integration-20260911-compilations/lib/python3.12/site-packages/rdflib/plugins/sparql/parser.py:505: PyparsingDeprecationWarning: 'leaveWhitespace' deprecated - use 'leave_whitespace'
    Param("part", PathPrimary) + Optional(Param("mod", PathMod.leaveWhitespace())),

tests/test_audit.py::test_missing_alternative_is_visible_despite_complete_processing_and_exact_quote[settings0]
  /Users/mikewolfd/Work/rulespec/.tools/reference-integration-20260911-compilations/lib/python3.12/site-packages/rdflib/plugins/sparql/parser.py:545: PyparsingDeprecationWarning: 'setParseAction' deprecated - use 'set_parse_action'
    Collection.setParseAction(expandCollection)

tests/test_audit.py::test_missing_alternative_is_visible_despite_complete_processing_and_exact_quote[settings0]
  /Users/mikewolfd/Work/rulespec/.tools/reference-integration-20260911-compilations/lib/python3.12/site-packages/rdflib/plugins/sparql/parser.py:549: PyparsingDeprecationWarning: 'setParseAction' deprecated - use 'set_parse_action'
    CollectionPath.setParseAction(expandCollection)

tests/test_audit.py::test_missing_alternative_is_visible_despite_complete_processing_and_exact_quote[settings0]
  /Users/mikewolfd/Work/rulespec/.tools/reference-integration-20260911-compilations/lib/python3.12/site-packages/rdflib/plugins/sparql/parser.py:576: PyparsingDeprecationWarning: 'setParseAction' deprecated - use 'set_parse_action'
    BlankNodePropertyList.setParseAction(expandBNodeTriples)

tests/test_audit.py::test_missing_alternative_is_visible_despite_complete_processing_and_exact_quote[settings0]
  /Users/mikewolfd/Work/rulespec/.tools/reference-integration-20260911-compilations/lib/python3.12/site-packages/rdflib/plugins/sparql/parser.py:582: PyparsingDeprecationWarning: 'setParseAction' deprecated - use 'set_parse_action'
    BlankNodePropertyListPath.setParseAction(expandBNodeTriples)

tests/test_audit.py::test_missing_alternative_is_visible_despite_complete_processing_and_exact_quote[settings0]
  /Users/mikewolfd/Work/rulespec/.tools/reference-integration-20260911-compilations/lib/python3.12/site-packages/rdflib/plugins/sparql/parser.py:592: PyparsingDeprecationWarning: 'setParseAction' deprecated - use 'set_parse_action'
    TriplesSameSubject.setParseAction(expandTriples)

tests/test_audit.py::test_missing_alternative_is_visible_despite_complete_processing_and_exact_quote[settings0]
  /Users/mikewolfd/Work/rulespec/.tools/reference-integration-20260911-compilations/lib/python3.12/site-packages/rdflib/plugins/sparql/parser.py:632: PyparsingDeprecationWarning: 'setParseAction' deprecated - use 'set_parse_action'
    TriplesSameSubjectPath.setParseAction(expandTriples)

tests/test_audit.py::test_missing_alternative_is_visible_despite_complete_processing_and_exact_quote[settings0]
  /Users/mikewolfd/Work/rulespec/.tools/reference-integration-20260911-compilations/lib/python3.12/site-packages/rdflib/plugins/sparql/parser.py:657: PyparsingDeprecationWarning: 'delimitedList' deprecated - use 'DelimitedList'
    ExpressionList = NIL | Group(Suppress("(") + delimitedList(Expression) + Suppress(")"))

tests/test_audit.py::test_missing_alternative_is_visible_despite_complete_processing_and_exact_quote[settings0]
  /Users/mikewolfd/Work/rulespec/.tools/reference-integration-20260911-compilations/lib/python3.12/site-packages/rdflib/plugins/sparql/parser.py:1018: PyparsingDeprecationWarning: 'delimitedList' deprecated - use 'DelimitedList'
    + delimitedList(ParamList("expr", Expression))

tests/test_audit.py: 364 warnings
tests/test_compound_evidence.py: 120 warnings
tests/test_core.py: 312 warnings
tests/test_enrichment.py: 735 warnings
tests/test_exemption_links.py: 56 warnings
tests/test_extraction.py: 936 warnings
tests/test_meaning.py: 342 warnings
tests/test_refinement.py: 450 warnings
tests/test_review_http.py: 28 warnings
tests/test_review_reprocessing.py: 143 warnings
tests/test_review_store.py: 230 warnings
tests/test_runtime_readers.py: 104 warnings
tests/test_terms.py: 77 warnings
tests/test_uslm.py: 76 warnings
  /Users/mikewolfd/Work/rulespec/.tools/reference-integration-20260911-compilations/lib/python3.12/site-packages/rdflib/plugins/sparql/parser.py:1553: PyparsingDeprecationWarning: 'parseString' deprecated - use 'parse_string'
    return Query.parseString(q, parseAll=True)

tests/test_audit.py: 364 warnings
tests/test_compound_evidence.py: 120 warnings
tests/test_core.py: 312 warnings
tests/test_enrichment.py: 735 warnings
tests/test_exemption_links.py: 56 warnings
tests/test_extraction.py: 936 warnings
tests/test_meaning.py: 342 warnings
tests/test_refinement.py: 450 warnings
tests/test_review_http.py: 28 warnings
tests/test_review_reprocessing.py: 143 warnings
tests/test_review_store.py: 230 warnings
tests/test_runtime_readers.py: 104 warnings
tests/test_terms.py: 77 warnings
tests/test_uslm.py: 76 warnings
  /Users/mikewolfd/Work/rulespec/.tools/reference-integration-20260911-compilations/lib/python3.12/site-packages/pyparsing/util.py:466: PyparsingDeprecationWarning: 'parseAll' argument is deprecated, use 'parse_all'
    return fn(self, *args, **kwargs)

tests/test_compound_evidence.py: 132 warnings
tests/test_enrichment.py: 970 warnings
  /Users/mikewolfd/Work/rulespec/.tools/reference-integration-20260911-compilations/lib/python3.12/site-packages/rdflib/graph.py:2205: DeprecationWarning: Dataset.default_context is deprecated, use Dataset.default_graph instead.
    c = self.default_context if default else None

tests/test_compound_evidence.py: 66 warnings
tests/test_enrichment.py: 485 warnings
  /Users/mikewolfd/Work/rulespec/.tools/reference-integration-20260911-compilations/lib/python3.12/site-packages/rdfcanon/main.py:170: DeprecationWarning: Dataset.default_context is deprecated, use Dataset.default_graph instead.
    if graph == self.dataset.default_context.identifier:

tests/test_compound_evidence.py: 66 warnings
tests/test_enrichment.py: 485 warnings
  /Users/mikewolfd/Work/rulespec/.tools/reference-integration-20260911-compilations/lib/python3.12/site-packages/rdflib/plugins/serializers/nquads.py:41: DeprecationWarning: Dataset.contexts is deprecated, use Dataset.graphs instead.
    for context in self.store.contexts():

-- Docs: https://docs.pytest.org/en/stable/how-to/capture-warnings.html
585 passed, 10971 warnings in 65.74s (0:01:05)
