{
  "contiguous_court_cases": 9,
  "correct_new_locators": 9,
  "opinions_scanned": 68,
  "changed_opinions": 2,
  "removed_cfr_readings": 9,
  "added_cfr_readings": 0,
  "new_corpus_compilations": 9,
  "xml_candidate_kinds": {
    "publisher_reference": 12,
    "eo_compilation": 2
  },
  "page_boundary_compilations": 0,
  "model_calls": 0,
  "limits": [
    "Selected development cases, not general accuracy rates.",
    "Interrupted PDF citation remains unresolved.",
    "AuthorityCitation remains partial and omits range ends; occurrence API and application exports retain them."
  ]
}
