WARN `--no-project` was provided, but no project was found
{
  "checks": {
    "all_native_readings_preserved": true,
    "shared_discovery_evidence_unchanged": true,
    "independent_containment_oracle_agrees": true,
    "declared_control_passes": true,
    "four_real_associations_added": true
  },
  "sources": [
    {
      "id": "title-05-s423",
      "associated_a": 16,
      "associated_b": 18,
      "separate_b": 0,
      "all_native_readings_preserved": true,
      "shared_discovery_evidence_unchanged": true,
      "independent_containment_oracle_agrees": true,
      "declared_control_passes": true
    },
    {
      "id": "title-42-s242c",
      "associated_a": 33,
      "associated_b": 34,
      "separate_b": 0,
      "all_native_readings_preserved": true,
      "shared_discovery_evidence_unchanged": true,
      "independent_containment_oracle_agrees": true,
      "declared_control_passes": true
    },
    {
      "id": "fresh-title-05-pair",
      "associated_a": 24,
      "associated_b": 25,
      "separate_b": 1,
      "all_native_readings_preserved": true,
      "shared_discovery_evidence_unchanged": true,
      "independent_containment_oracle_agrees": true,
      "declared_control_passes": true
    }
  ]
}
