{
  "credit_pairs_eligible": 6569,
  "credit_pairs_examined": 6569,
  "single_outside_pairs_eligible": 562243,
  "single_outside_pairs_examined": 1000,
  "publication_pairs": 608,
  "distinct_examined": 8174
}
Accepted despite multiple source-credit targets: 29
defense against weapons of mass destruction act of 1996 1416 urn:rkaf:us:usc:50:2316 (2623, 2763) [{'usc_title': '50', 'usc_section': '2316', 'status': None, 'statutes_at_large_page': 2721}] [('10', '282'), ('18', '175a')]
department of defense civilian intelligence personnel policy act of 1996 1416 urn:rkaf:us:usc:50:2316 (2623, 2763) [{'usc_title': '50', 'usc_section': '2316', 'status': None, 'statutes_at_large_page': 2721}] [('10', '282'), ('18', '175a')]
department of veterans affairs information technology reform act of 2022 403 urn:rkaf:us:usc:15:8006 (5404, 5497) [{'usc_title': '15', 'usc_section': '8006', 'status': None, 'statutes_at_large_page': 5563}] [('38', '8171'), ('38', '8172'), ('38', '8173'), ('38', '8174'), ('38', '8175')]
disaster recovery workforce act 703 urn:rkaf:us:usc:22:2651a (3182, 3226) [{'usc_title': '22', 'usc_section': '2651a', 'status': None, 'statutes_at_large_page': 3070}] [('54', '308104'), ('54', '308105')]
energy act of 2020 8004 urn:rkaf:us:usc:22:2346d (2418, 2615) [{'usc_title': '22', 'usc_section': '2346d', 'status': None, 'statutes_at_large_page': 1816}] [('42', '16236'), ('42', '17014')]
european energy security and diversification act of 2019 703 urn:rkaf:us:usc:22:2651a (3182, 3226) [{'usc_title': '22', 'usc_section': '2651a', 'status': None, 'statutes_at_large_page': 3070}] [('54', '308104'), ('54', '308105')]
family first transition act 404 urn:rkaf:us:usc:26:6103 (3116, 3137) [{'usc_title': '26', 'usc_section': '6103', 'status': None, 'statutes_at_large_page': 3180}] [('42', '247b-23'), ('42', '300hh-32')]
federal employee travel reform act of 1996 1416 urn:rkaf:us:usc:50:2316 (2623, 2763) [{'usc_title': '50', 'usc_section': '2316', 'status': None, 'statutes_at_large_page': 2721}] [('10', '282'), ('18', '175a')]
Retained narrowed page rows: 33
{'source': 'table3_bulk_xml', 'reason': 'statutes_at_large_page_span_narrowed', 'table3_key': '104-208', 'raw_value': '2451 -> 3009-454'}
{'source': 'table3_bulk_xml', 'reason': 'statutes_at_large_page_span_narrowed', 'table3_key': '104-208', 'raw_value': '2451 -> 3009-455'}
{'source': 'table3_bulk_xml', 'reason': 'statutes_at_large_page_span_narrowed', 'table3_key': '104-208', 'raw_value': '2451 -> 3009-455'}
{'source': 'table3_bulk_xml', 'reason': 'statutes_at_large_page_span_narrowed', 'table3_key': '104-208', 'raw_value': '2451 -> 3009-456'}
{'source': 'table3_bulk_xml', 'reason': 'statutes_at_large_page_span_narrowed', 'table3_key': '104-208', 'raw_value': '2451 -> 3009-457'}
{'source': 'table3_bulk_xml', 'reason': 'statutes_at_large_page_span_narrowed', 'table3_key': '104-208', 'raw_value': '2451 -> 3009-458'}
{'source': 'table3_bulk_xml', 'reason': 'statutes_at_large_page_span_narrowed', 'table3_key': '104-208', 'raw_value': '2451 -> 3009-459'}
{'source': 'table3_bulk_xml', 'reason': 'statutes_at_large_page_span_narrowed', 'table3_key': '104-208', 'raw_value': '2451 -> 3009-459'}
{'source': 'table3_bulk_xml', 'reason': 'statutes_at_large_page_span_narrowed', 'table3_key': '104-208', 'raw_value': '2451 -> 3009-459'}
{'source': 'table3_bulk_xml', 'reason': 'statutes_at_large_page_span_narrowed', 'table3_key': '104-208', 'raw_value': '2451 -> 3009-460'}
{'source': 'table3_bulk_xml', 'reason': 'statutes_at_large_page_span_narrowed', 'table3_key': '104-208', 'raw_value': '2451 -> 3009-461'}
{'source': 'table3_bulk_xml', 'reason': 'statutes_at_large_page_span_narrowed', 'table3_key': '104-208', 'raw_value': '2451 -> 3009-462'}
Native outcomes: {'usc_section_not_expressible': 447, 'table3': 894, 'classification_not_current': 81, 'source_credits': 4459, 'both': 892, 'act_section_not_classified': 1103, 'act_section_ambiguous': 215, 'sources_disagree': 58, 'act_section_outside_act': 22, 'act_alias_target_not_listed': 2, 'act_not_in_index': 1}
