{
  "page_only": {
    "outcomes": {
      "act_section_outside_act": 1033,
      "table3": 377,
      "usc_section_not_expressible": 28,
      "source_credits": 4500,
      "both": 882,
      "act_section_not_classified": 1103,
      "act_section_ambiguous": 215,
      "sources_disagree": 27,
      "classification_not_current": 6,
      "act_alias_target_not_listed": 2,
      "act_not_in_index": 1
    },
    "changed_pairs": 1085,
    "selected_plural_answers": 7
  },
  "plural_only": {
    "outcomes": {
      "usc_section_not_expressible": 447,
      "table3": 865,
      "classification_not_current": 81,
      "source_credits": 4459,
      "both": 892,
      "act_section_not_classified": 1103,
      "act_section_ambiguous": 244,
      "sources_disagree": 58,
      "act_section_outside_act": 22,
      "act_alias_target_not_listed": 2,
      "act_not_in_index": 1
    },
    "changed_pairs": 29,
    "selected_plural_answers": 0
  },
  "combined": {
    "outcomes": {
      "act_section_outside_act": 1033,
      "table3": 370,
      "usc_section_not_expressible": 28,
      "source_credits": 4500,
      "both": 882,
      "act_section_not_classified": 1103,
      "act_section_ambiguous": 222,
      "sources_disagree": 27,
      "classification_not_current": 6,
      "act_alias_target_not_listed": 2,
      "act_not_in_index": 1
    },
    "changed_pairs": 1092,
    "selected_plural_answers": 0
  }
}
Violations: []
