Using Python 3.12.13 environment at: .tools/search-020-qualification
Resolved 107 packages in 672ms
Downloading botocore (15.1MiB)
Downloading google-genai (1.1MiB)
Downloading pandas (9.6MiB)
 Downloaded google-genai
 Downloaded pandas
 Downloaded botocore
Prepared 25 packages in 1.64s
Installed 107 packages in 387ms
 + absl-py==2.5.0
 + aiohappyeyeballs==2.7.1
 + aiohttp==3.14.3
 + aiosignal==1.4.0
 + annotated-types==0.8.0
 + anyio==4.15.1
 + async-timeout==5.0.1
 + attrs==26.1.0
 + backports-zstd==1.6.0
 + boto3==1.43.98
 + botocore==1.43.98
 + cachetools==7.2.0
 + certifi==2026.7.22
 + cffi==2.1.1
 + charset-normalizer==3.5.1
 + click==8.5.0
 + cryptography==50.0.1
 + distro==1.9.0
 + docspec==0.7.0 (from file:///Users/mikewolfd/Work/spicy-stack/spicysearch/vendor/docspec-0.7.0-py3-none-any.whl)
 + duckdb==1.5.5
 + et-xmlfile==2.0.0
 + exceptiongroup==1.3.1
 + frozenlist==1.8.0
 + fsspec==2026.9.0
 + google-api-core==2.38.0
 + google-auth==2.58.0
 + google-cloud-core==2.7.0
 + google-cloud-storage==3.14.1
 + google-crc32c==1.8.0
 + google-genai==2.24.0
 + google-resumable-media==2.10.2
 + googleapis-common-protos==1.75.3
 + h11==0.16.0
 + html5rdf==1.2.1
 + httpcore==1.0.9
 + httpx==0.28.1
 + idna==3.20
 + iniconfig==2.3.0
 + jmespath==1.1.0
 + jsonschema==4.26.0
 + jsonschema-rs==0.56.0
 + jsonschema-specifications==2025.9.1
 + langextract==1.6.0
 + loguru==0.7.3
 + markdown-it-py==4.2.0
 + mdurl==0.1.2
 + ml-collections==1.1.0
 + mmh3==5.3.0
 + more-itertools==11.1.0
 + msgspec==0.21.1
 + multidict==6.9.0
 + numpy==2.5.3
 + openpyxl==3.1.5
 + opentelemetry-api==1.44.0
 + owlrl==7.1.4
 + packaging==26.3
 + pandas==3.0.6
 + pluggy==1.6.0
 + prettytable==3.18.0
 + propcache==0.5.4
 + proto-plus==1.28.4
 + protobuf==7.36.2
 + pyarrow==25.0.1
 + pyasn1==0.6.4
 + pyasn1-modules==0.4.2
 + pycparser==3.0
 + pydantic==2.13.5
 + pydantic-core==2.46.5
 + pygments==2.21.0
 + pyiceberg==0.12.0
 + pymarc==5.4.0
 + pyparsing==3.3.3
 + pypdf==6.19.0
 + pyroaring==1.1.0
 + pyshacl==0.31.0
 + pytest==9.1.1
 + python-dateutil==2.9.0.post0
 + python-dotenv==1.2.3
 + pyyaml==6.0.3
 + rdfcanon==1.0.0
 + rdflib==7.5.0
 + referencing==0.37.0
 + refspec==0.1.0.dev11 (from file:///Users/mikewolfd/Work/spicy-stack/spicysearch/vendor/refspec-0.1.0.dev11-py3-none-any.whl)
 + regex==2026.9.10
 + requests==2.34.2
 + rich==15.0.0
 + rpds-py==2026.6.3
 + rulespec-artifacts==1.0.12 (from file:///Users/mikewolfd/Work/spicy-stack/spicysearch/vendor/rulespec_artifacts-1.0.12-py3-none-any.whl)
 + rulespec-conformance==0.2.0rc18 (from file:///Users/mikewolfd/Work/spicy-stack/spicysearch/vendor/rulespec_conformance-0.2.0rc18-py3-none-any.whl)
 + rulespec-extrapolator==0.1.0.dev0 (from file:///Users/mikewolfd/Work/spicy-stack-refactor-20260921/rulespec/dist/search-020-qualification/rulespec_extrapolator-0.1.0.dev0-py3-none-any.whl)
 + rulespec-projection==0.1.0 (from file:///Users/mikewolfd/Work/spicy-stack/rulespec/dist/citation-ownership-20260911/rulespec_projection-0.1.0-py3-none-any.whl)
 + s3transfer==0.19.2
 + six==1.17.0
 + sniffio==1.3.1
 + sortedcontainers==2.4.0
 + spicy-docs==0.20.0 (from file:///Users/mikewolfd/Work/spicy-stack/spicysearch/vendor/spicy_docs-0.20.0-py3-none-any.whl)
 + spicysearch==0.2.0 (from file:///Users/mikewolfd/Work/spicy-stack-refactor-20260921/spicysearch/dist/spicysearch-0.2.0-py3-none-any.whl)
 + strictyaml==1.7.3
 + tenacity==9.1.4
 + tqdm==4.70.1
 + typing-extensions==4.16.0
 + typing-inspection==0.4.4
 + urllib3==2.8.0
 + wcwidth==0.8.4
 + websockets==16.1.1
 + yarl==1.25.1
 + zstandard==0.25.0
