{"cell": "title-29-ch4B.1.A", "old_accepted": 27, "accepted": 28, "rejected": 0}
{"cell": "title-29-ch4B.1.B", "old_accepted": 22, "accepted": 23, "rejected": 0}
{"cell": "title-29-ch4B.2.B", "old_accepted": 16, "accepted": 17, "rejected": 0}
{"cell": "title-29-ch4B.2.A", "old_accepted": 21, "accepted": 22, "rejected": 0}
{"cell": "title-38-ch7.1.B", "old_accepted": 0, "accepted": 0, "rejected": 0}
{"cell": "title-38-ch7.1.A", "old_accepted": 26, "accepted": 50, "rejected": 0}
{"cell": "title-38-ch7.2.A", "old_accepted": 26, "accepted": 50, "rejected": 0}
{"cell": "title-38-ch7.2.B", "old_accepted": 25, "accepted": 49, "rejected": 0}
{"cell": "title-20-ch6A.1.A", "old_accepted": 15, "accepted": 24, "rejected": 2}
{"cell": "title-20-ch6A.1.B", "old_accepted": 15, "accepted": 24, "rejected": 2}
{"cell": "title-20-ch6A.2.B", "old_accepted": 15, "accepted": 24, "rejected": 2}
{"cell": "title-20-ch6A.2.A", "old_accepted": 16, "accepted": 25, "rejected": 1}
Traceback (most recent call last):
  File "/Users/mikewolfd/Work/rulespec/thoughts/experiments/2026-09-11-extraction-retention/verify.py", line 83, in <module>
    store = ReviewStore(copied)
            ^^^^^^^^^^^^^^^^^^^
  File "/Users/mikewolfd/Work/rulespec/thoughts/experiments/2026-09-11-extraction-retention/combined-application/rulespec_extrapolator/review_store.py", line 127, in __init__
    self._validated_graph(base_claims, [])
  File "/Users/mikewolfd/Work/rulespec/thoughts/experiments/2026-09-11-extraction-retention/combined-application/rulespec_extrapolator/review_store.py", line 217, in _validated_graph
    raise ReviewIntegrityError("Saved claim content disagrees with its immutable component assertion identities.")
rulespec_extrapolator.review_store.ReviewIntegrityError: Saved claim content disagrees with its immutable component assertion identities.
