{
  "new_query": {
    "A": {
      "all_selected_support": 6,
      "all_selected_support_uncapped": 6,
      "unique_chars": 6865,
      "repeated_quote_chars": 0,
      "budget_omissions": 2,
      "serialized_segments_bytes": 13490
    },
    "B": {
      "all_selected_support": 7,
      "all_selected_support_uncapped": 8,
      "unique_chars": 8854,
      "repeated_quote_chars": 13199,
      "budget_omissions": 19,
      "serialized_segments_bytes": 15506
    },
    "C": {
      "all_selected_support": 7,
      "all_selected_support_uncapped": 8,
      "unique_chars": 8940,
      "repeated_quote_chars": 13146,
      "budget_omissions": 21,
      "serialized_segments_bytes": 15314
    }
  },
  "historical_control": {
    "A": {
      "all_selected_support": 0,
      "all_selected_support_uncapped": 0,
      "unique_chars": 2576,
      "repeated_quote_chars": 0,
      "budget_omissions": 0,
      "serialized_segments_bytes": 5326
    },
    "B": {
      "all_selected_support": 3,
      "all_selected_support_uncapped": 3,
      "unique_chars": 4855,
      "repeated_quote_chars": 4705,
      "budget_omissions": 10,
      "serialized_segments_bytes": 7368
    },
    "C": {
      "all_selected_support": 3,
      "all_selected_support_uncapped": 3,
      "unique_chars": 4072,
      "repeated_quote_chars": 4678,
      "budget_omissions": 7,
      "serialized_segments_bytes": 7110
    }
  }
}
